Archive member included to satisfy reference by file (symbol)

/usr/arm-linux-gnueabihf/lib/libc_nonshared.a(elf-init.oS)
                              /usr/lib/gcc-cross/arm-linux-gnueabihf/6/../../../../arm-linux-gnueabihf/lib/../lib/crt1.o (__libc_csu_init)

As-needed library included to satisfy reference by file (symbol)

ld-linux-armhf.so.3           ./profiler_BBB.o (__stack_chk_guard@@GLIBC_2.4)

Discarded input sections

 .note.GNU-stack
                0x0000000000000000        0x0 /usr/lib/gcc-cross/arm-linux-gnueabihf/6/../../../../arm-linux-gnueabihf/lib/../lib/crt1.o
 .note.GNU-stack
                0x0000000000000000        0x0 /usr/lib/gcc-cross/arm-linux-gnueabihf/6/../../../../arm-linux-gnueabihf/lib/../lib/crti.o
 .note.GNU-stack
                0x0000000000000000        0x0 /usr/lib/gcc-cross/arm-linux-gnueabihf/6/crtbegin.o
 .note.GNU-stack
                0x0000000000000000        0x0 ./main.o
 .note.GNU-stack
                0x0000000000000000        0x0 ./memory.o
 .note.GNU-stack
                0x0000000000000000        0x0 ./memoryopt.o
 .note.GNU-stack
                0x0000000000000000        0x0 ./profiler_BBB.o
 .note.GNU-stack
                0x0000000000000000        0x0 ./project1.o
 .note.GNU-stack
                0x0000000000000000        0x0 /usr/arm-linux-gnueabihf/lib/libc_nonshared.a(elf-init.oS)
 .note.GNU-stack
                0x0000000000000000        0x0 /usr/lib/gcc-cross/arm-linux-gnueabihf/6/crtend.o
 .note.GNU-stack
                0x0000000000000000        0x0 /usr/lib/gcc-cross/arm-linux-gnueabihf/6/../../../../arm-linux-gnueabihf/lib/../lib/crtn.o

Memory Configuration

Name             Origin             Length             Attributes
*default*        0x0000000000000000 0xffffffffffffffff

Linker script and memory map

LOAD /usr/lib/gcc-cross/arm-linux-gnueabihf/6/../../../../arm-linux-gnueabihf/lib/../lib/crt1.o
LOAD /usr/lib/gcc-cross/arm-linux-gnueabihf/6/../../../../arm-linux-gnueabihf/lib/../lib/crti.o
LOAD /usr/lib/gcc-cross/arm-linux-gnueabihf/6/crtbegin.o
LOAD ./main.o
LOAD ./memory.o
LOAD ./memoryopt.o
LOAD ./profiler_BBB.o
LOAD ./project1.o
LOAD /usr/lib/gcc-cross/arm-linux-gnueabihf/6/libgcc.a
LOAD /usr/lib/gcc-cross/arm-linux-gnueabihf/6/libgcc_s.so
START GROUP
LOAD /usr/lib/gcc-cross/arm-linux-gnueabihf/6/libgcc_s.so.1
LOAD /usr/lib/gcc-cross/arm-linux-gnueabihf/6/libgcc.a
END GROUP
LOAD /usr/lib/gcc-cross/arm-linux-gnueabihf/6/../../../../arm-linux-gnueabihf/lib/../lib/libc.so
START GROUP
LOAD /usr/arm-linux-gnueabihf/lib/libc.so.6
LOAD /usr/arm-linux-gnueabihf/lib/libc_nonshared.a
LOAD /usr/arm-linux-gnueabihf/lib/ld-linux-armhf.so.3
END GROUP
LOAD /usr/lib/gcc-cross/arm-linux-gnueabihf/6/libgcc.a
LOAD /usr/lib/gcc-cross/arm-linux-gnueabihf/6/libgcc_s.so
START GROUP
LOAD /usr/lib/gcc-cross/arm-linux-gnueabihf/6/libgcc_s.so.1
LOAD /usr/lib/gcc-cross/arm-linux-gnueabihf/6/libgcc.a
END GROUP
LOAD /usr/lib/gcc-cross/arm-linux-gnueabihf/6/crtend.o
LOAD /usr/lib/gcc-cross/arm-linux-gnueabihf/6/../../../../arm-linux-gnueabihf/lib/../lib/crtn.o
                [!provide]                        PROVIDE (__executable_start, SEGMENT_START ("text-segment", 0x10000))
                0x0000000000010154                . = (SEGMENT_START ("text-segment", 0x10000) + SIZEOF_HEADERS)

.interp         0x0000000000010154       0x19
 *(.interp)
 .interp        0x0000000000010154       0x19 /usr/lib/gcc-cross/arm-linux-gnueabihf/6/../../../../arm-linux-gnueabihf/lib/../lib/crt1.o

.note.ABI-tag   0x0000000000010170       0x20
 .note.ABI-tag  0x0000000000010170       0x20 /usr/lib/gcc-cross/arm-linux-gnueabihf/6/../../../../arm-linux-gnueabihf/lib/../lib/crt1.o

.note.gnu.build-id
                0x0000000000010190       0x24
 *(.note.gnu.build-id)
 .note.gnu.build-id
                0x0000000000010190       0x24 linker stubs

.hash
 *(.hash)

.gnu.hash       0x00000000000101b4       0x44
 *(.gnu.hash)
 .gnu.hash      0x00000000000101b4       0x44 /usr/lib/gcc-cross/arm-linux-gnueabihf/6/../../../../arm-linux-gnueabihf/lib/../lib/crt1.o

.dynsym         0x00000000000101f8       0xa0
 *(.dynsym)
 .dynsym        0x00000000000101f8       0xa0 /usr/lib/gcc-cross/arm-linux-gnueabihf/6/../../../../arm-linux-gnueabihf/lib/../lib/crt1.o

.dynstr         0x0000000000010298       0x96
 *(.dynstr)
 .dynstr        0x0000000000010298       0x96 /usr/lib/gcc-cross/arm-linux-gnueabihf/6/../../../../arm-linux-gnueabihf/lib/../lib/crt1.o

.gnu.version    0x000000000001032e       0x14
 *(.gnu.version)
 .gnu.version   0x000000000001032e       0x14 /usr/lib/gcc-cross/arm-linux-gnueabihf/6/../../../../arm-linux-gnueabihf/lib/../lib/crt1.o

.gnu.version_d  0x0000000000010344        0x0
 *(.gnu.version_d)
 .gnu.version_d
                0x0000000000010344        0x0 /usr/lib/gcc-cross/arm-linux-gnueabihf/6/../../../../arm-linux-gnueabihf/lib/../lib/crt1.o

.gnu.version_r  0x0000000000010344       0x40
 *(.gnu.version_r)
 .gnu.version_r
                0x0000000000010344       0x40 /usr/lib/gcc-cross/arm-linux-gnueabihf/6/../../../../arm-linux-gnueabihf/lib/../lib/crt1.o

.rel.dyn        0x0000000000010384       0x10
 *(.rel.init)
 *(.rel.text .rel.text.* .rel.gnu.linkonce.t.*)
 *(.rel.fini)
 *(.rel.rodata .rel.rodata.* .rel.gnu.linkonce.r.*)
 *(.rel.data.rel.ro .rel.data.rel.ro.* .rel.gnu.linkonce.d.rel.ro.*)
 .rel.data.rel.ro
                0x0000000000010384        0x8 /usr/lib/gcc-cross/arm-linux-gnueabihf/6/../../../../arm-linux-gnueabihf/lib/../lib/crt1.o
 *(.rel.data .rel.data.* .rel.gnu.linkonce.d.*)
 *(.rel.tdata .rel.tdata.* .rel.gnu.linkonce.td.*)
 *(.rel.tbss .rel.tbss.* .rel.gnu.linkonce.tb.*)
 *(.rel.ctors)
 *(.rel.dtors)
 *(.rel.got)
 .rel.got       0x000000000001038c        0x8 /usr/lib/gcc-cross/arm-linux-gnueabihf/6/../../../../arm-linux-gnueabihf/lib/../lib/crt1.o
 *(.rel.bss .rel.bss.* .rel.gnu.linkonce.b.*)
 .rel.bss       0x0000000000010394        0x0 /usr/lib/gcc-cross/arm-linux-gnueabihf/6/../../../../arm-linux-gnueabihf/lib/../lib/crt1.o
                [!provide]                        PROVIDE (__rel_iplt_start, .)
 *(.rel.iplt)
 .rel.iplt      0x0000000000010394        0x0 /usr/lib/gcc-cross/arm-linux-gnueabihf/6/../../../../arm-linux-gnueabihf/lib/../lib/crt1.o
                [!provide]                        PROVIDE (__rel_iplt_end, .)

.rela.dyn       0x0000000000010394        0x0
 *(.rela.init)
 *(.rela.text .rela.text.* .rela.gnu.linkonce.t.*)
 *(.rela.fini)
 *(.rela.rodata .rela.rodata.* .rela.gnu.linkonce.r.*)
 *(.rela.data .rela.data.* .rela.gnu.linkonce.d.*)
 *(.rela.tdata .rela.tdata.* .rela.gnu.linkonce.td.*)
 *(.rela.tbss .rela.tbss.* .rela.gnu.linkonce.tb.*)
 *(.rela.ctors)
 *(.rela.dtors)
 *(.rela.got)
 *(.rela.bss .rela.bss.* .rela.gnu.linkonce.b.*)
                [!provide]                        PROVIDE (__rela_iplt_start, .)
 *(.rela.iplt)
                [!provide]                        PROVIDE (__rela_iplt_end, .)

.rel.plt        0x0000000000010394       0x40
 *(.rel.plt)
 .rel.plt       0x0000000000010394       0x40 /usr/lib/gcc-cross/arm-linux-gnueabihf/6/../../../../arm-linux-gnueabihf/lib/../lib/crt1.o

.rela.plt
 *(.rela.plt)

.init           0x00000000000103d4        0xc
 *(SORT(.init))
 .init          0x00000000000103d4        0x8 /usr/lib/gcc-cross/arm-linux-gnueabihf/6/../../../../arm-linux-gnueabihf/lib/../lib/crti.o
                0x00000000000103d4                _init
 .init          0x00000000000103dc        0x4 /usr/lib/gcc-cross/arm-linux-gnueabihf/6/../../../../arm-linux-gnueabihf/lib/../lib/crtn.o

.plt            0x00000000000103e0       0x74
 *(.plt)
 .plt           0x00000000000103e0       0x74 /usr/lib/gcc-cross/arm-linux-gnueabihf/6/../../../../arm-linux-gnueabihf/lib/../lib/crt1.o
                0x00000000000103f4                printf@@GLIBC_2.4
                0x0000000000010400                memmove@@GLIBC_2.4
                0x000000000001040c                __stack_chk_fail@@GLIBC_2.4
                0x0000000000010418                gettimeofday@@GLIBC_2.4
                0x0000000000010424                __libc_start_main@@GLIBC_2.4
                0x000000000001043c                memset@@GLIBC_2.4
                0x0000000000010448                abort@@GLIBC_2.4

.iplt           0x0000000000010454        0x0
 *(.iplt)
 .iplt          0x0000000000010454        0x0 /usr/lib/gcc-cross/arm-linux-gnueabihf/6/../../../../arm-linux-gnueabihf/lib/../lib/crt1.o

.text           0x0000000000010458     0x1100
 *(.text.unlikely .text.*_unlikely .text.unlikely.*)
 *(.text.exit .text.exit.*)
 *(.text.startup .text.startup.*)
 *(.text.hot .text.hot.*)
 *(.text .stub .text.* .gnu.linkonce.t.*)
 .text          0x0000000000010458       0x30 /usr/lib/gcc-cross/arm-linux-gnueabihf/6/../../../../arm-linux-gnueabihf/lib/../lib/crt1.o
                0x0000000000010458                _start
 .text          0x0000000000010488       0x24 /usr/lib/gcc-cross/arm-linux-gnueabihf/6/../../../../arm-linux-gnueabihf/lib/../lib/crti.o
 .text          0x00000000000104ac       0x8c /usr/lib/gcc-cross/arm-linux-gnueabihf/6/crtbegin.o
 .text          0x0000000000010538        0xe ./main.o
                0x0000000000010538                main
 .text          0x0000000000010546      0x1c2 ./memory.o
                0x0000000000010546                my_memmove
                0x00000000000105f0                my_memset
                0x000000000001063e                my_memzero
                0x0000000000010688                my_reverse
 .text          0x0000000000010708       0xdc ./memoryopt.o
                0x0000000000010708                my_opt_memmove
                0x0000000000010768                my_opt_memset
                0x0000000000010784                my_opt_memzero
                0x00000000000107a0                my_opt_reverse
 *fill*         0x00000000000107e4        0x4 
 .text          0x00000000000107e8      0xd10 ./profiler_BBB.o
                0x00000000000107e8                getTimeMoveMem_std
                0x0000000000010880                profiler_BBB_std_library_memmove
                0x0000000000010a2c                getTimeMoveSet_std
                0x0000000000010ab8                profiler_BBB_std_library_memset
                0x0000000000010c48                getTimeMoveMem
                0x0000000000010cd8                profiler_BBB_non_DMA_memmove
                0x0000000000010e84                getTimeMoveSet
                0x0000000000010f10                profiler_BBB_non_DMA_memset
                0x00000000000110a0                getTimeMoveMemOPT
                0x0000000000011130                profiler_BBB_non_DMA_opt_memmove
                0x00000000000112dc                getTimeMoveSetOPT
                0x0000000000011368                profiler_BBB_non_DMA_OPT_memset
 .text          0x00000000000114f8       0x20 ./project1.o
                0x00000000000114f8                project1
 .text          0x0000000000011518       0x40 /usr/arm-linux-gnueabihf/lib/libc_nonshared.a(elf-init.oS)
                0x0000000000011518                __libc_csu_init
                0x0000000000011554                __libc_csu_fini
 .text          0x0000000000011558        0x0 /usr/lib/gcc-cross/arm-linux-gnueabihf/6/crtend.o
 .text          0x0000000000011558        0x0 /usr/lib/gcc-cross/arm-linux-gnueabihf/6/../../../../arm-linux-gnueabihf/lib/../lib/crtn.o
 *(.gnu.warning)
 *(.glue_7t)
 .glue_7t       0x0000000000011558        0x0 linker stubs
 *(.glue_7)
 .glue_7        0x0000000000011558        0x0 linker stubs
 *(.vfp11_veneer)
 .vfp11_veneer  0x0000000000011558        0x0 linker stubs
 *(.v4_bx)
 .v4_bx         0x0000000000011558        0x0 linker stubs

.fini           0x0000000000011558        0x8
 *(SORT(.fini))
 .fini          0x0000000000011558        0x4 /usr/lib/gcc-cross/arm-linux-gnueabihf/6/../../../../arm-linux-gnueabihf/lib/../lib/crti.o
                0x0000000000011558                _fini
 .fini          0x000000000001155c        0x4 /usr/lib/gcc-cross/arm-linux-gnueabihf/6/../../../../arm-linux-gnueabihf/lib/../lib/crtn.o
                [!provide]                        PROVIDE (__etext, .)
                [!provide]                        PROVIDE (_etext, .)
                [!provide]                        PROVIDE (etext, .)

.rodata         0x0000000000011560      0xa54
 *(.rodata .rodata.* .gnu.linkonce.r.*)
 .rodata.cst4   0x0000000000011560        0x4 /usr/lib/gcc-cross/arm-linux-gnueabihf/6/../../../../arm-linux-gnueabihf/lib/../lib/crt1.o
                0x0000000000011560                _IO_stdin_used
 .rodata.str1.4
                0x0000000000011564      0x5f8 ./profiler_BBB.o
                                        0x5f5 (size before relaxing)
 .rodata        0x0000000000011b5c      0x458 ./profiler_BBB.o

.rodata1
 *(.rodata1)

.ARM.extab      0x0000000000011fb4        0x0
 *(.ARM.extab* .gnu.linkonce.armextab.*)
 .ARM.extab     0x0000000000011fb4        0x0 /usr/lib/gcc-cross/arm-linux-gnueabihf/6/../../../../arm-linux-gnueabihf/lib/../lib/crt1.o
                [!provide]                        PROVIDE (__exidx_start, .)

.ARM.exidx      0x0000000000011fb4        0x8
 *(.ARM.exidx* .gnu.linkonce.armexidx.*)
 .ARM.exidx     0x0000000000011fb4        0x8 /usr/lib/gcc-cross/arm-linux-gnueabihf/6/../../../../arm-linux-gnueabihf/lib/../lib/crt1.o
                [!provide]                        PROVIDE (__exidx_end, .)

.eh_frame_hdr
 *(.eh_frame_hdr)
 *(.eh_frame_entry .eh_frame_entry.*)

.eh_frame       0x0000000000011fbc        0x4
 *(.eh_frame)
 .eh_frame      0x0000000000011fbc        0x4 /usr/lib/gcc-cross/arm-linux-gnueabihf/6/crtend.o
 *(.eh_frame.*)

.gcc_except_table
 *(.gcc_except_table .gcc_except_table.*)

.gnu_extab
 *(.gnu_extab*)

.exception_ranges
 *(.exception_ranges .exception_ranges*)
                0x0000000000022efc                . = DATA_SEGMENT_ALIGN (CONSTANT (MAXPAGESIZE), CONSTANT (COMMONPAGESIZE))

.eh_frame
 *(.eh_frame)
 *(.eh_frame.*)

.gnu_extab
 *(.gnu_extab)

.gcc_except_table
 *(.gcc_except_table .gcc_except_table.*)

.exception_ranges
 *(.exception_ranges .exception_ranges*)

.tdata
 *(.tdata .tdata.* .gnu.linkonce.td.*)

.tbss
 *(.tbss .tbss.* .gnu.linkonce.tb.*)
 *(.tcommon)

.preinit_array  0x0000000000022efc        0x0
                [!provide]                        PROVIDE (__preinit_array_start, .)
 *(.preinit_array)
                [!provide]                        PROVIDE (__preinit_array_end, .)

.init_array     0x0000000000022efc        0x4
                0x0000000000022efc                PROVIDE (__init_array_start, .)
 *(SORT(.init_array.*) SORT(.ctors.*))
 *(.init_array EXCLUDE_FILE(*crtend?.o *crtend.o *crtbegin?.o *crtbegin.o) .ctors)
 .init_array    0x0000000000022efc        0x4 /usr/lib/gcc-cross/arm-linux-gnueabihf/6/crtbegin.o
                0x0000000000022f00                PROVIDE (__init_array_end, .)

.fini_array     0x0000000000022f00        0x4
                [!provide]                        PROVIDE (__fini_array_start, .)
 *(SORT(.fini_array.*) SORT(.dtors.*))
 *(.fini_array EXCLUDE_FILE(*crtend?.o *crtend.o *crtbegin?.o *crtbegin.o) .dtors)
 .fini_array    0x0000000000022f00        0x4 /usr/lib/gcc-cross/arm-linux-gnueabihf/6/crtbegin.o
                [!provide]                        PROVIDE (__fini_array_end, .)

.ctors
 *crtbegin.o(.ctors)
 *crtbegin?.o(.ctors)
 *(EXCLUDE_FILE(*crtend?.o *crtend.o) .ctors)
 *(SORT(.ctors.*))
 *(.ctors)

.dtors
 *crtbegin.o(.dtors)
 *crtbegin?.o(.dtors)
 *(EXCLUDE_FILE(*crtend?.o *crtend.o) .dtors)
 *(SORT(.dtors.*))
 *(.dtors)

.jcr            0x0000000000022f04        0x4
 *(.jcr)
 .jcr           0x0000000000022f04        0x0 /usr/lib/gcc-cross/arm-linux-gnueabihf/6/crtbegin.o
 .jcr           0x0000000000022f04        0x4 /usr/lib/gcc-cross/arm-linux-gnueabihf/6/crtend.o

.data.rel.ro    0x0000000000022f08        0x4
 *(.data.rel.ro.local* .gnu.linkonce.d.rel.ro.local.*)
 *(.data.rel.ro .data.rel.ro.* .gnu.linkonce.d.rel.ro.*)
 *fill*         0x0000000000022f08        0x0 
 .data.rel.ro   0x0000000000022f08        0x4 /usr/lib/gcc-cross/arm-linux-gnueabihf/6/../../../../arm-linux-gnueabihf/lib/../lib/crt1.o
                0x0000000000022f08                __stack_chk_guard@@GLIBC_2.4

.dynamic        0x0000000000022f0c       0xf0
 *(.dynamic)
 .dynamic       0x0000000000022f0c       0xf0 /usr/lib/gcc-cross/arm-linux-gnueabihf/6/../../../../arm-linux-gnueabihf/lib/../lib/crt1.o
                0x0000000000022f0c                _DYNAMIC
                0x0000000000023000                . = DATA_SEGMENT_RELRO_END (., 0x0)

.got            0x0000000000023000       0x30
 *(.got.plt)
 .got.plt       0x0000000000023000       0x2c /usr/lib/gcc-cross/arm-linux-gnueabihf/6/../../../../arm-linux-gnueabihf/lib/../lib/crt1.o
                0x0000000000023000                _GLOBAL_OFFSET_TABLE_
 *(.igot.plt)
 .igot.plt      0x000000000002302c        0x0 /usr/lib/gcc-cross/arm-linux-gnueabihf/6/../../../../arm-linux-gnueabihf/lib/../lib/crt1.o
 *(.got)
 .got           0x000000000002302c        0x4 /usr/lib/gcc-cross/arm-linux-gnueabihf/6/../../../../arm-linux-gnueabihf/lib/../lib/crt1.o
 *(.igot)

.data           0x0000000000023030        0x8
                [!provide]                        PROVIDE (__data_start, .)
 *(.data .data.* .gnu.linkonce.d.*)
 .data          0x0000000000023030        0x4 /usr/lib/gcc-cross/arm-linux-gnueabihf/6/../../../../arm-linux-gnueabihf/lib/../lib/crt1.o
                0x0000000000023030                data_start
                0x0000000000023030                __data_start
 .data          0x0000000000023034        0x0 /usr/lib/gcc-cross/arm-linux-gnueabihf/6/../../../../arm-linux-gnueabihf/lib/../lib/crti.o
 .data          0x0000000000023034        0x4 /usr/lib/gcc-cross/arm-linux-gnueabihf/6/crtbegin.o
                0x0000000000023034                __dso_handle
 .data          0x0000000000023038        0x0 ./main.o
 .data          0x0000000000023038        0x0 ./memory.o
 .data          0x0000000000023038        0x0 ./memoryopt.o
 .data          0x0000000000023038        0x0 ./profiler_BBB.o
 .data          0x0000000000023038        0x0 ./project1.o
 .data          0x0000000000023038        0x0 /usr/arm-linux-gnueabihf/lib/libc_nonshared.a(elf-init.oS)
 .data          0x0000000000023038        0x0 /usr/lib/gcc-cross/arm-linux-gnueabihf/6/crtend.o
 .data          0x0000000000023038        0x0 /usr/lib/gcc-cross/arm-linux-gnueabihf/6/../../../../arm-linux-gnueabihf/lib/../lib/crtn.o

.tm_clone_table
                0x0000000000023038        0x0
 .tm_clone_table
                0x0000000000023038        0x0 /usr/lib/gcc-cross/arm-linux-gnueabihf/6/crtbegin.o
 .tm_clone_table
                0x0000000000023038        0x0 /usr/lib/gcc-cross/arm-linux-gnueabihf/6/crtend.o

.data1
 *(.data1)
                0x0000000000023038                _edata = .
                [!provide]                        PROVIDE (edata, .)
                0x0000000000023038                . = .
                0x0000000000023038                __bss_start = .
                0x0000000000023038                __bss_start__ = .

.bss            0x0000000000023038        0x4
 *(.dynbss)
 .dynbss        0x0000000000023038        0x0 /usr/lib/gcc-cross/arm-linux-gnueabihf/6/../../../../arm-linux-gnueabihf/lib/../lib/crt1.o
 *(.bss .bss.* .gnu.linkonce.b.*)
 .bss           0x0000000000023038        0x0 /usr/lib/gcc-cross/arm-linux-gnueabihf/6/../../../../arm-linux-gnueabihf/lib/../lib/crt1.o
 .bss           0x0000000000023038        0x0 /usr/lib/gcc-cross/arm-linux-gnueabihf/6/../../../../arm-linux-gnueabihf/lib/../lib/crti.o
 .bss           0x0000000000023038        0x1 /usr/lib/gcc-cross/arm-linux-gnueabihf/6/crtbegin.o
 .bss           0x0000000000023039        0x0 ./main.o
 .bss           0x0000000000023039        0x0 ./memory.o
 .bss           0x0000000000023039        0x0 ./memoryopt.o
 .bss           0x0000000000023039        0x0 ./profiler_BBB.o
 .bss           0x0000000000023039        0x0 ./project1.o
 .bss           0x0000000000023039        0x0 /usr/arm-linux-gnueabihf/lib/libc_nonshared.a(elf-init.oS)
 .bss           0x0000000000023039        0x0 /usr/lib/gcc-cross/arm-linux-gnueabihf/6/crtend.o
 .bss           0x0000000000023039        0x0 /usr/lib/gcc-cross/arm-linux-gnueabihf/6/../../../../arm-linux-gnueabihf/lib/../lib/crtn.o
 *(COMMON)
                0x000000000002303c                . = ALIGN ((. != 0x0)?0x4:0x1)
 *fill*         0x0000000000023039        0x3 
                0x000000000002303c                _bss_end__ = .
                0x000000000002303c                __bss_end__ = .
                0x000000000002303c                . = ALIGN (0x4)
                0x000000000002303c                . = SEGMENT_START ("ldata-segment", .)
                0x000000000002303c                . = ALIGN (0x4)
                0x000000000002303c                __end__ = .
                0x000000000002303c                _end = .
                [!provide]                        PROVIDE (end, .)
                0x000000000002303c                . = DATA_SEGMENT_END (.)

.stab
 *(.stab)

.stabstr
 *(.stabstr)

.stab.excl
 *(.stab.excl)

.stab.exclstr
 *(.stab.exclstr)

.stab.index
 *(.stab.index)

.stab.indexstr
 *(.stab.indexstr)

.comment        0x0000000000000000       0x34
 *(.comment)
 .comment       0x0000000000000000       0x34 /usr/lib/gcc-cross/arm-linux-gnueabihf/6/crtbegin.o
                                         0x35 (size before relaxing)
 .comment       0x0000000000000034       0x35 ./main.o
 .comment       0x0000000000000034       0x35 ./memory.o
 .comment       0x0000000000000034       0x35 ./memoryopt.o
 .comment       0x0000000000000034       0x35 ./profiler_BBB.o
 .comment       0x0000000000000034       0x35 ./project1.o
 .comment       0x0000000000000034       0x35 /usr/lib/gcc-cross/arm-linux-gnueabihf/6/crtend.o

.ARM.attributes
                0x0000000000000000       0x35
 .ARM.attributes
                0x0000000000000000       0x33 /usr/lib/gcc-cross/arm-linux-gnueabihf/6/../../../../arm-linux-gnueabihf/lib/../lib/crt1.o
 .ARM.attributes
                0x0000000000000033       0x27 /usr/lib/gcc-cross/arm-linux-gnueabihf/6/../../../../arm-linux-gnueabihf/lib/../lib/crti.o
 .ARM.attributes
                0x000000000000005a       0x33 /usr/lib/gcc-cross/arm-linux-gnueabihf/6/crtbegin.o
 .ARM.attributes
                0x000000000000008d       0x3b ./main.o
 .ARM.attributes
                0x00000000000000c8       0x3b ./memory.o
 .ARM.attributes
                0x0000000000000103       0x3b ./memoryopt.o
 .ARM.attributes
                0x000000000000013e       0x3b ./profiler_BBB.o
 .ARM.attributes
                0x0000000000000179       0x3b ./project1.o
 .ARM.attributes
                0x00000000000001b4       0x35 /usr/arm-linux-gnueabihf/lib/libc_nonshared.a(elf-init.oS)
 .ARM.attributes
                0x00000000000001e9       0x33 /usr/lib/gcc-cross/arm-linux-gnueabihf/6/crtend.o
 .ARM.attributes
                0x000000000000021c       0x27 /usr/lib/gcc-cross/arm-linux-gnueabihf/6/../../../../arm-linux-gnueabihf/lib/../lib/crtn.o

.debug
 *(.debug)

.line
 *(.line)

.debug_srcinfo
 *(.debug_srcinfo)

.debug_sfnames
 *(.debug_sfnames)

.debug_aranges  0x0000000000000000       0xa0
 *(.debug_aranges)
 .debug_aranges
                0x0000000000000000       0x20 ./main.o
 .debug_aranges
                0x0000000000000020       0x20 ./memory.o
 .debug_aranges
                0x0000000000000040       0x20 ./memoryopt.o
 .debug_aranges
                0x0000000000000060       0x20 ./profiler_BBB.o
 .debug_aranges
                0x0000000000000080       0x20 ./project1.o

.debug_pubnames
 *(.debug_pubnames)

.debug_info     0x0000000000000000     0x1b4f
 *(.debug_info .gnu.linkonce.wi.*)
 .debug_info    0x0000000000000000      0x32d ./main.o
 .debug_info    0x000000000000032d      0x4bb ./memory.o
 .debug_info    0x00000000000007e8      0x480 ./memoryopt.o
 .debug_info    0x0000000000000c68      0xb8e ./profiler_BBB.o
 .debug_info    0x00000000000017f6      0x359 ./project1.o

.debug_abbrev   0x0000000000000000      0x68b
 *(.debug_abbrev)
 .debug_abbrev  0x0000000000000000       0xdb ./main.o
 .debug_abbrev  0x00000000000000db      0x142 ./memory.o
 .debug_abbrev  0x000000000000021d      0x186 ./memoryopt.o
 .debug_abbrev  0x00000000000003a3      0x1e4 ./profiler_BBB.o
 .debug_abbrev  0x0000000000000587      0x104 ./project1.o

.debug_line     0x0000000000000000      0x6e2
 *(.debug_line .debug_line.* .debug_line_end)
 .debug_line    0x0000000000000000       0xe8 ./main.o
 .debug_line    0x00000000000000e8      0x1b7 ./memory.o
 .debug_line    0x000000000000029f      0x194 ./memoryopt.o
 .debug_line    0x0000000000000433      0x1bf ./profiler_BBB.o
 .debug_line    0x00000000000005f2       0xf0 ./project1.o

.debug_frame    0x0000000000000000      0x374
 *(.debug_frame)
 .debug_frame   0x0000000000000000       0x2c ./main.o
 .debug_frame   0x000000000000002c       0xb0 ./memory.o
 .debug_frame   0x00000000000000dc       0x78 ./memoryopt.o
 .debug_frame   0x0000000000000154      0x1f4 ./profiler_BBB.o
 .debug_frame   0x0000000000000348       0x2c ./project1.o

.debug_str      0x0000000000000000      0x592
 *(.debug_str)
 .debug_str     0x0000000000000000      0x2f7 ./main.o
                                        0x338 (size before relaxing)
 .debug_str     0x00000000000002f7       0x6e ./memory.o
                                        0x38a (size before relaxing)
 .debug_str     0x0000000000000365       0x47 ./memoryopt.o
                                        0x396 (size before relaxing)
 .debug_str     0x00000000000003ac      0x1d2 ./profiler_BBB.o
                                        0x524 (size before relaxing)
 .debug_str     0x000000000000057e       0x14 ./project1.o
                                        0x3a1 (size before relaxing)

.debug_loc
 *(.debug_loc)

.debug_macinfo
 *(.debug_macinfo)

.debug_weaknames
 *(.debug_weaknames)

.debug_funcnames
 *(.debug_funcnames)

.debug_typenames
 *(.debug_typenames)

.debug_varnames
 *(.debug_varnames)

.debug_pubtypes
 *(.debug_pubtypes)

.debug_ranges   0x0000000000000000       0x18
 *(.debug_ranges)
 .debug_ranges  0x0000000000000000       0x18 ./memoryopt.o

.debug_macro
 *(.debug_macro)

.debug_addr
 *(.debug_addr)

.gnu.attributes
 *(.gnu.attributes)

.note.gnu.arm.ident
 *(.note.gnu.arm.ident)

/DISCARD/
 *(.note.GNU-stack)
 *(.gnu_debuglink)
 *(.gnu.lto_*)
OUTPUT(project1.elf elf32-littlearm)
