Archive member included because of file (symbol)

c:/freescale/kds_v3/toolchain/bin/../lib/gcc/arm-none-eabi/4.8.4/armv6-m\libgcc.a(_udivsi3.o)
                              ./Sources/rtc.o (__aeabi_uidiv)
c:/freescale/kds_v3/toolchain/bin/../lib/gcc/arm-none-eabi/4.8.4/armv6-m\libgcc.a(_divsi3.o)
                              ./Sources/data.o (__aeabi_idiv)
c:/freescale/kds_v3/toolchain/bin/../lib/gcc/arm-none-eabi/4.8.4/armv6-m\libgcc.a(_dvmd_tls.o)
                              c:/freescale/kds_v3/toolchain/bin/../lib/gcc/arm-none-eabi/4.8.4/armv6-m\libgcc.a(_udivsi3.o) (__aeabi_idiv0)
c:/freescale/kds_v3/toolchain/bin/../lib/gcc/arm-none-eabi/4.8.4/../../../../arm-none-eabi/lib/armv6-m\libg_s.a(lib_a-exit.o)
                              c:/freescale/kds_v3/toolchain/bin/../lib/gcc/arm-none-eabi/4.8.4/../../../../arm-none-eabi/lib/armv6-m/crt0.o (exit)
c:/freescale/kds_v3/toolchain/bin/../lib/gcc/arm-none-eabi/4.8.4/../../../../arm-none-eabi/lib/armv6-m\libg_s.a(lib_a-impure.o)
                              c:/freescale/kds_v3/toolchain/bin/../lib/gcc/arm-none-eabi/4.8.4/../../../../arm-none-eabi/lib/armv6-m\libg_s.a(lib_a-exit.o) (_global_impure_ptr)
c:/freescale/kds_v3/toolchain/bin/../lib/gcc/arm-none-eabi/4.8.4/../../../../arm-none-eabi/lib/armv6-m\libg_s.a(lib_a-init.o)
                              c:/freescale/kds_v3/toolchain/bin/../lib/gcc/arm-none-eabi/4.8.4/../../../../arm-none-eabi/lib/armv6-m/crt0.o (__libc_init_array)
c:/freescale/kds_v3/toolchain/bin/../lib/gcc/arm-none-eabi/4.8.4/../../../../arm-none-eabi/lib/armv6-m\libg_s.a(lib_a-malloc.o)
                              ./Sources/circbuf.o (malloc)
c:/freescale/kds_v3/toolchain/bin/../lib/gcc/arm-none-eabi/4.8.4/../../../../arm-none-eabi/lib/armv6-m\libg_s.a(lib_a-memset.o)
                              c:/freescale/kds_v3/toolchain/bin/../lib/gcc/arm-none-eabi/4.8.4/../../../../arm-none-eabi/lib/armv6-m/crt0.o (memset)
c:/freescale/kds_v3/toolchain/bin/../lib/gcc/arm-none-eabi/4.8.4/../../../../arm-none-eabi/lib/armv6-m\libg_s.a(lib_a-nano-freer.o)
                              c:/freescale/kds_v3/toolchain/bin/../lib/gcc/arm-none-eabi/4.8.4/../../../../arm-none-eabi/lib/armv6-m\libg_s.a(lib_a-malloc.o) (_free_r)
c:/freescale/kds_v3/toolchain/bin/../lib/gcc/arm-none-eabi/4.8.4/../../../../arm-none-eabi/lib/armv6-m\libg_s.a(lib_a-nano-mallocr.o)
                              c:/freescale/kds_v3/toolchain/bin/../lib/gcc/arm-none-eabi/4.8.4/../../../../arm-none-eabi/lib/armv6-m\libg_s.a(lib_a-malloc.o) (_malloc_r)
c:/freescale/kds_v3/toolchain/bin/../lib/gcc/arm-none-eabi/4.8.4/../../../../arm-none-eabi/lib/armv6-m\libg_s.a(lib_a-printf.o)
                              ./Sources/data.o (printf)
c:/freescale/kds_v3/toolchain/bin/../lib/gcc/arm-none-eabi/4.8.4/../../../../arm-none-eabi/lib/armv6-m\libg_s.a(lib_a-sbrkr.o)
                              c:/freescale/kds_v3/toolchain/bin/../lib/gcc/arm-none-eabi/4.8.4/../../../../arm-none-eabi/lib/armv6-m\libg_s.a(lib_a-nano-mallocr.o) (_sbrk_r)
c:/freescale/kds_v3/toolchain/bin/../lib/gcc/arm-none-eabi/4.8.4/../../../../arm-none-eabi/lib/armv6-m\libg_s.a(lib_a-vfprintf.o)
                              c:/freescale/kds_v3/toolchain/bin/../lib/gcc/arm-none-eabi/4.8.4/../../../../arm-none-eabi/lib/armv6-m\libg_s.a(lib_a-printf.o) (_vfprintf_r)
c:/freescale/kds_v3/toolchain/bin/../lib/gcc/arm-none-eabi/4.8.4/../../../../arm-none-eabi/lib/armv6-m\libg_s.a(lib_a-vfprintf_i.o)
                              c:/freescale/kds_v3/toolchain/bin/../lib/gcc/arm-none-eabi/4.8.4/../../../../arm-none-eabi/lib/armv6-m\libg_s.a(lib_a-vfprintf.o) (_printf_i)
c:/freescale/kds_v3/toolchain/bin/../lib/gcc/arm-none-eabi/4.8.4/../../../../arm-none-eabi/lib/armv6-m\libg_s.a(lib_a-wbuf.o)
                              c:/freescale/kds_v3/toolchain/bin/../lib/gcc/arm-none-eabi/4.8.4/../../../../arm-none-eabi/lib/armv6-m\libg_s.a(lib_a-vfprintf.o) (__swbuf_r)
c:/freescale/kds_v3/toolchain/bin/../lib/gcc/arm-none-eabi/4.8.4/../../../../arm-none-eabi/lib/armv6-m\libg_s.a(lib_a-wsetup.o)
                              c:/freescale/kds_v3/toolchain/bin/../lib/gcc/arm-none-eabi/4.8.4/../../../../arm-none-eabi/lib/armv6-m\libg_s.a(lib_a-vfprintf.o) (__swsetup_r)
c:/freescale/kds_v3/toolchain/bin/../lib/gcc/arm-none-eabi/4.8.4/../../../../arm-none-eabi/lib/armv6-m\libg_s.a(lib_a-fflush.o)
                              c:/freescale/kds_v3/toolchain/bin/../lib/gcc/arm-none-eabi/4.8.4/../../../../arm-none-eabi/lib/armv6-m\libg_s.a(lib_a-wbuf.o) (_fflush_r)
c:/freescale/kds_v3/toolchain/bin/../lib/gcc/arm-none-eabi/4.8.4/../../../../arm-none-eabi/lib/armv6-m\libg_s.a(lib_a-findfp.o)
                              c:/freescale/kds_v3/toolchain/bin/../lib/gcc/arm-none-eabi/4.8.4/../../../../arm-none-eabi/lib/armv6-m\libg_s.a(lib_a-printf.o) (__sinit)
c:/freescale/kds_v3/toolchain/bin/../lib/gcc/arm-none-eabi/4.8.4/../../../../arm-none-eabi/lib/armv6-m\libg_s.a(lib_a-fvwrite.o)
[...]
Memory Configuration

Name             Origin             Length             Attributes
m_interrupts     0x00000000         0x00000100         xr
m_flash_config   0x00000400         0x00000010         xr
m_text           0x00000410         0x0001fbf0         xr
m_data           0x1ffff000         0x00004000         rw
*default*        0x00000000         0xffffffff

Linker script and memory map

LOAD c:/freescale/kds_v3/toolchain/bin/../lib/gcc/arm-none-eabi/4.8.4/armv6-m/crti.o
LOAD c:/freescale/kds_v3/toolchain/bin/../lib/gcc/arm-none-eabi/4.8.4/armv6-m/crtbegin.o
LOAD c:/freescale/kds_v3/toolchain/bin/../lib/gcc/arm-none-eabi/4.8.4/../../../../arm-none-eabi/lib/armv6-m/crt0.o
LOAD ./Sources/analysis.o
LOAD ./Sources/circbuf.o
LOAD ./Sources/data.o
LOAD ./Sources/log.o
LOAD ./Sources/main.o
LOAD ./Sources/rtc.o
LOAD ./Sources/uart.o
LOAD ./Project_Settings/Startup_Code/startup.o
LOAD ./Project_Settings/Startup_Code/startup_MKL25Z4.o
LOAD ./Project_Settings/Startup_Code/system_MKL25Z4.o
LOAD c:/freescale/kds_v3/toolchain/bin/../lib/gcc/arm-none-eabi/4.8.4/../../../../arm-none-eabi/lib/armv6-m\libstdc++_s.a
LOAD c:/freescale/kds_v3/toolchain/bin/../lib/gcc/arm-none-eabi/4.8.4/../../../../arm-none-eabi/lib/armv6-m\libm.a
START GROUP
LOAD c:/freescale/kds_v3/toolchain/bin/../lib/gcc/arm-none-eabi/4.8.4/armv6-m\libgcc.a
LOAD c:/freescale/kds_v3/toolchain/bin/../lib/gcc/arm-none-eabi/4.8.4/../../../../arm-none-eabi/lib/armv6-m\libg_s.a
LOAD c:/freescale/kds_v3/toolchain/bin/../lib/gcc/arm-none-eabi/4.8.4/../../../../arm-none-eabi/lib/armv6-m\libc_s.a
END GROUP
START GROUP
LOAD c:/freescale/kds_v3/toolchain/bin/../lib/gcc/arm-none-eabi/4.8.4/armv6-m\libgcc.a
LOAD c:/freescale/kds_v3/toolchain/bin/../lib/gcc/arm-none-eabi/4.8.4/../../../../arm-none-eabi/lib/armv6-m\libc_s.a
LOAD c:/freescale/kds_v3/toolchain/bin/../lib/gcc/arm-none-eabi/4.8.4/../../../../arm-none-eabi/lib/armv6-m\libnosys.a
END GROUP
START GROUP
LOAD c:/freescale/kds_v3/toolchain/bin/../lib/gcc/arm-none-eabi/4.8.4/armv6-m\libgcc.a
LOAD c:/freescale/kds_v3/toolchain/bin/../lib/gcc/arm-none-eabi/4.8.4/../../../../arm-none-eabi/lib/armv6-m\libc_s.a
LOAD c:/freescale/kds_v3/toolchain/bin/../lib/gcc/arm-none-eabi/4.8.4/../../../../arm-none-eabi/lib/armv6-m\libnosys.a
END GROUP
LOAD c:/freescale/kds_v3/toolchain/bin/../lib/gcc/arm-none-eabi/4.8.4/armv6-m/crtend.o
LOAD c:/freescale/kds_v3/toolchain/bin/../lib/gcc/arm-none-eabi/4.8.4/armv6-m/crtn.o
                0x00000400                HEAP_SIZE = DEFINED (__heap_size__)?__heap_size__:0x400
                0x00000400                STACK_SIZE = DEFINED (__stack_size__)?__stack_size__:0x400
                0x00000000                M_VECTOR_RAM_SIZE = DEFINED (__ram_vector_table__)?0x100:0x0

.interrupts     0x00000000       0xc0
                0x00000000                __VECTOR_TABLE = .
                0x00000000                . = ALIGN (0x4)
 *(.isr_vector)
 .isr_vector    0x00000000       0xc0 ./Project_Settings/Startup_Code/startup_MKL25Z4.o
                0x00000000                __isr_vector
                0x000000c0                . = ALIGN (0x4)

.flash_config   0x00000400       0x10
                0x00000400                . = ALIGN (0x4)
 *(.FlashConfig)
 .FlashConfig   0x00000400       0x10 ./Project_Settings/Startup_Code/startup_MKL25Z4.o
                0x00000410                . = ALIGN (0x4)

.text           0x00000410     0x137c
                0x00000410                . = ALIGN (0x4)
 *(.text)
 .text          0x00000410       0x60 c:/freescale/kds_v3/toolchain/bin/../lib/gcc/arm-none-eabi/4.8.4/armv6-m/crtbegin.o
 .text          0x00000470       0x78 c:/freescale/kds_v3/toolchain/bin/../lib/gcc/arm-none-eabi/4.8.4/../../../../arm-none-eabi/lib/armv6-m/crt0.o
                0x00000470                _start
                0x00000470                _mainCRTStartup
 .text          0x000004e8       0x18 ./Project_Settings/Startup_Code/startup_MKL25Z4.o
                0x000004e8                Reset_Handler
                0x000004f8                HardFault_Handler
                0x000004f8                SysTick_Handler
                0x000004f8                PendSV_Handler
                0x000004f8                NMI_Handler
                0x000004f8                I2C1_IRQHandler
                0x000004f8                UART1_IRQHandler
                0x000004f8                DMA2_IRQHandler
                0x000004f8                TPM0_IRQHandler
                0x000004f8                LLWU_IRQHandler
                0x000004f8                TSI0_IRQHandler
                0x000004f8                ADC0_IRQHandler
                0x000004f8                Reserved39_IRQHandler
                0x000004f8                SPI1_IRQHandler
                0x000004f8                DefaultISR
                0x000004f8                PORTD_IRQHandler
                0x000004f8                TPM2_IRQHandler
                0x000004f8                RTC_IRQHandler
                0x000004f8                I2C0_IRQHandler
                0x000004f8                MCG_IRQHandler
                0x000004f8                UART2_IRQHandler
                0x000004f8                Reserved20_IRQHandler
                0x000004f8                USB0_IRQHandler
                0x000004f8                PIT_IRQHandler
                0x000004f8                SVC_Handler
                0x000004f8                DMA3_IRQHandler
                0x000004f8                DMA0_IRQHandler
                0x000004f8                DAC0_IRQHandler
                0x000004f8                Reserved45_IRQHandler
                0x000004f8                TPM1_IRQHandler
                0x000004f8                LVD_LVW_IRQHandler
                0x000004f8                SPI0_IRQHandler
                0x000004f8                PORTA_IRQHandler
                0x000004f8                FTFA_IRQHandler
                0x000004f8                LPTMR0_IRQHandler
                0x000004f8                CMP0_IRQHandler
                0x000004f8                DMA1_IRQHandler
 .text          0x00000500       0x9c c:/freescale/kds_v3/toolchain/bin/../lib/gcc/arm-none-eabi/4.8.4/armv6-m\libgcc.a(_udivsi3.o)
                0x00000500                __aeabi_uidiv
                0x00000500                __udivsi3
                0x00000588                __aeabi_uidivmod
 .text          0x0000059c       0xc0 c:/freescale/kds_v3/toolchain/bin/../lib/gcc/arm-none-eabi/4.8.4/armv6-m\libgcc.a(_divsi3.o)
                0x0000059c                __divsi3
                0x0000059c                __aeabi_idiv
                0x00000648                __aeabi_idivmod
 .text          0x0000065c        0x4 c:/freescale/kds_v3/toolchain/bin/../lib/gcc/arm-none-eabi/4.8.4/armv6-m\libgcc.a(_dvmd_tls.o)
                0x0000065c                __aeabi_idiv0
                0x0000065c                __aeabi_ldiv0
 *(.text*)
 .text.CB_IsBufferFull
                0x00000660       0x30 ./Sources/circbuf.o
 .text.CB_IsBufferEmpty
                0x00000690       0x2c ./Sources/circbuf.o
 .text.CB_IntitalizeBuffer
                0x000006bc       0x3c ./Sources/circbuf.o
                0x000006bc                CB_IntitalizeBuffer
 .text.CB_AddItem
                0x000006f8       0x8c ./Sources/circbuf.o
                0x000006f8                CB_AddItem
 .text.CB_RemoveItem
                0x00000784       0xc0 ./Sources/circbuf.o
                0x00000784                CB_RemoveItem
 .text.my_itoa  0x00000844      0x144 ./Sources/data.o
                0x00000844                my_itoa
 .text.log_raw_string
                0x00000988       0x60 ./Sources/log.o
                0x00000988                log_raw_string
 .text.log_raw_intr
                0x000009e8       0x4c ./Sources/log.o
                0x000009e8                log_raw_intr
 .text.create_log_item
                0x00000a34       0x68 ./Sources/log.o
                0x00000a34                create_log_item
 .text.log_item
                0x00000a9c       0x94 ./Sources/log.o
                0x00000a9c                log_item
 .text.log_initialize
                0x00000b30        0xc ./Sources/log.o
                0x00000b30                log_initialize
 .text.main     0x00000b3c       0x64 ./Sources/main.o
                0x00000b3c                main
 .text.RTC_Seconds_IRQHandler
                0x00000ba0       0xc0 ./Sources/main.o
                0x00000ba0                RTC_Seconds_IRQHandler
 .text.NVIC_EnableIRQ
                0x00000c60       0x2c ./Sources/rtc.o
 .text.rtc_init
                0x00000c8c      0x130 ./Sources/rtc.o
                0x00000c8c                rtc_init
 .text.time_calc
                0x00000dbc      0x398 ./Sources/rtc.o
                0x00000dbc                time_calc
 .text.NVIC_EnableIRQ
                0x00001154       0x2c ./Sources/uart.o
 .text.CB_IsBufferFull
                0x00001180       0x30 ./Sources/uart.o
 .text.CB_IsBufferEmpty
                0x000011b0       0x2c ./Sources/uart.o
 .text.uart_configure
                0x000011dc      0x114 ./Sources/uart.o
                0x000011dc                uart_configure
 .text.UART0_IRQHandler
                0x000012f0       0x9c ./Sources/uart.o
                0x000012f0                UART0_IRQHandler
 .text.uart_send_byte
                0x0000138c       0x20 ./Sources/uart.o
                0x0000138c                uart_send_byte
 .text.uart_receive_byte
                0x000013ac       0x34 ./Sources/uart.o
                0x000013ac                uart_receive_byte
 .text.init_data_bss
                0x000013e0       0xc8 ./Project_Settings/Startup_Code/startup.o
                0x000013e0                init_data_bss
 .text.SystemInit
                0x000014a8       0x18 ./Project_Settings/Startup_Code/system_MKL25Z4.o
                0x000014a8                SystemInit
 .text.exit     0x000014c0       0x2c c:/freescale/kds_v3/toolchain/bin/../lib/gcc/arm-none-eabi/4.8.4/../../../../arm-none-eabi/lib/armv6-m\libg_s.a(lib_a-exit.o)
                0x000014c0                exit
 .text.__libc_init_array
                0x000014ec       0x4c c:/freescale/kds_v3/toolchain/bin/../lib/gcc/arm-none-eabi/4.8.4/../../../../arm-none-eabi/lib/armv6-m\libg_s.a(lib_a-init.o)
                0x000014ec                __libc_init_array
 .text.malloc   0x00001538       0x14 c:/freescale/kds_v3/toolchain/bin/../lib/gcc/arm-none-eabi/4.8.4/../../../../arm-none-eabi/lib/armv6-m\libg_s.a(lib_a-malloc.o)
                0x00001538                malloc
 .text.memset   0x0000154c       0x10 c:/freescale/kds_v3/toolchain/bin/../lib/gcc/arm-none-eabi/4.8.4/../../../../arm-none-eabi/lib/armv6-m\libg_s.a(lib_a-memset.o)
                0x0000154c                memset
 .text._malloc_r
                0x0000155c       0xa8 c:/freescale/kds_v3/toolchain/bin/../lib/gcc/arm-none-eabi/4.8.4/../../../../arm-none-eabi/lib/armv6-m\libg_s.a(lib_a-nano-mallocr.o)
                0x0000155c                _malloc_r
 .text._sbrk_r  0x00001604       0x24 c:/freescale/kds_v3/toolchain/bin/../lib/gcc/arm-none-eabi/4.8.4/../../../../arm-none-eabi/lib/armv6-m\libg_s.a(lib_a-sbrkr.o)
                0x00001604                _sbrk_r
 .text._sbrk    0x00001628       0x34 c:/freescale/kds_v3/toolchain/bin/../lib/gcc/arm-none-eabi/4.8.4/../../../../arm-none-eabi/lib/armv6-m\libnosys.a(sbrk.o)
                0x00001628                _sbrk
 .text._exit    0x0000165c        0x4 c:/freescale/kds_v3/toolchain/bin/../lib/gcc/arm-none-eabi/4.8.4/../../../../arm-none-eabi/lib/armv6-m\libnosys.a(_exit.o)
                0x0000165c                _exit
 *(.rodata)
 .rodata        0x00001660       0x30 ./Sources/log.o
 .rodata        0x00001690       0x7c ./Sources/main.o
 *(.rodata*)
 .rodata.str1.1
                0x0000170c        0x2 c:/freescale/kds_v3/toolchain/bin/../lib/gcc/arm-none-eabi/4.8.4/../../../../arm-none-eabi/lib/armv6-m\libg_s.a(lib_a-impure.o)
 *fill*         0x0000170e        0x2 
 .rodata._global_impure_ptr
                0x00001710        0x4 c:/freescale/kds_v3/toolchain/bin/../lib/gcc/arm-none-eabi/4.8.4/../../../../arm-none-eabi/lib/armv6-m\libg_s.a(lib_a-impure.o)
                0x00001710                _global_impure_ptr
 .rodata.__sf_fake_stdin
                0x00001714       0x20 c:/freescale/kds_v3/toolchain/bin/../lib/gcc/arm-none-eabi/4.8.4/../../../../arm-none-eabi/lib/armv6-m\libg_s.a(lib_a-findfp.o)
                0x00001714                __sf_fake_stdin
 .rodata.__sf_fake_stdout
                0x00001734       0x20 c:/freescale/kds_v3/toolchain/bin/../lib/gcc/arm-none-eabi/4.8.4/../../../../arm-none-eabi/lib/armv6-m\libg_s.a(lib_a-findfp.o)
                0x00001734                __sf_fake_stdout
 .rodata.__sf_fake_stderr
                0x00001754       0x20 c:/freescale/kds_v3/toolchain/bin/../lib/gcc/arm-none-eabi/4.8.4/../../../../arm-none-eabi/lib/armv6-m\libg_s.a(lib_a-findfp.o)
                0x00001754                __sf_fake_stderr
 *(.glue_7)
 .glue_7        0x00000000        0x0 linker stubs
 *(.glue_7t)
 .glue_7t       0x00000000        0x0 linker stubs
 *(.eh_frame)
 .eh_frame      0x00001774        0x0 c:/freescale/kds_v3/toolchain/bin/../lib/gcc/arm-none-eabi/4.8.4/armv6-m/crtbegin.o
 *(.init)
 .init          0x00001774        0x4 c:/freescale/kds_v3/toolchain/bin/../lib/gcc/arm-none-eabi/4.8.4/armv6-m/crti.o
                0x00001774                _init
 .init          0x00001778        0x8 c:/freescale/kds_v3/toolchain/bin/../lib/gcc/arm-none-eabi/4.8.4/armv6-m/crtn.o
 *(.fini)
 .fini          0x00001780        0x4 c:/freescale/kds_v3/toolchain/bin/../lib/gcc/arm-none-eabi/4.8.4/armv6-m/crti.o
                0x00001780                _fini
 .fini          0x00001784        0x8 c:/freescale/kds_v3/toolchain/bin/../lib/gcc/arm-none-eabi/4.8.4/armv6-m/crtn.o
                0x0000178c                . = ALIGN (0x4)

.vfp11_veneer   0x0000178c        0x0
 .vfp11_veneer  0x00000000        0x0 linker stubs

.v4_bx          0x0000178c        0x0
 .v4_bx         0x00000000        0x0 linker stubs

.iplt           0x0000178c        0x0
 .iplt          0x00000000        0x0 c:/freescale/kds_v3/toolchain/bin/../lib/gcc/arm-none-eabi/4.8.4/armv6-m/crtbegin.o

.ARM.extab
 *(.ARM.extab* .gnu.linkonce.armextab.*)

.ARM            0x0000178c        0x8
                0x0000178c                __exidx_start = .
 *(.ARM.exidx*)
 .ARM.exidx     0x0000178c        0x8 c:/freescale/kds_v3/toolchain/bin/../lib/gcc/arm-none-eabi/4.8.4/../../../../arm-none-eabi/lib/armv6-m/crt0.o
                0x00001794                __exidx_end = .

.rel.dyn        0x00001794        0x0
 .rel.iplt      0x00000000        0x0 c:/freescale/kds_v3/toolchain/bin/../lib/gcc/arm-none-eabi/4.8.4/armv6-m/crtbegin.o

.ctors          0x00001794        0x0
                0x00001794                __CTOR_LIST__ = .
 *crtbegin.o(.ctors)
 *crtbegin?.o(.ctors)
 *(EXCLUDE_FILE(*crtend.o *crtend?.o) .ctors)
 *(SORT(.ctors.*))
 *(.ctors)
                0x00001794                __CTOR_END__ = .

.dtors          0x00001794        0x0
                0x00001794                __DTOR_LIST__ = .
 *crtbegin.o(.dtors)
 *crtbegin?.o(.dtors)
 *(EXCLUDE_FILE(*crtend.o *crtend?.o) .dtors)
 *(SORT(.dtors.*))
 *(.dtors)
                0x00001794                __DTOR_END__ = .

.preinit_array  0x00001794        0x0
                0x00001794                PROVIDE (__preinit_array_start, .)
 *(.preinit_array*)
                0x00001794                PROVIDE (__preinit_array_end, .)

.init_array     0x00001794        0x4
                0x00001794                PROVIDE (__init_array_start, .)
 *(SORT(.init_array.*))
 *(.init_array*)
 .init_array    0x00001794        0x4 c:/freescale/kds_v3/toolchain/bin/../lib/gcc/arm-none-eabi/4.8.4/armv6-m/crtbegin.o
                0x00001798                PROVIDE (__init_array_end, .)

.fini_array     0x00001798        0x4
                0x00001798                PROVIDE (__fini_array_start, .)
 *(SORT(.fini_array.*))
 *(.fini_array*)
 .fini_array    0x00001798        0x4 c:/freescale/kds_v3/toolchain/bin/../lib/gcc/arm-none-eabi/4.8.4/armv6-m/crtbegin.o
                0x0000179c                PROVIDE (__fini_array_end, .)
                0x0000179c                __etext = .
                0x0000179c                __DATA_ROM = .

.mtb            0x1ffff000        0x0
                0x1ffff000                . = ALIGN (0x8)
                0x1ffff000                _mtb_start = .
 *(.mtb_buf)
                0x1ffff000                . = ALIGN (0x8)
                0x1ffff000                _mtb_end = .

.interrupts_ram
                0x1ffff000        0x0
                0x1ffff000                . = ALIGN (0x4)
                0x1ffff000                __VECTOR_RAM__ = .
                0x1ffff000                __interrupts_ram_start__ = .
 *(.m_interrupts_ram)
                0x1ffff000                . = (. + M_VECTOR_RAM_SIZE)
                0x1ffff000                . = ALIGN (0x4)
                0x1ffff000                __interrupts_ram_end__ = .
                0x00000000                __VECTOR_RAM = DEFINED (__ram_vector_table__)?__VECTOR_RAM__:ORIGIN (m_interrupts)
                0x00000000                __RAM_VECTOR_TABLE_SIZE_BYTES = DEFINED (__ram_vector_table__)?(__interrupts_ram_end__ - __interrupts_ram_start__):0x0

.data           0x1ffff000       0x68 load address 0x0000179c
                0x1ffff000                . = ALIGN (0x4)
                0x1ffff000                __DATA_RAM = .
                0x1ffff000                __data_start__ = .
 *(.data)
 *(.data*)
 .data.impure_data
                0x1ffff000       0x60 c:/freescale/kds_v3/toolchain/bin/../lib/gcc/arm-none-eabi/4.8.4/../../../../arm-none-eabi/lib/armv6-m\libg_s.a(lib_a-impure.o)
 .data._impure_ptr
                0x1ffff060        0x4 c:/freescale/kds_v3/toolchain/bin/../lib/gcc/arm-none-eabi/4.8.4/../../../../arm-none-eabi/lib/armv6-m\libg_s.a(lib_a-impure.o)
                0x1ffff060                _impure_ptr
 *(.jcr*)
 .jcr           0x1ffff064        0x0 c:/freescale/kds_v3/toolchain/bin/../lib/gcc/arm-none-eabi/4.8.4/armv6-m/crtbegin.o
 .jcr           0x1ffff064        0x4 c:/freescale/kds_v3/toolchain/bin/../lib/gcc/arm-none-eabi/4.8.4/armv6-m/crtend.o
                0x1ffff068                . = ALIGN (0x4)
                0x1ffff068                __data_end__ = .
                0x00001804                __DATA_END = (__DATA_ROM + (__data_end__ - __data_start__))
                0x00020000                text_end = (ORIGIN (m_text) + 0x1fbf0)
                0x00000001                ASSERT ((__DATA_END <= text_end), region m_text overflowed with text and data)

.igot.plt       0x1ffff068        0x0 load address 0x00001804
 .igot.plt      0x00000000        0x0 c:/freescale/kds_v3/toolchain/bin/../lib/gcc/arm-none-eabi/4.8.4/armv6-m/crtbegin.o

.bss            0x1ffff068       0x68 load address 0x00001804
                0x1ffff068                . = ALIGN (0x4)
                0x1ffff068                __START_BSS = .
                0x1ffff068                __bss_start__ = .
 *(.bss)
 .bss           0x1ffff068       0x1c c:/freescale/kds_v3/toolchain/bin/../lib/gcc/arm-none-eabi/4.8.4/armv6-m/crtbegin.o
 *(.bss*)
 .bss.timestamp
                0x1ffff084        0x4 ./Sources/rtc.o
                0x1ffff084                timestamp
 .bss.__malloc_sbrk_start
                0x1ffff088        0x4 c:/freescale/kds_v3/toolchain/bin/../lib/gcc/arm-none-eabi/4.8.4/../../../../arm-none-eabi/lib/armv6-m\libg_s.a(lib_a-nano-mallocr.o)
                0x1ffff088                __malloc_sbrk_start
 .bss.__malloc_free_list
                0x1ffff08c        0x4 c:/freescale/kds_v3/toolchain/bin/../lib/gcc/arm-none-eabi/4.8.4/../../../../arm-none-eabi/lib/armv6-m\libg_s.a(lib_a-nano-mallocr.o)
                0x1ffff08c                __malloc_free_list
 .bss.heap_end.4246
                0x1ffff090        0x4 c:/freescale/kds_v3/toolchain/bin/../lib/gcc/arm-none-eabi/4.8.4/../../../../arm-none-eabi/lib/armv6-m\libnosys.a(sbrk.o)
 *(COMMON)
 COMMON         0x1ffff094       0x28 ./Sources/analysis.o
                0x1ffff094                rx_buf
                0x1ffff0a8                tx_buf
 COMMON         0x1ffff0bc       0x10 ./Sources/main.o
                0x1ffff0bc                log
                0x1ffff0c0                myrtc
                0x1ffff0c8                rtc_time
 COMMON         0x1ffff0cc        0x4 c:/freescale/kds_v3/toolchain/bin/../lib/gcc/arm-none-eabi/4.8.4/../../../../arm-none-eabi/lib/armv6-m\libg_s.a(lib_a-reent.o)
                0x1ffff0cc                errno
                0x1ffff0d0                . = ALIGN (0x4)
                0x1ffff0d0                __bss_end__ = .
                0x1ffff0d0                __END_BSS = .

.heap           0x1ffff0d0      0x400 load address 0x0000186c
                0x1ffff0d0                . = ALIGN (0x8)
                0x1ffff0d0                __end__ = .
                0x1ffff0d0                PROVIDE (end, .)
                0x1ffff0d0                __HeapBase = .
                0x1ffff4d0                . = (. + HEAP_SIZE)
 *fill*         0x1ffff0d0      0x400 
                0x1ffff4d0                __HeapLimit = .

.stack          0x1ffff4d0      0x400 load address 0x00001c6c
                0x1ffff4d0                . = ALIGN (0x8)
                0x1ffff8d0                . = (. + STACK_SIZE)
 *fill*         0x1ffff4d0      0x400 
                0x20003000                __StackTop = (ORIGIN (m_data) + 0x4000)
                0x20002c00                __StackLimit = (__StackTop - STACK_SIZE)
                0x20003000                PROVIDE (__stack, __StackTop)

.ARM.attributes
                0x00000000       0x28
 *(.ARM.attributes)
 .ARM.attributes
                0x00000000       0x1e c:/freescale/kds_v3/toolchain/bin/../lib/gcc/arm-none-eabi/4.8.4/armv6-m/crti.o
 .ARM.attributes
                0x0000001e       0x2c c:/freescale/kds_v3/toolchain/bin/../lib/gcc/arm-none-eabi/4.8.4/armv6-m/crtbegin.o
 .ARM.attributes
                0x0000004a       0x1b c:/freescale/kds_v3/toolchain/bin/../lib/gcc/arm-none-eabi/4.8.4/../../../../arm-none-eabi/lib/armv6-m/crt0.o
 .ARM.attributes
                0x00000065       0x32 ./Sources/analysis.o
 .ARM.attributes
                0x00000097       0x32 ./Sources/circbuf.o
 .ARM.attributes
                0x000000c9       0x32 ./Sources/data.o
 .ARM.attributes
                0x000000fb       0x32 ./Sources/log.o
 .ARM.attributes
                0x0000012d       0x32 ./Sources/main.o
 .ARM.attributes
                0x0000015f       0x32 ./Sources/rtc.o
 .ARM.attributes
                0x00000191       0x32 ./Sources/uart.o
 .ARM.attributes
                0x000001c3       0x32 ./Project_Settings/Startup_Code/startup.o
 .ARM.attributes
                0x000001f5       0x1b ./Project_Settings/Startup_Code/startup_MKL25Z4.o
 .ARM.attributes
                0x00000210       0x32 ./Project_Settings/Startup_Code/system_MKL25Z4.o
 .ARM.attributes
                0x00000242       0x1e c:/freescale/kds_v3/toolchain/bin/../lib/gcc/arm-none-eabi/4.8.4/armv6-m\libgcc.a(_udivsi3.o)
 .ARM.attributes
                0x00000260       0x1e c:/freescale/kds_v3/toolchain/bin/../lib/gcc/arm-none-eabi/4.8.4/armv6-m\libgcc.a(_divsi3.o)
 .ARM.attributes
                0x0000027e       0x1e c:/freescale/kds_v3/toolchain/bin/../lib/gcc/arm-none-eabi/4.8.4/armv6-m\libgcc.a(_dvmd_tls.o)
 .ARM.attributes
                0x0000029c       0x2c c:/freescale/kds_v3/toolchain/bin/../lib/gcc/arm-none-eabi/4.8.4/../../../../arm-none-eabi/lib/armv6-m\libg_s.a(lib_a-exit.o)
 .ARM.attributes
                0x000002c8       0x2c c:/freescale/kds_v3/toolchain/bin/../lib/gcc/arm-none-eabi/4.8.4/../../../../arm-none-eabi/lib/armv6-m\libg_s.a(lib_a-impure.o)
 .ARM.attributes
                0x000002f4       0x2c c:/freescale/kds_v3/toolchain/bin/../lib/gcc/arm-none-eabi/4.8.4/../../../../arm-none-eabi/lib/armv6-m\libg_s.a(lib_a-init.o)
 .ARM.attributes
                0x00000320       0x2c c:/freescale/kds_v3/toolchain/bin/../lib/gcc/arm-none-eabi/4.8.4/../../../../arm-none-eabi/lib/armv6-m\libg_s.a(lib_a-malloc.o)
 .ARM.attributes
                0x0000034c       0x2c c:/freescale/kds_v3/toolchain/bin/../lib/gcc/arm-none-eabi/4.8.4/../../../../arm-none-eabi/lib/armv6-m\libg_s.a(lib_a-memset.o)
 .ARM.attributes
                0x00000378       0x2c c:/freescale/kds_v3/toolchain/bin/../lib/gcc/arm-none-eabi/4.8.4/../../../../arm-none-eabi/lib/armv6-m\libg_s.a(lib_a-nano-mallocr.o)
 .ARM.attributes
                0x000003a4       0x2c c:/freescale/kds_v3/toolchain/bin/../lib/gcc/arm-none-eabi/4.8.4/../../../../arm-none-eabi/lib/armv6-m\libg_s.a(lib_a-sbrkr.o)
 .ARM.attributes
                0x000003d0       0x2c c:/freescale/kds_v3/toolchain/bin/../lib/gcc/arm-none-eabi/4.8.4/../../../../arm-none-eabi/lib/armv6-m\libg_s.a(lib_a-findfp.o)
 .ARM.attributes
                0x000003fc       0x2c c:/freescale/kds_v3/toolchain/bin/../lib/gcc/arm-none-eabi/4.8.4/../../../../arm-none-eabi/lib/armv6-m\libg_s.a(lib_a-reent.o)
 .ARM.attributes
                0x00000428       0x2c c:/freescale/kds_v3/toolchain/bin/../lib/gcc/arm-none-eabi/4.8.4/../../../../arm-none-eabi/lib/armv6-m\libnosys.a(sbrk.o)
 .ARM.attributes
                0x00000454       0x2c c:/freescale/kds_v3/toolchain/bin/../lib/gcc/arm-none-eabi/4.8.4/../../../../arm-none-eabi/lib/armv6-m\libnosys.a(_exit.o)
 .ARM.attributes
                0x00000480       0x2c c:/freescale/kds_v3/toolchain/bin/../lib/gcc/arm-none-eabi/4.8.4/armv6-m/crtend.o
 .ARM.attributes
                0x000004ac       0x1e c:/freescale/kds_v3/toolchain/bin/../lib/gcc/arm-none-eabi/4.8.4/armv6-m/crtn.o
                0x00000001                ASSERT ((__StackLimit >= __HeapLimit), region m_data overflowed with stack and heap)
OUTPUT(logging.elf elf32-littlearm)

.debug_info     0x00000000     0x282e
 .debug_info    0x00000000      0x249 ./Sources/analysis.o
 .debug_info    0x00000249      0x326 ./Sources/circbuf.o
 .debug_info    0x0000056f      0x309 ./Sources/data.o
 .debug_info    0x00000878      0x488 ./Sources/log.o
 .debug_info    0x00000d00      0x48e ./Sources/main.o
 .debug_info    0x0000118e      0x79d ./Sources/rtc.o
 .debug_info    0x0000192b      0x7f4 ./Sources/uart.o
 .debug_info    0x0000211f      0x296 ./Project_Settings/Startup_Code/startup.o
 .debug_info    0x000023b5       0x85 ./Project_Settings/Startup_Code/startup_MKL25Z4.o
 .debug_info    0x0000243a      0x3f4 ./Project_Settings/Startup_Code/system_MKL25Z4.o

.debug_abbrev   0x00000000      0xb4a
 .debug_abbrev  0x00000000       0xf8 ./Sources/analysis.o
 .debug_abbrev  0x000000f8      0x121 ./Sources/circbuf.o
 .debug_abbrev  0x00000219       0xfd ./Sources/data.o
 .debug_abbrev  0x00000316      0x168 ./Sources/log.o
 .debug_abbrev  0x0000047e      0x167 ./Sources/main.o
 .debug_abbrev  0x000005e5      0x182 ./Sources/rtc.o
 .debug_abbrev  0x00000767      0x1dd ./Sources/uart.o
 .debug_abbrev  0x00000944       0xe9 ./Project_Settings/Startup_Code/startup.o
 .debug_abbrev  0x00000a2d       0x14 ./Project_Settings/Startup_Code/startup_MKL25Z4.o
 .debug_abbrev  0x00000a41      0x109 ./Project_Settings/Startup_Code/system_MKL25Z4.o

.debug_aranges  0x00000000      0x218
 .debug_aranges
                0x00000000       0x20 ./Sources/analysis.o
 .debug_aranges
                0x00000020       0x50 ./Sources/circbuf.o
 .debug_aranges
                0x00000070       0x40 ./Sources/data.o
 .debug_aranges
                0x000000b0       0x58 ./Sources/log.o
 .debug_aranges
                0x00000108       0x28 ./Sources/main.o
 .debug_aranges
                0x00000130       0x30 ./Sources/rtc.o
 .debug_aranges
                0x00000160       0x50 ./Sources/uart.o
 .debug_aranges
                0x000001b0       0x20 ./Project_Settings/Startup_Code/startup.o
 .debug_aranges
                0x000001d0       0x20 ./Project_Settings/Startup_Code/startup_MKL25Z4.o
 .debug_aranges
                0x000001f0       0x28 ./Project_Settings/Startup_Code/system_MKL25Z4.o

.debug_ranges   0x00000000      0x168
 .debug_ranges  0x00000000       0x10 ./Sources/analysis.o
 .debug_ranges  0x00000010       0x40 ./Sources/circbuf.o
 .debug_ranges  0x00000050       0x30 ./Sources/data.o
 .debug_ranges  0x00000080       0x48 ./Sources/log.o
 .debug_ranges  0x000000c8       0x18 ./Sources/main.o
 .debug_ranges  0x000000e0       0x20 ./Sources/rtc.o
 .debug_ranges  0x00000100       0x40 ./Sources/uart.o
 .debug_ranges  0x00000140       0x10 ./Project_Settings/Startup_Code/startup.o
 .debug_ranges  0x00000150       0x18 ./Project_Settings/Startup_Code/system_MKL25Z4.o

.debug_macro    0x00000000    0x137a2
 .debug_macro   0x00000000      0x191 ./Sources/analysis.o
 .debug_macro   0x00000191      0x808 ./Sources/analysis.o
 .debug_macro   0x00000999       0x58 ./Sources/analysis.o
 .debug_macro   0x000009f1       0x16 ./Sources/analysis.o
 .debug_macro   0x00000a07       0x35 ./Sources/analysis.o
 .debug_macro   0x00000a3c       0xa3 ./Sources/analysis.o
 .debug_macro   0x00000adf       0x16 ./Sources/analysis.o
 .debug_macro   0x00000af5       0x97 ./Sources/analysis.o
 .debug_macro   0x00000b8c       0x10 ./Sources/analysis.o
 .debug_macro   0x00000b9c       0xef ./Sources/analysis.o
 .debug_macro   0x00000c8b       0x4a ./Sources/analysis.o
 .debug_macro   0x00000cd5       0x52 ./Sources/analysis.o
 .debug_macro   0x00000d27       0x16 ./Sources/analysis.o
 .debug_macro   0x00000d3d       0x43 ./Sources/analysis.o
 .debug_macro   0x00000d80      0x180 ./Sources/analysis.o
 .debug_macro   0x00000f00       0x10 ./Sources/analysis.o
 .debug_macro   0x00000f10       0x22 ./Sources/analysis.o
 .debug_macro   0x00000f32       0xbd ./Sources/analysis.o
 .debug_macro   0x00000fef       0x16 ./Sources/analysis.o
 .debug_macro   0x00001005      0x14a ./Sources/analysis.o
 .debug_macro   0x0000114f       0x16 ./Sources/analysis.o
 .debug_macro   0x00001165       0x35 ./Sources/analysis.o
 .debug_macro   0x0000119a       0x22 ./Sources/analysis.o
 .debug_macro   0x000011bc      0x20f ./Sources/analysis.o
 .debug_macro   0x000013cb       0x4c ./Sources/analysis.o
 .debug_macro   0x00001417       0x3a ./Sources/analysis.o
 .debug_macro   0x00001451       0x26 ./Sources/analysis.o
 .debug_macro   0x00001477      0x306 ./Sources/analysis.o
 .debug_macro   0x0000177d       0x63 ./Sources/analysis.o
 .debug_macro   0x000017e0     0x8439 ./Sources/analysis.o
 .debug_macro   0x00009c19       0x10 ./Sources/analysis.o
 .debug_macro   0x00009c29       0x16 ./Sources/analysis.o
 .debug_macro   0x00009c3f      0x185 ./Sources/circbuf.o
 .debug_macro   0x00009dc4       0x16 ./Sources/circbuf.o
 .debug_macro   0x00009dda       0x44 ./Sources/circbuf.o
 .debug_macro   0x00009e1e      0x209 ./Sources/circbuf.o
 .debug_macro   0x0000a027       0x3a ./Sources/circbuf.o
 .debug_macro   0x0000a061      0x107 ./Sources/data.o
 .debug_macro   0x0000a168       0x16 ./Sources/data.o
 .debug_macro   0x0000a17e      0x19f ./Sources/log.o
 .debug_macro   0x0000a31d       0x2e ./Sources/log.o
 .debug_macro   0x0000a34b      0x1fe ./Sources/main.o
 .debug_macro   0x0000a549       0x34 ./Sources/main.o
 .debug_macro   0x0000a57d      0x2a6 ./Sources/main.o
 .debug_macro   0x0000a823       0x10 ./Sources/main.o
 .debug_macro   0x0000a833       0x10 ./Sources/main.o
 .debug_macro   0x0000a843      0x185 ./Sources/rtc.o
 .debug_macro   0x0000a9c8      0x1a1 ./Sources/uart.o
 .debug_macro   0x0000ab69      0x167 ./Project_Settings/Startup_Code/startup.o
 .debug_macro   0x0000acd0       0x11 ./Project_Settings/Startup_Code/startup.o
 .debug_macro   0x0000ace1      0x10e ./Project_Settings/Startup_Code/startup.o
 .debug_macro   0x0000adef       0x7f ./Project_Settings/Startup_Code/startup.o
 .debug_macro   0x0000ae6e       0x7c ./Project_Settings/Startup_Code/startup.o
 .debug_macro   0x0000aeea     0x7658 ./Project_Settings/Startup_Code/startup.o
 .debug_macro   0x00012542     0x1108 ./Project_Settings/Startup_Code/startup.o
 .debug_macro   0x0001364a      0x158 ./Project_Settings/Startup_Code/system_MKL25Z4.o

.debug_line     0x00000000     0x2020
 .debug_line    0x00000000      0x33f ./Sources/analysis.o
 .debug_line    0x0000033f      0x3b9 ./Sources/circbuf.o
 .debug_line    0x000006f8      0x33e ./Sources/data.o
 .debug_line    0x00000a36      0x3d0 ./Sources/log.o
 .debug_line    0x00000e06      0x3c1 ./Sources/main.o
 .debug_line    0x000011c7      0x376 ./Sources/rtc.o
 .debug_line    0x0000153d      0x3c0 ./Sources/uart.o
 .debug_line    0x000018fd      0x34b ./Project_Settings/Startup_Code/startup.o
 .debug_line    0x00001c48       0x6c ./Project_Settings/Startup_Code/startup_MKL25Z4.o
 .debug_line    0x00001cb4      0x36c ./Project_Settings/Startup_Code/system_MKL25Z4.o

.debug_str      0x00000000    0x9dc72
 .debug_str     0x00000000    0x33dc3 ./Sources/analysis.o
                              0x3426e (size before relaxing)
 .debug_str     0x00033dc3      0x1be ./Sources/circbuf.o
                              0x34352 (size before relaxing)
 .debug_str     0x00033f81       0xbe ./Sources/data.o
                               0x4e58 (size before relaxing)
 .debug_str     0x0003403f      0x34a ./Sources/log.o
                              0x345ad (size before relaxing)
 .debug_str     0x00034389      0xfe2 ./Sources/main.o
                              0x355e2 (size before relaxing)
 .debug_str     0x0003536b      0x34c ./Sources/rtc.o
                              0x34526 (size before relaxing)
 .debug_str     0x000356b7       0x58 ./Sources/uart.o
                              0x3484c (size before relaxing)
 .debug_str     0x0003570f    0x684ec ./Project_Settings/Startup_Code/startup.o
                              0x9bc64 (size before relaxing)
 .debug_str     0x0009dbfb       0x77 ./Project_Settings/Startup_Code/system_MKL25Z4.o
                              0x9bcab (size before relaxing)

.comment        0x00000000       0x70
 .comment       0x00000000       0x70 ./Sources/analysis.o
                                 0x71 (size before relaxing)
 .comment       0x00000000       0x71 ./Sources/circbuf.o
 .comment       0x00000000       0x71 ./Sources/data.o
 .comment       0x00000000       0x71 ./Sources/log.o
 .comment       0x00000000       0x71 ./Sources/main.o
 .comment       0x00000000       0x71 ./Sources/rtc.o
 .comment       0x00000000       0x71 ./Sources/uart.o
 .comment       0x00000000       0x71 ./Project_Settings/Startup_Code/startup.o
 .comment       0x00000000       0x71 ./Project_Settings/Startup_Code/system_MKL25Z4.o

.debug_frame    0x00000000      0x820
 .debug_frame   0x00000000       0x30 ./Sources/analysis.o
 .debug_frame   0x00000030       0xf0 ./Sources/circbuf.o
 .debug_frame   0x00000120       0xb0 ./Sources/data.o
 .debug_frame   0x000001d0      0x108 ./Sources/log.o
 .debug_frame   0x000002d8       0x54 ./Sources/main.o
 .debug_frame   0x0000032c       0x6c ./Sources/rtc.o
 .debug_frame   0x00000398       0xf0 ./Sources/uart.o
 .debug_frame   0x00000488       0x30 ./Project_Settings/Startup_Code/startup.o
 .debug_frame   0x000004b8       0x4c ./Project_Settings/Startup_Code/system_MKL25Z4.o
 .debug_frame   0x00000504       0x20 c:/freescale/kds_v3/toolchain/bin/../lib/gcc/arm-none-eabi/4.8.4/armv6-m\libgcc.a(_udivsi3.o)
 .debug_frame   0x00000524       0x20 c:/freescale/kds_v3/toolchain/bin/../lib/gcc/arm-none-eabi/4.8.4/armv6-m\libgcc.a(_divsi3.o)
 .debug_frame   0x00000544       0x28 c:/freescale/kds_v3/toolchain/bin/../lib/gcc/arm-none-eabi/4.8.4/../../../../arm-none-eabi/lib/armv6-m\libg_s.a(lib_a-exit.o)
 .debug_frame   0x0000056c       0x2c c:/freescale/kds_v3/toolchain/bin/../lib/gcc/arm-none-eabi/4.8.4/../../../../arm-none-eabi/lib/armv6-m\libg_s.a(lib_a-init.o)
 .debug_frame   0x00000598       0x40 c:/freescale/kds_v3/toolchain/bin/../lib/gcc/arm-none-eabi/4.8.4/../../../../arm-none-eabi/lib/armv6-m\libg_s.a(lib_a-malloc.o)
 .debug_frame   0x000005d8       0x20 c:/freescale/kds_v3/toolchain/bin/../lib/gcc/arm-none-eabi/4.8.4/../../../../arm-none-eabi/lib/armv6-m\libg_s.a(lib_a-memset.o)
 .debug_frame   0x000005f8       0x2c c:/freescale/kds_v3/toolchain/bin/../lib/gcc/arm-none-eabi/4.8.4/../../../../arm-none-eabi/lib/armv6-m\libg_s.a(lib_a-nano-mallocr.o)
 .debug_frame   0x00000624       0x2c c:/freescale/kds_v3/toolchain/bin/../lib/gcc/arm-none-eabi/4.8.4/../../../../arm-none-eabi/lib/armv6-m\libg_s.a(lib_a-sbrkr.o)
 .debug_frame   0x00000650      0x148 c:/freescale/kds_v3/toolchain/bin/../lib/gcc/arm-none-eabi/4.8.4/../../../../arm-none-eabi/lib/armv6-m\libg_s.a(lib_a-findfp.o)
 .debug_frame   0x00000798       0x48 c:/freescale/kds_v3/toolchain/bin/../lib/gcc/arm-none-eabi/4.8.4/../../../../arm-none-eabi/lib/armv6-m\libg_s.a(lib_a-reent.o)
 .debug_frame   0x000007e0       0x20 c:/freescale/kds_v3/toolchain/bin/../lib/gcc/arm-none-eabi/4.8.4/../../../../arm-none-eabi/lib/armv6-m\libnosys.a(sbrk.o)
 .debug_frame   0x00000800       0x20 c:/freescale/kds_v3/toolchain/bin/../lib/gcc/arm-none-eabi/4.8.4/../../../../arm-none-eabi/lib/armv6-m\libnosys.a(_exit.o)

.stabstr        0x00000000      0x14d
 .stabstr       0x00000000      0x14d c:/freescale/kds_v3/toolchain/bin/../lib/gcc/arm-none-eabi/4.8.4/../../../../arm-none-eabi/lib/armv6-m\libnosys.a(close.o)
