Archive member included because of file (symbol)

c:/freescale/kds_v3/toolchain/bin/../lib/gcc/arm-none-eabi/4.8.4/armv6-m\libgcc.a(_udivsi3.o)
                              ./Sources/timer.o (__aeabi_uidiv)
c:/freescale/kds_v3/toolchain/bin/../lib/gcc/arm-none-eabi/4.8.4/armv6-m\libgcc.a(_divsi3.o)
                              ./Sources/data.o (__aeabi_idiv)
c:/freescale/kds_v3/toolchain/bin/../lib/gcc/arm-none-eabi/4.8.4/armv6-m\libgcc.a(_dvmd_tls.o)
                              c:/freescale/kds_v3/toolchain/bin/../lib/gcc/arm-none-eabi/4.8.4/armv6-m\libgcc.a(_udivsi3.o) (__aeabi_idiv0)
c:/freescale/kds_v3/toolchain/bin/../lib/gcc/arm-none-eabi/4.8.4/../../../../arm-none-eabi/lib/armv6-m\libg_s.a(lib_a-exit.o)
                              c:/freescale/kds_v3/toolchain/bin/../lib/gcc/arm-none-eabi/4.8.4/../../../../arm-none-eabi/lib/armv6-m/crt0.o (exit)
c:/freescale/kds_v3/toolchain/bin/../lib/gcc/arm-none-eabi/4.8.4/../../../../arm-none-eabi/lib/armv6-m\libg_s.a(lib_a-impure.o)
                              c:/freescale/kds_v3/toolchain/bin/../lib/gcc/arm-none-eabi/4.8.4/../../../../arm-none-eabi/lib/armv6-m\libg_s.a(lib_a-exit.o) (_global_impure_ptr)
c:/freescale/kds_v3/toolchain/bin/../lib/gcc/arm-none-eabi/4.8.4/../../../../arm-none-eabi/lib/armv6-m\libg_s.a(lib_a-init.o)
                              c:/freescale/kds_v3/toolchain/bin/../lib/gcc/arm-none-eabi/4.8.4/../../../../arm-none-eabi/lib/armv6-m/crt0.o (__libc_init_array)
c:/freescale/kds_v3/toolchain/bin/../lib/gcc/arm-none-eabi/4.8.4/../../../../arm-none-eabi/lib/armv6-m\libg_s.a(lib_a-memcpy-stub.o)
                              ./Sources/profiler.o (memcpy)
c:/freescale/kds_v3/toolchain/bin/../lib/gcc/arm-none-eabi/4.8.4/../../../../arm-none-eabi/lib/armv6-m\libg_s.a(lib_a-memset.o)
                              c:/freescale/kds_v3/toolchain/bin/../lib/gcc/arm-none-eabi/4.8.4/../../../../arm-none-eabi/lib/armv6-m/crt0.o (memset)
c:/freescale/kds_v3/toolchain/bin/../lib/gcc/arm-none-eabi/4.8.4/../../../../arm-none-eabi/lib/armv6-m\libnosys.a(_exit.o)
                              c:/freescale/kds_v3/toolchain/bin/../lib/gcc/arm-none-eabi/4.8.4/../../../../arm-none-eabi/lib/armv6-m\libg_s.a(lib_a-exit.o) (_exit)

Allocating common symbols
Common symbol       size              file

dst                 0xa               ./Sources/profiler.o
dst3                0x1388            ./Sources/profiler.o
i                   0x1               ./Sources/main.o
dst1                0x64              ./Sources/profiler.o
dst2                0x3e8             ./Sources/profiler.o

Discarded input sections

 .text          0x00000000        0x0 c:/freescale/kds_v3/toolchain/bin/../lib/gcc/arm-none-eabi/4.8.4/armv6-m/crti.o
 .data          0x00000000        0x0 c:/freescale/kds_v3/toolchain/bin/../lib/gcc/arm-none-eabi/4.8.4/armv6-m/crti.o
 .bss           0x00000000        0x0 c:/freescale/kds_v3/toolchain/bin/../lib/gcc/arm-none-eabi/4.8.4/armv6-m/crti.o
 .data          0x00000000        0x4 c:/freescale/kds_v3/toolchain/bin/../lib/gcc/arm-none-eabi/4.8.4/armv6-m/crtbegin.o
 .data          0x00000000        0x0 c:/freescale/kds_v3/toolchain/bin/../lib/gcc/arm-none-eabi/4.8.4/../../../../arm-none-eabi/lib/armv6-m/crt0.o
 .bss           0x00000000        0x0 c:/freescale/kds_v3/toolchain/bin/../lib/gcc/arm-none-eabi/4.8.4/../../../../arm-none-eabi/lib/armv6-m/crt0.o
 .ARM.extab     0x00000000        0x0 c:/freescale/kds_v3/toolchain/bin/../lib/gcc/arm-none-eabi/4.8.4/../../../../arm-none-eabi/lib/armv6-m/crt0.o
 .group         0x00000000        0x8 ./Sources/data.o
 .group         0x00000000        0x8 ./Sources/data.o
 .group         0x00000000        0x8 ./Sources/data.o
 .group         0x00000000        0x8 ./Sources/data.o
 .group         0x00000000        0x8 ./Sources/data.o
 .group         0x00000000        0x8 ./Sources/data.o
 .group         0x00000000        0x8 ./Sources/data.o
 .group         0x00000000        0x8 ./Sources/data.o
 .group         0x00000000        0x8 ./Sources/data.o
 .group         0x00000000        0x8 ./Sources/data.o
 .group         0x00000000        0x8 ./Sources/data.o
 .group         0x00000000        0x8 ./Sources/data.o
 .group         0x00000000        0x8 ./Sources/data.o
 .group         0x00000000        0x8 ./Sources/data.o
 .group         0x00000000        0x8 ./Sources/data.o
 .group         0x00000000        0x8 ./Sources/data.o
 .group         0x00000000        0x8 ./Sources/data.o
 .group         0x00000000        0x8 ./Sources/data.o
 .group         0x00000000        0x8 ./Sources/data.o
 .group         0x00000000        0x8 ./Sources/data.o
 .group         0x00000000        0x8 ./Sources/data.o
 .group         0x00000000        0x8 ./Sources/data.o
 .group         0x00000000        0x8 ./Sources/data.o
 .group         0x00000000        0x8 ./Sources/data.o
 .group         0x00000000        0x8 ./Sources/data.o
 .group         0x00000000        0x8 ./Sources/data.o
 .group         0x00000000        0x8 ./Sources/data.o
 .text          0x00000000        0x0 ./Sources/data.o
 .data          0x00000000        0x0 ./Sources/data.o
 .bss           0x00000000        0x0 ./Sources/data.o
 .text.my_atoi  0x00000000       0x90 ./Sources/data.o
 .text.big_to_little32
                0x00000000       0x88 ./Sources/data.o
 .text.little_to_big32
                0x00000000       0x88 ./Sources/data.o
 .group         0x00000000        0x8 ./Sources/dma.o
 .group         0x00000000        0x8 ./Sources/dma.o
 .group         0x00000000        0x8 ./Sources/dma.o
 .group         0x00000000        0x8 ./Sources/dma.o
 .group         0x00000000        0x8 ./Sources/dma.o
 .group         0x00000000        0x8 ./Sources/dma.o
 .group         0x00000000        0x8 ./Sources/dma.o
 .group         0x00000000        0x8 ./Sources/dma.o
 .group         0x00000000        0x8 ./Sources/dma.o
 .group         0x00000000        0x8 ./Sources/dma.o
 .group         0x00000000        0x8 ./Sources/dma.o
 .group         0x00000000        0x8 ./Sources/dma.o
 .group         0x00000000        0x8 ./Sources/dma.o
 .group         0x00000000        0x8 ./Sources/dma.o
 .group         0x00000000        0x8 ./Sources/dma.o
 .group         0x00000000        0x8 ./Sources/dma.o
 .group         0x00000000        0x8 ./Sources/dma.o
 .group         0x00000000        0x8 ./Sources/dma.o
 .group         0x00000000        0x8 ./Sources/dma.o
 .group         0x00000000        0x8 ./Sources/dma.o
 .group         0x00000000        0x8 ./Sources/dma.o
 .group         0x00000000        0x8 ./Sources/dma.o
 .group         0x00000000        0x8 ./Sources/dma.o
 .group         0x00000000        0x8 ./Sources/dma.o
 .group         0x00000000        0x8 ./Sources/dma.o
 .group         0x00000000        0x8 ./Sources/dma.o
 .text          0x00000000        0x0 ./Sources/dma.o
 .data          0x00000000        0x0 ./Sources/dma.o
 .bss           0x00000000        0x0 ./Sources/dma.o
 .text.DMA_configure
                0x00000000       0x40 ./Sources/dma.o
 .text.memove_dma_one_byte
                0x00000000      0x11c ./Sources/dma.o
 .text.memove_dma_two_byte
                0x00000000      0x110 ./Sources/dma.o
 .text.memove_dma_four_byte
                0x00000000      0x1d8 ./Sources/dma.o
 .text.memzero_dma_one_byte
                0x00000000       0xf0 ./Sources/dma.o
 .text.memzero_dma_two_byte
                0x00000000       0xf8 ./Sources/dma.o
 .text.memzero_dma_four_byte
                0x00000000      0x1b0 ./Sources/dma.o
 .text.overlap  0x00000000       0xa8 ./Sources/dma.o
 .debug_info    0x00000000      0x5b3 ./Sources/dma.o
 .debug_abbrev  0x00000000      0x1af ./Sources/dma.o
 .debug_aranges
                0x00000000       0x58 ./Sources/dma.o
 .debug_ranges  0x00000000       0x48 ./Sources/dma.o
 .debug_macro   0x00000000      0x197 ./Sources/dma.o
 .debug_macro   0x00000000      0x808 ./Sources/dma.o
 .debug_macro   0x00000000       0x16 ./Sources/dma.o
 .debug_macro   0x00000000       0x16 ./Sources/dma.o
 .debug_macro   0x00000000       0x44 ./Sources/dma.o
 .debug_macro   0x00000000      0x209 ./Sources/dma.o
 .debug_macro   0x00000000       0x3a ./Sources/dma.o
 .debug_macro   0x00000000       0x3a ./Sources/dma.o
 .debug_macro   0x00000000       0x26 ./Sources/dma.o
 .debug_macro   0x00000000      0x306 ./Sources/dma.o
 .debug_macro   0x00000000       0x63 ./Sources/dma.o
 .debug_macro   0x00000000     0x8439 ./Sources/dma.o
 .debug_macro   0x00000000       0x58 ./Sources/dma.o
 .debug_macro   0x00000000       0x35 ./Sources/dma.o
 .debug_macro   0x00000000       0xa3 ./Sources/dma.o
 .debug_macro   0x00000000       0x16 ./Sources/dma.o
 .debug_macro   0x00000000      0x10e ./Sources/dma.o
 .debug_macro   0x00000000       0x7f ./Sources/dma.o
 .debug_macro   0x00000000       0x52 ./Sources/dma.o
 .debug_macro   0x00000000       0x16 ./Sources/dma.o
 .debug_macro   0x00000000       0x43 ./Sources/dma.o
 .debug_macro   0x00000000      0x180 ./Sources/dma.o
 .debug_macro   0x00000000       0x22 ./Sources/dma.o
 .debug_macro   0x00000000      0x2a6 ./Sources/dma.o
 .debug_macro   0x00000000       0x10 ./Sources/dma.o
 .debug_macro   0x00000000       0x35 ./Sources/dma.o
 .debug_macro   0x00000000       0x34 ./Sources/dma.o
 .debug_line    0x00000000      0x42e ./Sources/dma.o
 .debug_str     0x00000000    0x3493c ./Sources/dma.o
 .comment       0x00000000       0x71 ./Sources/dma.o
 .ARM.attributes
                0x00000000       0x32 ./Sources/dma.o
 .debug_frame   0x00000000      0x10c ./Sources/dma.o
 .group         0x00000000        0x8 ./Sources/main.o
 .group         0x00000000        0x8 ./Sources/main.o
 .group         0x00000000        0x8 ./Sources/main.o
 .group         0x00000000        0x8 ./Sources/main.o
 .group         0x00000000        0x8 ./Sources/main.o
 .group         0x00000000        0x8 ./Sources/main.o
 .group         0x00000000        0x8 ./Sources/main.o
 .group         0x00000000        0x8 ./Sources/main.o
 .group         0x00000000        0x8 ./Sources/main.o
 .group         0x00000000        0x8 ./Sources/main.o
 .group         0x00000000        0x8 ./Sources/main.o
 .group         0x00000000        0x8 ./Sources/main.o
 .group         0x00000000        0x8 ./Sources/main.o
 .group         0x00000000        0x8 ./Sources/main.o
 .group         0x00000000        0x8 ./Sources/main.o
 .group         0x00000000        0x8 ./Sources/main.o
 .group         0x00000000        0x8 ./Sources/main.o
 .group         0x00000000        0x8 ./Sources/main.o
 .group         0x00000000        0x8 ./Sources/main.o
 .group         0x00000000        0x8 ./Sources/main.o
 .group         0x00000000        0x8 ./Sources/main.o
 .group         0x00000000        0x8 ./Sources/main.o
 .group         0x00000000        0x8 ./Sources/main.o
 .group         0x00000000        0x8 ./Sources/main.o
 .group         0x00000000        0x8 ./Sources/main.o
 .group         0x00000000        0x8 ./Sources/main.o
 .group         0x00000000        0x8 ./Sources/main.o
 .group         0x00000000        0x8 ./Sources/main.o
 .group         0x00000000        0x8 ./Sources/main.o
 .group         0x00000000        0x8 ./Sources/main.o
 .group         0x00000000        0x8 ./Sources/main.o
 .group         0x00000000        0x8 ./Sources/main.o
 .group         0x00000000        0x8 ./Sources/main.o
 .group         0x00000000        0x8 ./Sources/main.o
 .group         0x00000000        0x8 ./Sources/main.o
 .group         0x00000000        0x8 ./Sources/main.o
 .group         0x00000000        0x8 ./Sources/main.o
 .group         0x00000000        0x8 ./Sources/main.o
 .group         0x00000000        0x8 ./Sources/main.o
 .group         0x00000000        0x8 ./Sources/main.o
 .group         0x00000000        0x8 ./Sources/main.o
 .group         0x00000000        0x8 ./Sources/main.o
 .group         0x00000000        0x8 ./Sources/main.o
 .group         0x00000000        0x8 ./Sources/main.o
 .group         0x00000000        0x8 ./Sources/main.o
 .group         0x00000000        0x8 ./Sources/main.o
 .text          0x00000000        0x0 ./Sources/main.o
 .data          0x00000000        0x0 ./Sources/main.o
 .bss           0x00000000        0x0 ./Sources/main.o
 .debug_macro   0x00000000      0x808 ./Sources/main.o
 .debug_macro   0x00000000       0x16 ./Sources/main.o
 .debug_macro   0x00000000       0x16 ./Sources/main.o
 .debug_macro   0x00000000       0x44 ./Sources/main.o
 .debug_macro   0x00000000      0x209 ./Sources/main.o
 .debug_macro   0x00000000       0x3a ./Sources/main.o
 .debug_macro   0x00000000       0x3a ./Sources/main.o
 .debug_macro   0x00000000       0x26 ./Sources/main.o
 .debug_macro   0x00000000      0x306 ./Sources/main.o
 .debug_macro   0x00000000       0x63 ./Sources/main.o
 .debug_macro   0x00000000     0x8439 ./Sources/main.o
 .debug_macro   0x00000000       0x58 ./Sources/main.o
 .debug_macro   0x00000000       0x35 ./Sources/main.o
 .debug_macro   0x00000000       0xa3 ./Sources/main.o
 .debug_macro   0x00000000       0x16 ./Sources/main.o
 .debug_macro   0x00000000      0x10e ./Sources/main.o
 .debug_macro   0x00000000       0x7f ./Sources/main.o
 .debug_macro   0x00000000       0x52 ./Sources/main.o
 .debug_macro   0x00000000       0x16 ./Sources/main.o
 .debug_macro   0x00000000       0x43 ./Sources/main.o
 .debug_macro   0x00000000      0x180 ./Sources/main.o
 .debug_macro   0x00000000       0x22 ./Sources/main.o
 .debug_macro   0x00000000      0x2a6 ./Sources/main.o
 .debug_macro   0x00000000       0x10 ./Sources/main.o
 .debug_macro   0x00000000       0x35 ./Sources/main.o
 .debug_macro   0x00000000       0x34 ./Sources/main.o
 .debug_macro   0x00000000       0x10 ./Sources/main.o
 .debug_macro   0x00000000       0x22 ./Sources/main.o
 .debug_macro   0x00000000       0xbd ./Sources/main.o
 .debug_macro   0x00000000       0x10 ./Sources/main.o
 .debug_macro   0x00000000       0x16 ./Sources/main.o
 .debug_macro   0x00000000      0x14a ./Sources/main.o
 .debug_macro   0x00000000       0x22 ./Sources/main.o
 .group         0x00000000        0x8 ./Sources/memory.o
 .group         0x00000000        0x8 ./Sources/memory.o
 .group         0x00000000        0x8 ./Sources/memory.o
 .group         0x00000000        0x8 ./Sources/memory.o
 .group         0x00000000        0x8 ./Sources/memory.o
 .group         0x00000000        0x8 ./Sources/memory.o
 .group         0x00000000        0x8 ./Sources/memory.o
 .group         0x00000000        0x8 ./Sources/memory.o
 .group         0x00000000        0x8 ./Sources/memory.o
 .group         0x00000000        0x8 ./Sources/memory.o
 .group         0x00000000        0x8 ./Sources/memory.o
 .group         0x00000000        0x8 ./Sources/memory.o
 .group         0x00000000        0x8 ./Sources/memory.o
 .group         0x00000000        0x8 ./Sources/memory.o
 .group         0x00000000        0x8 ./Sources/memory.o
 .group         0x00000000        0x8 ./Sources/memory.o
 .group         0x00000000        0x8 ./Sources/memory.o
 .group         0x00000000        0x8 ./Sources/memory.o
 .group         0x00000000        0x8 ./Sources/memory.o
 .group         0x00000000        0x8 ./Sources/memory.o
 .group         0x00000000        0x8 ./Sources/memory.o
 .group         0x00000000        0x8 ./Sources/memory.o
 .group         0x00000000        0x8 ./Sources/memory.o
 .group         0x00000000        0x8 ./Sources/memory.o
 .group         0x00000000        0x8 ./Sources/memory.o
 .group         0x00000000        0x8 ./Sources/memory.o
 .text          0x00000000        0x0 ./Sources/memory.o
 .data          0x00000000        0x0 ./Sources/memory.o
 .bss           0x00000000        0x0 ./Sources/memory.o
 .text.my_memmove
                0x00000000       0xbc ./Sources/memory.o
 .text.my_memset
                0x00000000       0x4c ./Sources/memory.o
 .text.my_memzero
                0x00000000       0x48 ./Sources/memory.o
 .debug_macro   0x00000000      0x808 ./Sources/memory.o
 .debug_macro   0x00000000       0x58 ./Sources/memory.o
 .debug_macro   0x00000000       0x16 ./Sources/memory.o
 .debug_macro   0x00000000       0x35 ./Sources/memory.o
 .debug_macro   0x00000000       0xa3 ./Sources/memory.o
 .debug_macro   0x00000000       0x16 ./Sources/memory.o
 .debug_macro   0x00000000       0x97 ./Sources/memory.o
 .debug_macro   0x00000000       0x10 ./Sources/memory.o
 .debug_macro   0x00000000       0xef ./Sources/memory.o
 .debug_macro   0x00000000       0x4a ./Sources/memory.o
 .debug_macro   0x00000000       0x52 ./Sources/memory.o
 .debug_macro   0x00000000       0x16 ./Sources/memory.o
 .debug_macro   0x00000000       0x43 ./Sources/memory.o
 .debug_macro   0x00000000      0x180 ./Sources/memory.o
 .debug_macro   0x00000000       0x10 ./Sources/memory.o
 .debug_macro   0x00000000       0x22 ./Sources/memory.o
 .debug_macro   0x00000000       0xbd ./Sources/memory.o
 .debug_macro   0x00000000       0x16 ./Sources/memory.o
 .debug_macro   0x00000000      0x14a ./Sources/memory.o
 .debug_macro   0x00000000       0x16 ./Sources/memory.o
 .debug_macro   0x00000000       0x35 ./Sources/memory.o
 .debug_macro   0x00000000       0x22 ./Sources/memory.o
 .debug_macro   0x00000000      0x2a6 ./Sources/memory.o
 .debug_macro   0x00000000       0x10 ./Sources/memory.o
 .debug_macro   0x00000000      0x20f ./Sources/memory.o
 .debug_macro   0x00000000       0x22 ./Sources/memory.o
 .group         0x00000000        0x8 ./Sources/memoryopt.o
 .group         0x00000000        0x8 ./Sources/memoryopt.o
 .group         0x00000000        0x8 ./Sources/memoryopt.o
 .group         0x00000000        0x8 ./Sources/memoryopt.o
 .group         0x00000000        0x8 ./Sources/memoryopt.o
 .group         0x00000000        0x8 ./Sources/memoryopt.o
 .group         0x00000000        0x8 ./Sources/memoryopt.o
 .group         0x00000000        0x8 ./Sources/memoryopt.o
 .group         0x00000000        0x8 ./Sources/memoryopt.o
 .group         0x00000000        0x8 ./Sources/memoryopt.o
 .group         0x00000000        0x8 ./Sources/memoryopt.o
 .group         0x00000000        0x8 ./Sources/memoryopt.o
 .group         0x00000000        0x8 ./Sources/memoryopt.o
 .group         0x00000000        0x8 ./Sources/memoryopt.o
 .group         0x00000000        0x8 ./Sources/memoryopt.o
 .group         0x00000000        0x8 ./Sources/memoryopt.o
 .group         0x00000000        0x8 ./Sources/memoryopt.o
 .group         0x00000000        0x8 ./Sources/memoryopt.o
 .group         0x00000000        0x8 ./Sources/memoryopt.o
 .group         0x00000000        0x8 ./Sources/memoryopt.o
 .group         0x00000000        0x8 ./Sources/memoryopt.o
 .group         0x00000000        0x8 ./Sources/memoryopt.o
 .group         0x00000000        0x8 ./Sources/memoryopt.o
 .group         0x00000000        0x8 ./Sources/memoryopt.o
 .group         0x00000000        0x8 ./Sources/memoryopt.o
 .group         0x00000000        0x8 ./Sources/memoryopt.o
 .text          0x00000000        0x0 ./Sources/memoryopt.o
 .data          0x00000000        0x0 ./Sources/memoryopt.o
 .bss           0x00000000        0x0 ./Sources/memoryopt.o
 .text.my_opt_memmove
                0x00000000       0x4c ./Sources/memoryopt.o
 .text.my_opt_memzero
                0x00000000       0x1c ./Sources/memoryopt.o
 .text.my_opt_reverse
                0x00000000       0x44 ./Sources/memoryopt.o
 .debug_macro   0x00000000      0x808 ./Sources/memoryopt.o
 .debug_macro   0x00000000       0x58 ./Sources/memoryopt.o
 .debug_macro   0x00000000       0x16 ./Sources/memoryopt.o
 .debug_macro   0x00000000       0x35 ./Sources/memoryopt.o
 .debug_macro   0x00000000       0xa3 ./Sources/memoryopt.o
 .debug_macro   0x00000000       0x16 ./Sources/memoryopt.o
 .debug_macro   0x00000000       0x97 ./Sources/memoryopt.o
 .debug_macro   0x00000000       0x10 ./Sources/memoryopt.o
 .debug_macro   0x00000000       0xef ./Sources/memoryopt.o
 .debug_macro   0x00000000       0x4a ./Sources/memoryopt.o
 .debug_macro   0x00000000       0x52 ./Sources/memoryopt.o
 .debug_macro   0x00000000       0x16 ./Sources/memoryopt.o
 .debug_macro   0x00000000       0x43 ./Sources/memoryopt.o
 .debug_macro   0x00000000      0x180 ./Sources/memoryopt.o
 .debug_macro   0x00000000       0x10 ./Sources/memoryopt.o
 .debug_macro   0x00000000       0x22 ./Sources/memoryopt.o
 .debug_macro   0x00000000       0xbd ./Sources/memoryopt.o
 .debug_macro   0x00000000       0x16 ./Sources/memoryopt.o
 .debug_macro   0x00000000      0x14a ./Sources/memoryopt.o
 .debug_macro   0x00000000       0x16 ./Sources/memoryopt.o
 .debug_macro   0x00000000       0x35 ./Sources/memoryopt.o
 .debug_macro   0x00000000       0x22 ./Sources/memoryopt.o
 .debug_macro   0x00000000      0x2a6 ./Sources/memoryopt.o
 .debug_macro   0x00000000       0x10 ./Sources/memoryopt.o
 .debug_macro   0x00000000      0x20f ./Sources/memoryopt.o
 .debug_macro   0x00000000       0x22 ./Sources/memoryopt.o
 .group         0x00000000        0x8 ./Sources/profiler.o
 .group         0x00000000        0x8 ./Sources/profiler.o
 .group         0x00000000        0x8 ./Sources/profiler.o
 .group         0x00000000        0x8 ./Sources/profiler.o
 .group         0x00000000        0x8 ./Sources/profiler.o
 .group         0x00000000        0x8 ./Sources/profiler.o
 .group         0x00000000        0x8 ./Sources/profiler.o
 .group         0x00000000        0x8 ./Sources/profiler.o
 .group         0x00000000        0x8 ./Sources/profiler.o
 .group         0x00000000        0x8 ./Sources/profiler.o
 .group         0x00000000        0x8 ./Sources/profiler.o
 .group         0x00000000        0x8 ./Sources/profiler.o
 .group         0x00000000        0x8 ./Sources/profiler.o
 .group         0x00000000        0x8 ./Sources/profiler.o
 .group         0x00000000        0x8 ./Sources/profiler.o
 .group         0x00000000        0x8 ./Sources/profiler.o
 .group         0x00000000        0x8 ./Sources/profiler.o
 .group         0x00000000        0x8 ./Sources/profiler.o
 .group         0x00000000        0x8 ./Sources/profiler.o
 .group         0x00000000        0x8 ./Sources/profiler.o
 .group         0x00000000        0x8 ./Sources/profiler.o
 .group         0x00000000        0x8 ./Sources/profiler.o
 .group         0x00000000        0x8 ./Sources/profiler.o
 .group         0x00000000        0x8 ./Sources/profiler.o
 .group         0x00000000        0x8 ./Sources/profiler.o
 .group         0x00000000        0x8 ./Sources/profiler.o
 .group         0x00000000        0x8 ./Sources/profiler.o
 .group         0x00000000        0x8 ./Sources/profiler.o
 .group         0x00000000        0x8 ./Sources/profiler.o
 .group         0x00000000        0x8 ./Sources/profiler.o
 .group         0x00000000        0x8 ./Sources/profiler.o
 .group         0x00000000        0x8 ./Sources/profiler.o
 .group         0x00000000        0x8 ./Sources/profiler.o
 .group         0x00000000        0x8 ./Sources/profiler.o
 .group         0x00000000        0x8 ./Sources/profiler.o
 .group         0x00000000        0x8 ./Sources/profiler.o
 .group         0x00000000        0x8 ./Sources/profiler.o
 .group         0x00000000        0x8 ./Sources/profiler.o
 .group         0x00000000        0x8 ./Sources/profiler.o
 .group         0x00000000        0x8 ./Sources/profiler.o
 .group         0x00000000        0x8 ./Sources/profiler.o
 .group         0x00000000        0x8 ./Sources/profiler.o
 .text          0x00000000        0x0 ./Sources/profiler.o
 .data          0x00000000        0x0 ./Sources/profiler.o
 .bss           0x00000000        0x0 ./Sources/profiler.o
 .text.profiler_FRDM_DMA_memmove_one_byte
                0x00000000       0x94 ./Sources/profiler.o
 .text.profiler_FRDM_DMA_memmove_two_byte
                0x00000000       0x94 ./Sources/profiler.o
 .text.profiler_FRDM_DMA_memmove_four_byte
                0x00000000       0x94 ./Sources/profiler.o
 .text.profiler_FRDM_DMA_memzero_one_byte
                0x00000000       0x90 ./Sources/profiler.o
 .text.profiler_FRDM_DMA_memzero_two_byte
                0x00000000       0x90 ./Sources/profiler.o
 .text.profiler_FRDM_DMA_memzero_four_byte
                0x00000000       0x90 ./Sources/profiler.o
 .text.profiler_FRDM_NON_DMA_memove
                0x00000000       0xa4 ./Sources/profiler.o
 .text.profiler_FRDM_non_DMA_memzero
                0x00000000       0x8c ./Sources/profiler.o
 .text.profiler_FRDM_STD_LIB_MEMOVE
                0x00000000       0xb0 ./Sources/profiler.o
 .text.profiler_FRDM_STD_LIB_memzero
                0x00000000       0x8c ./Sources/profiler.o
 .text.profiler_NON_DMA_OPT_memove
                0x00000000       0xa4 ./Sources/profiler.o
 .debug_macro   0x00000000      0x808 ./Sources/profiler.o
 .debug_macro   0x00000000       0x58 ./Sources/profiler.o
 .debug_macro   0x00000000       0x16 ./Sources/profiler.o
 .debug_macro   0x00000000       0x35 ./Sources/profiler.o
 .debug_macro   0x00000000       0xa3 ./Sources/profiler.o
 .debug_macro   0x00000000       0x16 ./Sources/profiler.o
 .debug_macro   0x00000000      0x10e ./Sources/profiler.o
 .debug_macro   0x00000000       0x7f ./Sources/profiler.o
 .debug_macro   0x00000000       0x4a ./Sources/profiler.o
 .debug_macro   0x00000000       0x52 ./Sources/profiler.o
 .debug_macro   0x00000000       0x16 ./Sources/profiler.o
 .debug_macro   0x00000000       0x43 ./Sources/profiler.o
 .debug_macro   0x00000000      0x180 ./Sources/profiler.o
 .debug_macro   0x00000000       0x22 ./Sources/profiler.o
 .debug_macro   0x00000000      0x20f ./Sources/profiler.o
 .debug_macro   0x00000000      0x2a6 ./Sources/profiler.o
 .debug_macro   0x00000000       0x10 ./Sources/profiler.o
 .debug_macro   0x00000000       0x35 ./Sources/profiler.o
 .debug_macro   0x00000000       0x16 ./Sources/profiler.o
 .debug_macro   0x00000000       0x10 ./Sources/profiler.o
 .debug_macro   0x00000000       0x10 ./Sources/profiler.o
 .debug_macro   0x00000000       0x10 ./Sources/profiler.o
 .debug_macro   0x00000000       0x22 ./Sources/profiler.o
 .debug_macro   0x00000000       0xbd ./Sources/profiler.o
 .debug_macro   0x00000000       0x2e ./Sources/profiler.o
 .debug_macro   0x00000000       0x22 ./Sources/profiler.o
 .debug_macro   0x00000000       0x1c ./Sources/profiler.o
 .debug_macro   0x00000000       0x10 ./Sources/profiler.o
 .debug_macro   0x00000000       0x16 ./Sources/profiler.o
 .debug_macro   0x00000000      0x14a ./Sources/profiler.o
 .debug_macro   0x00000000       0x22 ./Sources/profiler.o
 .debug_macro   0x00000000       0x22 ./Sources/profiler.o
 .debug_macro   0x00000000       0x3a ./Sources/profiler.o
 .debug_macro   0x00000000       0x26 ./Sources/profiler.o
 .debug_macro   0x00000000      0x306 ./Sources/profiler.o
 .debug_macro   0x00000000       0x63 ./Sources/profiler.o
 .debug_macro   0x00000000     0x8439 ./Sources/profiler.o
 .debug_macro   0x00000000       0x22 ./Sources/profiler.o
 .debug_macro   0x00000000       0x40 ./Sources/profiler.o
 .debug_macro   0x00000000       0x34 ./Sources/profiler.o
 COMMON         0x00000000     0x17e0 ./Sources/profiler.o
 .group         0x00000000        0x8 ./Sources/timer.o
 .group         0x00000000        0x8 ./Sources/timer.o
 .group         0x00000000        0x8 ./Sources/timer.o
 .group         0x00000000        0x8 ./Sources/timer.o
 .group         0x00000000        0x8 ./Sources/timer.o
 .group         0x00000000        0x8 ./Sources/timer.o
 .group         0x00000000        0x8 ./Sources/timer.o
 .group         0x00000000        0x8 ./Sources/timer.o
 .group         0x00000000        0x8 ./Sources/timer.o
 .group         0x00000000        0x8 ./Sources/timer.o
 .group         0x00000000        0x8 ./Sources/timer.o
 .group         0x00000000        0x8 ./Sources/timer.o
 .group         0x00000000        0x8 ./Sources/timer.o
 .group         0x00000000        0x8 ./Sources/timer.o
 .group         0x00000000        0x8 ./Sources/timer.o
 .group         0x00000000        0x8 ./Sources/timer.o
 .group         0x00000000        0x8 ./Sources/timer.o
 .group         0x00000000        0x8 ./Sources/timer.o
 .group         0x00000000        0x8 ./Sources/timer.o
 .group         0x00000000        0x8 ./Sources/timer.o
 .group         0x00000000        0x8 ./Sources/timer.o
 .group         0x00000000        0x8 ./Sources/timer.o
 .group         0x00000000        0x8 ./Sources/timer.o
 .group         0x00000000        0x8 ./Sources/timer.o
 .group         0x00000000        0x8 ./Sources/timer.o
 .group         0x00000000        0x8 ./Sources/timer.o
 .group         0x00000000        0x8 ./Sources/timer.o
 .group         0x00000000        0x8 ./Sources/timer.o
 .group         0x00000000        0x8 ./Sources/timer.o
 .group         0x00000000        0x8 ./Sources/timer.o
 .group         0x00000000        0x8 ./Sources/timer.o
 .group         0x00000000        0x8 ./Sources/timer.o
 .group         0x00000000        0x8 ./Sources/timer.o
 .group         0x00000000        0x8 ./Sources/timer.o
 .text          0x00000000        0x0 ./Sources/timer.o
 .data          0x00000000        0x0 ./Sources/timer.o
 .bss           0x00000000        0x0 ./Sources/timer.o
 .debug_macro   0x00000000      0x808 ./Sources/timer.o
 .debug_macro   0x00000000       0x16 ./Sources/timer.o
 .debug_macro   0x00000000       0x16 ./Sources/timer.o
 .debug_macro   0x00000000       0x44 ./Sources/timer.o
 .debug_macro   0x00000000      0x209 ./Sources/timer.o
 .debug_macro   0x00000000       0x3a ./Sources/timer.o
 .debug_macro   0x00000000       0x3a ./Sources/timer.o
 .debug_macro   0x00000000       0x26 ./Sources/timer.o
 .debug_macro   0x00000000      0x306 ./Sources/timer.o
 .debug_macro   0x00000000       0x63 ./Sources/timer.o
 .debug_macro   0x00000000     0x8439 ./Sources/timer.o
 .debug_macro   0x00000000       0x58 ./Sources/timer.o
 .debug_macro   0x00000000       0x35 ./Sources/timer.o
 .debug_macro   0x00000000       0xa3 ./Sources/timer.o
 .debug_macro   0x00000000       0x16 ./Sources/timer.o
 .debug_macro   0x00000000      0x10e ./Sources/timer.o
 .debug_macro   0x00000000       0x7f ./Sources/timer.o
 .debug_macro   0x00000000       0x52 ./Sources/timer.o
 .debug_macro   0x00000000       0x16 ./Sources/timer.o
 .debug_macro   0x00000000       0x43 ./Sources/timer.o
 .debug_macro   0x00000000      0x180 ./Sources/timer.o
 .debug_macro   0x00000000       0x22 ./Sources/timer.o
 .debug_macro   0x00000000      0x2a6 ./Sources/timer.o
 .debug_macro   0x00000000       0x10 ./Sources/timer.o
 .debug_macro   0x00000000       0x35 ./Sources/timer.o
 .debug_macro   0x00000000       0x1c ./Sources/timer.o
 .debug_macro   0x00000000       0x10 ./Sources/timer.o
 .debug_macro   0x00000000       0x10 ./Sources/timer.o
 .debug_macro   0x00000000       0x22 ./Sources/timer.o
 .debug_macro   0x00000000       0xbd ./Sources/timer.o
 .debug_macro   0x00000000       0x16 ./Sources/timer.o
 .debug_macro   0x00000000      0x14a ./Sources/timer.o
 .debug_macro   0x00000000       0x34 ./Sources/timer.o
 .group         0x00000000        0x8 ./Sources/uart.o
 .group         0x00000000        0x8 ./Sources/uart.o
 .group         0x00000000        0x8 ./Sources/uart.o
 .group         0x00000000        0x8 ./Sources/uart.o
 .group         0x00000000        0x8 ./Sources/uart.o
 .group         0x00000000        0x8 ./Sources/uart.o
 .group         0x00000000        0x8 ./Sources/uart.o
 .group         0x00000000        0x8 ./Sources/uart.o
 .group         0x00000000        0x8 ./Sources/uart.o
 .group         0x00000000        0x8 ./Sources/uart.o
 .group         0x00000000        0x8 ./Sources/uart.o
 .group         0x00000000        0x8 ./Sources/uart.o
 .group         0x00000000        0x8 ./Sources/uart.o
 .group         0x00000000        0x8 ./Sources/uart.o
 .group         0x00000000        0x8 ./Sources/uart.o
 .group         0x00000000        0x8 ./Sources/uart.o
 .group         0x00000000        0x8 ./Sources/uart.o
 .group         0x00000000        0x8 ./Sources/uart.o
 .group         0x00000000        0x8 ./Sources/uart.o
 .group         0x00000000        0x8 ./Sources/uart.o
 .group         0x00000000        0x8 ./Sources/uart.o
 .group         0x00000000        0x8 ./Sources/uart.o
 .group         0x00000000        0x8 ./Sources/uart.o
 .group         0x00000000        0x8 ./Sources/uart.o
 .group         0x00000000        0x8 ./Sources/uart.o
 .group         0x00000000        0x8 ./Sources/uart.o
 .group         0x00000000        0x8 ./Sources/uart.o
 .text          0x00000000        0x0 ./Sources/uart.o
 .data          0x00000000        0x0 ./Sources/uart.o
 .bss           0x00000000        0x0 ./Sources/uart.o
 .text.uart_send_n_bytes
                0x00000000       0x48 ./Sources/uart.o
 .text.uart_receive_byte
                0x00000000       0x30 ./Sources/uart.o
 .debug_macro   0x00000000      0x808 ./Sources/uart.o
 .debug_macro   0x00000000       0x58 ./Sources/uart.o
 .debug_macro   0x00000000       0x16 ./Sources/uart.o
 .debug_macro   0x00000000       0x35 ./Sources/uart.o
 .debug_macro   0x00000000       0xa3 ./Sources/uart.o
 .debug_macro   0x00000000       0x16 ./Sources/uart.o
 .debug_macro   0x00000000       0x97 ./Sources/uart.o
 .debug_macro   0x00000000       0x10 ./Sources/uart.o
 .debug_macro   0x00000000       0xef ./Sources/uart.o
 .debug_macro   0x00000000       0x4a ./Sources/uart.o
 .debug_macro   0x00000000       0x52 ./Sources/uart.o
 .debug_macro   0x00000000       0x16 ./Sources/uart.o
 .debug_macro   0x00000000       0x43 ./Sources/uart.o
 .debug_macro   0x00000000      0x180 ./Sources/uart.o
 .debug_macro   0x00000000       0x10 ./Sources/uart.o
 .debug_macro   0x00000000       0x22 ./Sources/uart.o
 .debug_macro   0x00000000       0xbd ./Sources/uart.o
 .debug_macro   0x00000000       0x16 ./Sources/uart.o
 .debug_macro   0x00000000      0x14a ./Sources/uart.o
 .debug_macro   0x00000000      0x20f ./Sources/uart.o
 .debug_macro   0x00000000       0x4c ./Sources/uart.o
 .debug_macro   0x00000000       0x3a ./Sources/uart.o
 .debug_macro   0x00000000       0x26 ./Sources/uart.o
 .debug_macro   0x00000000      0x306 ./Sources/uart.o
 .debug_macro   0x00000000       0x63 ./Sources/uart.o
 .debug_macro   0x00000000     0x8439 ./Sources/uart.o
 .group         0x00000000        0x8 ./Project_Settings/Startup_Code/startup.o
 .group         0x00000000        0x8 ./Project_Settings/Startup_Code/startup.o
 .group         0x00000000        0x8 ./Project_Settings/Startup_Code/startup.o
 .group         0x00000000        0x8 ./Project_Settings/Startup_Code/startup.o
 .group         0x00000000        0x8 ./Project_Settings/Startup_Code/startup.o
 .group         0x00000000        0x8 ./Project_Settings/Startup_Code/startup.o
 .group         0x00000000        0x8 ./Project_Settings/Startup_Code/startup.o
 .group         0x00000000        0x8 ./Project_Settings/Startup_Code/startup.o
 .group         0x00000000        0x8 ./Project_Settings/Startup_Code/startup.o
 .group         0x00000000        0x8 ./Project_Settings/Startup_Code/startup.o
 .group         0x00000000        0x8 ./Project_Settings/Startup_Code/startup.o
 .group         0x00000000        0x8 ./Project_Settings/Startup_Code/startup.o
 .group         0x00000000        0x8 ./Project_Settings/Startup_Code/startup.o
 .group         0x00000000        0x8 ./Project_Settings/Startup_Code/startup.o
 .group         0x00000000        0x8 ./Project_Settings/Startup_Code/startup.o
 .group         0x00000000        0x8 ./Project_Settings/Startup_Code/startup.o
 .group         0x00000000        0x8 ./Project_Settings/Startup_Code/startup.o
 .group         0x00000000        0x8 ./Project_Settings/Startup_Code/startup.o
 .group         0x00000000        0x8 ./Project_Settings/Startup_Code/startup.o
 .group         0x00000000        0x8 ./Project_Settings/Startup_Code/startup.o
 .group         0x00000000        0x8 ./Project_Settings/Startup_Code/startup.o
 .group         0x00000000        0x8 ./Project_Settings/Startup_Code/startup.o
 .group         0x00000000        0x8 ./Project_Settings/Startup_Code/startup.o
 .group         0x00000000        0x8 ./Project_Settings/Startup_Code/startup.o
 .group         0x00000000        0x8 ./Project_Settings/Startup_Code/startup.o
 .group         0x00000000        0x8 ./Project_Settings/Startup_Code/startup.o
 .text          0x00000000        0x0 ./Project_Settings/Startup_Code/startup.o
 .data          0x00000000        0x0 ./Project_Settings/Startup_Code/startup.o
 .bss           0x00000000        0x0 ./Project_Settings/Startup_Code/startup.o
 .debug_macro   0x00000000      0x808 ./Project_Settings/Startup_Code/startup.o
 .debug_macro   0x00000000       0x11 ./Project_Settings/Startup_Code/startup.o
 .debug_macro   0x00000000       0x16 ./Project_Settings/Startup_Code/startup.o
 .debug_macro   0x00000000       0x16 ./Project_Settings/Startup_Code/startup.o
 .debug_macro   0x00000000       0x44 ./Project_Settings/Startup_Code/startup.o
 .debug_macro   0x00000000      0x209 ./Project_Settings/Startup_Code/startup.o
 .debug_macro   0x00000000       0x3a ./Project_Settings/Startup_Code/startup.o
 .debug_macro   0x00000000       0x3a ./Project_Settings/Startup_Code/startup.o
 .debug_macro   0x00000000       0x26 ./Project_Settings/Startup_Code/startup.o
 .debug_macro   0x00000000      0x306 ./Project_Settings/Startup_Code/startup.o
 .debug_macro   0x00000000       0x63 ./Project_Settings/Startup_Code/startup.o
 .debug_macro   0x00000000     0x8439 ./Project_Settings/Startup_Code/startup.o
 .debug_macro   0x00000000       0x58 ./Project_Settings/Startup_Code/startup.o
 .debug_macro   0x00000000       0x35 ./Project_Settings/Startup_Code/startup.o
 .debug_macro   0x00000000       0xa3 ./Project_Settings/Startup_Code/startup.o
 .debug_macro   0x00000000       0x16 ./Project_Settings/Startup_Code/startup.o
 .debug_macro   0x00000000      0x10e ./Project_Settings/Startup_Code/startup.o
 .debug_macro   0x00000000       0x7f ./Project_Settings/Startup_Code/startup.o
 .debug_macro   0x00000000       0x52 ./Project_Settings/Startup_Code/startup.o
 .debug_macro   0x00000000       0x16 ./Project_Settings/Startup_Code/startup.o
 .debug_macro   0x00000000       0x43 ./Project_Settings/Startup_Code/startup.o
 .debug_macro   0x00000000      0x180 ./Project_Settings/Startup_Code/startup.o
 .debug_macro   0x00000000       0x22 ./Project_Settings/Startup_Code/startup.o
 .debug_macro   0x00000000       0x7c ./Project_Settings/Startup_Code/startup.o
 .debug_macro   0x00000000     0x7658 ./Project_Settings/Startup_Code/startup.o
 .debug_macro   0x00000000     0x1108 ./Project_Settings/Startup_Code/startup.o
 .data          0x00000000        0x0 ./Project_Settings/Startup_Code/startup_MKL25Z4.o
 .bss           0x00000000        0x0 ./Project_Settings/Startup_Code/startup_MKL25Z4.o
 .group         0x00000000        0x8 ./Project_Settings/Startup_Code/system_MKL25Z4.o
 .group         0x00000000        0x8 ./Project_Settings/Startup_Code/system_MKL25Z4.o
 .group         0x00000000        0x8 ./Project_Settings/Startup_Code/system_MKL25Z4.o
 .group         0x00000000        0x8 ./Project_Settings/Startup_Code/system_MKL25Z4.o
 .group         0x00000000        0x8 ./Project_Settings/Startup_Code/system_MKL25Z4.o
 .group         0x00000000        0x8 ./Project_Settings/Startup_Code/system_MKL25Z4.o
 .group         0x00000000        0x8 ./Project_Settings/Startup_Code/system_MKL25Z4.o
 .group         0x00000000        0x8 ./Project_Settings/Startup_Code/system_MKL25Z4.o
 .group         0x00000000        0x8 ./Project_Settings/Startup_Code/system_MKL25Z4.o
 .group         0x00000000        0x8 ./Project_Settings/Startup_Code/system_MKL25Z4.o
 .group         0x00000000        0x8 ./Project_Settings/Startup_Code/system_MKL25Z4.o
 .group         0x00000000        0x8 ./Project_Settings/Startup_Code/system_MKL25Z4.o
 .group         0x00000000        0x8 ./Project_Settings/Startup_Code/system_MKL25Z4.o
 .group         0x00000000        0x8 ./Project_Settings/Startup_Code/system_MKL25Z4.o
 .group         0x00000000        0x8 ./Project_Settings/Startup_Code/system_MKL25Z4.o
 .group         0x00000000        0x8 ./Project_Settings/Startup_Code/system_MKL25Z4.o
 .group         0x00000000        0x8 ./Project_Settings/Startup_Code/system_MKL25Z4.o
 .group         0x00000000        0x8 ./Project_Settings/Startup_Code/system_MKL25Z4.o
 .group         0x00000000        0x8 ./Project_Settings/Startup_Code/system_MKL25Z4.o
 .group         0x00000000        0x8 ./Project_Settings/Startup_Code/system_MKL25Z4.o
 .group         0x00000000        0x8 ./Project_Settings/Startup_Code/system_MKL25Z4.o
 .group         0x00000000        0x8 ./Project_Settings/Startup_Code/system_MKL25Z4.o
 .group         0x00000000        0x8 ./Project_Settings/Startup_Code/system_MKL25Z4.o
 .group         0x00000000        0x8 ./Project_Settings/Startup_Code/system_MKL25Z4.o
 .group         0x00000000        0x8 ./Project_Settings/Startup_Code/system_MKL25Z4.o
 .text          0x00000000        0x0 ./Project_Settings/Startup_Code/system_MKL25Z4.o
 .data          0x00000000        0x0 ./Project_Settings/Startup_Code/system_MKL25Z4.o
 .bss           0x00000000        0x0 ./Project_Settings/Startup_Code/system_MKL25Z4.o
 .data.SystemCoreClock
                0x00000000        0x4 ./Project_Settings/Startup_Code/system_MKL25Z4.o
 .text.SystemCoreClockUpdate
                0x00000000      0x23c ./Project_Settings/Startup_Code/system_MKL25Z4.o
 .debug_macro   0x00000000      0x808 ./Project_Settings/Startup_Code/system_MKL25Z4.o
 .debug_macro   0x00000000       0x16 ./Project_Settings/Startup_Code/system_MKL25Z4.o
 .debug_macro   0x00000000       0x44 ./Project_Settings/Startup_Code/system_MKL25Z4.o
 .debug_macro   0x00000000      0x209 ./Project_Settings/Startup_Code/system_MKL25Z4.o
 .debug_macro   0x00000000       0x11 ./Project_Settings/Startup_Code/system_MKL25Z4.o
 .debug_macro   0x00000000       0x4c ./Project_Settings/Startup_Code/system_MKL25Z4.o
 .debug_macro   0x00000000       0x3a ./Project_Settings/Startup_Code/system_MKL25Z4.o
 .debug_macro   0x00000000       0x26 ./Project_Settings/Startup_Code/system_MKL25Z4.o
 .debug_macro   0x00000000      0x306 ./Project_Settings/Startup_Code/system_MKL25Z4.o
 .debug_macro   0x00000000       0x63 ./Project_Settings/Startup_Code/system_MKL25Z4.o
 .debug_macro   0x00000000     0x8439 ./Project_Settings/Startup_Code/system_MKL25Z4.o
 .debug_macro   0x00000000       0x58 ./Project_Settings/Startup_Code/system_MKL25Z4.o
 .debug_macro   0x00000000       0x35 ./Project_Settings/Startup_Code/system_MKL25Z4.o
 .debug_macro   0x00000000       0xa3 ./Project_Settings/Startup_Code/system_MKL25Z4.o
 .debug_macro   0x00000000       0x16 ./Project_Settings/Startup_Code/system_MKL25Z4.o
 .debug_macro   0x00000000      0x10e ./Project_Settings/Startup_Code/system_MKL25Z4.o
 .debug_macro   0x00000000       0x7f ./Project_Settings/Startup_Code/system_MKL25Z4.o
 .debug_macro   0x00000000       0x52 ./Project_Settings/Startup_Code/system_MKL25Z4.o
 .debug_macro   0x00000000       0x16 ./Project_Settings/Startup_Code/system_MKL25Z4.o
 .debug_macro   0x00000000       0x43 ./Project_Settings/Startup_Code/system_MKL25Z4.o
 .debug_macro   0x00000000      0x180 ./Project_Settings/Startup_Code/system_MKL25Z4.o
 .debug_macro   0x00000000       0x22 ./Project_Settings/Startup_Code/system_MKL25Z4.o
 .debug_macro   0x00000000       0x7c ./Project_Settings/Startup_Code/system_MKL25Z4.o
 .debug_macro   0x00000000     0x7658 ./Project_Settings/Startup_Code/system_MKL25Z4.o
 .debug_macro   0x00000000     0x1108 ./Project_Settings/Startup_Code/system_MKL25Z4.o
 .data          0x00000000        0x0 c:/freescale/kds_v3/toolchain/bin/../lib/gcc/arm-none-eabi/4.8.4/armv6-m\libgcc.a(_udivsi3.o)
 .bss           0x00000000        0x0 c:/freescale/kds_v3/toolchain/bin/../lib/gcc/arm-none-eabi/4.8.4/armv6-m\libgcc.a(_udivsi3.o)
 .data          0x00000000        0x0 c:/freescale/kds_v3/toolchain/bin/../lib/gcc/arm-none-eabi/4.8.4/armv6-m\libgcc.a(_divsi3.o)
 .bss           0x00000000        0x0 c:/freescale/kds_v3/toolchain/bin/../lib/gcc/arm-none-eabi/4.8.4/armv6-m\libgcc.a(_divsi3.o)
 .data          0x00000000        0x0 c:/freescale/kds_v3/toolchain/bin/../lib/gcc/arm-none-eabi/4.8.4/armv6-m\libgcc.a(_dvmd_tls.o)
 .bss           0x00000000        0x0 c:/freescale/kds_v3/toolchain/bin/../lib/gcc/arm-none-eabi/4.8.4/armv6-m\libgcc.a(_dvmd_tls.o)
 .text          0x00000000        0x0 c:/freescale/kds_v3/toolchain/bin/../lib/gcc/arm-none-eabi/4.8.4/../../../../arm-none-eabi/lib/armv6-m\libg_s.a(lib_a-exit.o)
 .data          0x00000000        0x0 c:/freescale/kds_v3/toolchain/bin/../lib/gcc/arm-none-eabi/4.8.4/../../../../arm-none-eabi/lib/armv6-m\libg_s.a(lib_a-exit.o)
 .bss           0x00000000        0x0 c:/freescale/kds_v3/toolchain/bin/../lib/gcc/arm-none-eabi/4.8.4/../../../../arm-none-eabi/lib/armv6-m\libg_s.a(lib_a-exit.o)
 .text          0x00000000        0x0 c:/freescale/kds_v3/toolchain/bin/../lib/gcc/arm-none-eabi/4.8.4/../../../../arm-none-eabi/lib/armv6-m\libg_s.a(lib_a-impure.o)
 .data          0x00000000        0x0 c:/freescale/kds_v3/toolchain/bin/../lib/gcc/arm-none-eabi/4.8.4/../../../../arm-none-eabi/lib/armv6-m\libg_s.a(lib_a-impure.o)
 .bss           0x00000000        0x0 c:/freescale/kds_v3/toolchain/bin/../lib/gcc/arm-none-eabi/4.8.4/../../../../arm-none-eabi/lib/armv6-m\libg_s.a(lib_a-impure.o)
 .data._impure_ptr
                0x00000000        0x4 c:/freescale/kds_v3/toolchain/bin/../lib/gcc/arm-none-eabi/4.8.4/../../../../arm-none-eabi/lib/armv6-m\libg_s.a(lib_a-impure.o)
 .text          0x00000000        0x0 c:/freescale/kds_v3/toolchain/bin/../lib/gcc/arm-none-eabi/4.8.4/../../../../arm-none-eabi/lib/armv6-m\libg_s.a(lib_a-init.o)
 .data          0x00000000        0x0 c:/freescale/kds_v3/toolchain/bin/../lib/gcc/arm-none-eabi/4.8.4/../../../../arm-none-eabi/lib/armv6-m\libg_s.a(lib_a-init.o)
 .bss           0x00000000        0x0 c:/freescale/kds_v3/toolchain/bin/../lib/gcc/arm-none-eabi/4.8.4/../../../../arm-none-eabi/lib/armv6-m\libg_s.a(lib_a-init.o)
 .text          0x00000000        0x0 c:/freescale/kds_v3/toolchain/bin/../lib/gcc/arm-none-eabi/4.8.4/../../../../arm-none-eabi/lib/armv6-m\libg_s.a(lib_a-memcpy-stub.o)
 .data          0x00000000        0x0 c:/freescale/kds_v3/toolchain/bin/../lib/gcc/arm-none-eabi/4.8.4/../../../../arm-none-eabi/lib/armv6-m\libg_s.a(lib_a-memcpy-stub.o)
 .bss           0x00000000        0x0 c:/freescale/kds_v3/toolchain/bin/../lib/gcc/arm-none-eabi/4.8.4/../../../../arm-none-eabi/lib/armv6-m\libg_s.a(lib_a-memcpy-stub.o)
 .text.memcpy   0x00000000       0x12 c:/freescale/kds_v3/toolchain/bin/../lib/gcc/arm-none-eabi/4.8.4/../../../../arm-none-eabi/lib/armv6-m\libg_s.a(lib_a-memcpy-stub.o)
 .ARM.attributes
                0x00000000       0x2c c:/freescale/kds_v3/toolchain/bin/../lib/gcc/arm-none-eabi/4.8.4/../../../../arm-none-eabi/lib/armv6-m\libg_s.a(lib_a-memcpy-stub.o)
 .debug_frame   0x00000000       0x28 c:/freescale/kds_v3/toolchain/bin/../lib/gcc/arm-none-eabi/4.8.4/../../../../arm-none-eabi/lib/armv6-m\libg_s.a(lib_a-memcpy-stub.o)
 .text          0x00000000        0x0 c:/freescale/kds_v3/toolchain/bin/../lib/gcc/arm-none-eabi/4.8.4/../../../../arm-none-eabi/lib/armv6-m\libg_s.a(lib_a-memset.o)
 .data          0x00000000        0x0 c:/freescale/kds_v3/toolchain/bin/../lib/gcc/arm-none-eabi/4.8.4/../../../../arm-none-eabi/lib/armv6-m\libg_s.a(lib_a-memset.o)
 .bss           0x00000000        0x0 c:/freescale/kds_v3/toolchain/bin/../lib/gcc/arm-none-eabi/4.8.4/../../../../arm-none-eabi/lib/armv6-m\libg_s.a(lib_a-memset.o)
 .text          0x00000000        0x0 c:/freescale/kds_v3/toolchain/bin/../lib/gcc/arm-none-eabi/4.8.4/../../../../arm-none-eabi/lib/armv6-m\libnosys.a(_exit.o)
 .data          0x00000000        0x0 c:/freescale/kds_v3/toolchain/bin/../lib/gcc/arm-none-eabi/4.8.4/../../../../arm-none-eabi/lib/armv6-m\libnosys.a(_exit.o)
 .bss           0x00000000        0x0 c:/freescale/kds_v3/toolchain/bin/../lib/gcc/arm-none-eabi/4.8.4/../../../../arm-none-eabi/lib/armv6-m\libnosys.a(_exit.o)
 .text          0x00000000        0x0 c:/freescale/kds_v3/toolchain/bin/../lib/gcc/arm-none-eabi/4.8.4/armv6-m/crtend.o
 .data          0x00000000        0x0 c:/freescale/kds_v3/toolchain/bin/../lib/gcc/arm-none-eabi/4.8.4/armv6-m/crtend.o
 .bss           0x00000000        0x0 c:/freescale/kds_v3/toolchain/bin/../lib/gcc/arm-none-eabi/4.8.4/armv6-m/crtend.o
 .eh_frame      0x00000000        0x4 c:/freescale/kds_v3/toolchain/bin/../lib/gcc/arm-none-eabi/4.8.4/armv6-m/crtend.o
 .text          0x00000000        0x0 c:/freescale/kds_v3/toolchain/bin/../lib/gcc/arm-none-eabi/4.8.4/armv6-m/crtn.o
 .data          0x00000000        0x0 c:/freescale/kds_v3/toolchain/bin/../lib/gcc/arm-none-eabi/4.8.4/armv6-m/crtn.o
 .bss           0x00000000        0x0 c:/freescale/kds_v3/toolchain/bin/../lib/gcc/arm-none-eabi/4.8.4/armv6-m/crtn.o

Memory Configuration

Name             Origin             Length             Attributes
m_interrupts     0x00000000         0x00000100         xr
m_flash_config   0x00000400         0x00000010         xr
m_text           0x00000410         0x0001fbf0         xr
m_data           0x1ffff000         0x00004000         rw
*default*        0x00000000         0xffffffff

Linker script and memory map

LOAD c:/freescale/kds_v3/toolchain/bin/../lib/gcc/arm-none-eabi/4.8.4/armv6-m/crti.o
LOAD c:/freescale/kds_v3/toolchain/bin/../lib/gcc/arm-none-eabi/4.8.4/armv6-m/crtbegin.o
LOAD c:/freescale/kds_v3/toolchain/bin/../lib/gcc/arm-none-eabi/4.8.4/../../../../arm-none-eabi/lib/armv6-m/crt0.o
LOAD ./Sources/data.o
LOAD ./Sources/dma.o
LOAD ./Sources/main.o
LOAD ./Sources/memory.o
LOAD ./Sources/memoryopt.o
LOAD ./Sources/profiler.o
LOAD ./Sources/timer.o
LOAD ./Sources/uart.o
LOAD ./Project_Settings/Startup_Code/startup.o
LOAD ./Project_Settings/Startup_Code/startup_MKL25Z4.o
LOAD ./Project_Settings/Startup_Code/system_MKL25Z4.o
LOAD c:/freescale/kds_v3/toolchain/bin/../lib/gcc/arm-none-eabi/4.8.4/../../../../arm-none-eabi/lib/armv6-m\libstdc++_s.a
LOAD c:/freescale/kds_v3/toolchain/bin/../lib/gcc/arm-none-eabi/4.8.4/../../../../arm-none-eabi/lib/armv6-m\libm.a
START GROUP
LOAD c:/freescale/kds_v3/toolchain/bin/../lib/gcc/arm-none-eabi/4.8.4/armv6-m\libgcc.a
LOAD c:/freescale/kds_v3/toolchain/bin/../lib/gcc/arm-none-eabi/4.8.4/../../../../arm-none-eabi/lib/armv6-m\libg_s.a
LOAD c:/freescale/kds_v3/toolchain/bin/../lib/gcc/arm-none-eabi/4.8.4/../../../../arm-none-eabi/lib/armv6-m\libc_s.a
END GROUP
START GROUP
LOAD c:/freescale/kds_v3/toolchain/bin/../lib/gcc/arm-none-eabi/4.8.4/armv6-m\libgcc.a
LOAD c:/freescale/kds_v3/toolchain/bin/../lib/gcc/arm-none-eabi/4.8.4/../../../../arm-none-eabi/lib/armv6-m\libc_s.a
LOAD c:/freescale/kds_v3/toolchain/bin/../lib/gcc/arm-none-eabi/4.8.4/../../../../arm-none-eabi/lib/armv6-m\libnosys.a
END GROUP
START GROUP
LOAD c:/freescale/kds_v3/toolchain/bin/../lib/gcc/arm-none-eabi/4.8.4/armv6-m\libgcc.a
LOAD c:/freescale/kds_v3/toolchain/bin/../lib/gcc/arm-none-eabi/4.8.4/../../../../arm-none-eabi/lib/armv6-m\libc_s.a
LOAD c:/freescale/kds_v3/toolchain/bin/../lib/gcc/arm-none-eabi/4.8.4/../../../../arm-none-eabi/lib/armv6-m\libnosys.a
END GROUP
LOAD c:/freescale/kds_v3/toolchain/bin/../lib/gcc/arm-none-eabi/4.8.4/armv6-m/crtend.o
LOAD c:/freescale/kds_v3/toolchain/bin/../lib/gcc/arm-none-eabi/4.8.4/armv6-m/crtn.o
                0x00000400                HEAP_SIZE = DEFINED (__heap_size__)?__heap_size__:0x400
                0x00000400                STACK_SIZE = DEFINED (__stack_size__)?__stack_size__:0x400
                0x00000000                M_VECTOR_RAM_SIZE = DEFINED (__ram_vector_table__)?0x100:0x0

.interrupts     0x00000000       0xc0
                0x00000000                __VECTOR_TABLE = .
                0x00000000                . = ALIGN (0x4)
 *(.isr_vector)
 .isr_vector    0x00000000       0xc0 ./Project_Settings/Startup_Code/startup_MKL25Z4.o
                0x00000000                __isr_vector
                0x000000c0                . = ALIGN (0x4)

.flash_config   0x00000400       0x10
                0x00000400                . = ALIGN (0x4)
 *(.FlashConfig)
 .FlashConfig   0x00000400       0x10 ./Project_Settings/Startup_Code/startup_MKL25Z4.o
                0x00000410                . = ALIGN (0x4)

.text           0x00000410      0x9f0
                0x00000410                . = ALIGN (0x4)
 *(.text)
 .text          0x00000410       0x60 c:/freescale/kds_v3/toolchain/bin/../lib/gcc/arm-none-eabi/4.8.4/armv6-m/crtbegin.o
 .text          0x00000470       0x78 c:/freescale/kds_v3/toolchain/bin/../lib/gcc/arm-none-eabi/4.8.4/../../../../arm-none-eabi/lib/armv6-m/crt0.o
                0x00000470                _start
                0x00000470                _mainCRTStartup
 .text          0x000004e8       0x18 ./Project_Settings/Startup_Code/startup_MKL25Z4.o
                0x000004e8                Reset_Handler
                0x000004f8                HardFault_Handler
                0x000004f8                SysTick_Handler
                0x000004f8                PendSV_Handler
                0x000004f8                NMI_Handler
                0x000004f8                I2C1_IRQHandler
                0x000004f8                UART1_IRQHandler
                0x000004f8                DMA2_IRQHandler
                0x000004f8                LLWU_IRQHandler
                0x000004f8                TSI0_IRQHandler
                0x000004f8                UART0_IRQHandler
                0x000004f8                ADC0_IRQHandler
                0x000004f8                Reserved39_IRQHandler
                0x000004f8                SPI1_IRQHandler
                0x000004f8                DefaultISR
                0x000004f8                PORTD_IRQHandler
                0x000004f8                TPM2_IRQHandler
                0x000004f8                RTC_IRQHandler
                0x000004f8                I2C0_IRQHandler
                0x000004f8                RTC_Seconds_IRQHandler
                0x000004f8                MCG_IRQHandler
                0x000004f8                UART2_IRQHandler
                0x000004f8                Reserved20_IRQHandler
                0x000004f8                USB0_IRQHandler
                0x000004f8                PIT_IRQHandler
                0x000004f8                SVC_Handler
                0x000004f8                DMA3_IRQHandler
                0x000004f8                DMA0_IRQHandler
                0x000004f8                DAC0_IRQHandler
                0x000004f8                Reserved45_IRQHandler
                0x000004f8                TPM1_IRQHandler
                0x000004f8                LVD_LVW_IRQHandler
                0x000004f8                SPI0_IRQHandler
                0x000004f8                PORTA_IRQHandler
                0x000004f8                FTFA_IRQHandler
                0x000004f8                LPTMR0_IRQHandler
                0x000004f8                CMP0_IRQHandler
                0x000004f8                DMA1_IRQHandler
 .text          0x00000500       0x9c c:/freescale/kds_v3/toolchain/bin/../lib/gcc/arm-none-eabi/4.8.4/armv6-m\libgcc.a(_udivsi3.o)
                0x00000500                __aeabi_uidiv
                0x00000500                __udivsi3
                0x00000588                __aeabi_uidivmod
 .text          0x0000059c       0xc0 c:/freescale/kds_v3/toolchain/bin/../lib/gcc/arm-none-eabi/4.8.4/armv6-m\libgcc.a(_divsi3.o)
                0x0000059c                __divsi3
                0x0000059c                __aeabi_idiv
                0x00000648                __aeabi_idivmod
 .text          0x0000065c        0x4 c:/freescale/kds_v3/toolchain/bin/../lib/gcc/arm-none-eabi/4.8.4/armv6-m\libgcc.a(_dvmd_tls.o)
                0x0000065c                __aeabi_idiv0
                0x0000065c                __aeabi_ldiv0
 *(.text*)
 .text.my_itoa  0x00000660      0x130 ./Sources/data.o
                0x00000660                my_itoa
 .text.main     0x00000790       0x24 ./Sources/main.o
                0x00000790                main
 .text.my_reverse
                0x000007b4       0xa4 ./Sources/memory.o
                0x000007b4                my_reverse
 .text.my_opt_memset
                0x00000858       0x20 ./Sources/memoryopt.o
                0x00000858                my_opt_memset
 .text.profiler_non_DMA_OPT_memzero
                0x00000878       0x8c ./Sources/profiler.o
                0x00000878                profiler_non_DMA_OPT_memzero
 .text.NVIC_EnableIRQ
                0x00000904       0x2c ./Sources/timer.o
 .text.configure_timer1
                0x00000930       0x64 ./Sources/timer.o
                0x00000930                configure_timer1
 .text.start_timer1
                0x00000994       0x20 ./Sources/timer.o
                0x00000994                start_timer1
 .text.stop_timer1
                0x000009b4       0x74 ./Sources/timer.o
                0x000009b4                stop_timer1
 .text.TPM0_IRQHandler
                0x00000a28       0x48 ./Sources/timer.o
                0x00000a28                TPM0_IRQHandler
 .text.NVIC_EnableIRQ
                0x00000a70       0x2c ./Sources/uart.o
 .text.NVIC_SetPriority
                0x00000a9c       0xe0 ./Sources/uart.o
 .text.uart0_config
                0x00000b7c       0xb8 ./Sources/uart.o
                0x00000b7c                uart0_config
 .text.uart_send_byte
                0x00000c34       0x40 ./Sources/uart.o
                0x00000c34                uart_send_byte
 .text.init_data_bss
                0x00000c74       0xc8 ./Project_Settings/Startup_Code/startup.o
                0x00000c74                init_data_bss
 .text.SystemInit
                0x00000d3c       0x18 ./Project_Settings/Startup_Code/system_MKL25Z4.o
                0x00000d3c                SystemInit
 .text.exit     0x00000d54       0x2c c:/freescale/kds_v3/toolchain/bin/../lib/gcc/arm-none-eabi/4.8.4/../../../../arm-none-eabi/lib/armv6-m\libg_s.a(lib_a-exit.o)
                0x00000d54                exit
 .text.__libc_init_array
                0x00000d80       0x4c c:/freescale/kds_v3/toolchain/bin/../lib/gcc/arm-none-eabi/4.8.4/../../../../arm-none-eabi/lib/armv6-m\libg_s.a(lib_a-init.o)
                0x00000d80                __libc_init_array
 .text.memset   0x00000dcc       0x10 c:/freescale/kds_v3/toolchain/bin/../lib/gcc/arm-none-eabi/4.8.4/../../../../arm-none-eabi/lib/armv6-m\libg_s.a(lib_a-memset.o)
                0x00000dcc                memset
 .text._exit    0x00000ddc        0x4 c:/freescale/kds_v3/toolchain/bin/../lib/gcc/arm-none-eabi/4.8.4/../../../../arm-none-eabi/lib/armv6-m\libnosys.a(_exit.o)
                0x00000ddc                _exit
 *(.rodata)
 *(.rodata*)
 .rodata.str1.1
                0x00000de0        0x2 c:/freescale/kds_v3/toolchain/bin/../lib/gcc/arm-none-eabi/4.8.4/../../../../arm-none-eabi/lib/armv6-m\libg_s.a(lib_a-impure.o)
 *fill*         0x00000de2        0x2 
 .rodata._global_impure_ptr
                0x00000de4        0x4 c:/freescale/kds_v3/toolchain/bin/../lib/gcc/arm-none-eabi/4.8.4/../../../../arm-none-eabi/lib/armv6-m\libg_s.a(lib_a-impure.o)
                0x00000de4                _global_impure_ptr
 *(.glue_7)
 .glue_7        0x00000000        0x0 linker stubs
 *(.glue_7t)
 .glue_7t       0x00000000        0x0 linker stubs
 *(.eh_frame)
 .eh_frame      0x00000de8        0x0 c:/freescale/kds_v3/toolchain/bin/../lib/gcc/arm-none-eabi/4.8.4/armv6-m/crtbegin.o
 *(.init)
 .init          0x00000de8        0x4 c:/freescale/kds_v3/toolchain/bin/../lib/gcc/arm-none-eabi/4.8.4/armv6-m/crti.o
                0x00000de8                _init
 .init          0x00000dec        0x8 c:/freescale/kds_v3/toolchain/bin/../lib/gcc/arm-none-eabi/4.8.4/armv6-m/crtn.o
 *(.fini)
 .fini          0x00000df4        0x4 c:/freescale/kds_v3/toolchain/bin/../lib/gcc/arm-none-eabi/4.8.4/armv6-m/crti.o
                0x00000df4                _fini
 .fini          0x00000df8        0x8 c:/freescale/kds_v3/toolchain/bin/../lib/gcc/arm-none-eabi/4.8.4/armv6-m/crtn.o
                0x00000e00                . = ALIGN (0x4)

.vfp11_veneer   0x00000e00        0x0
 .vfp11_veneer  0x00000000        0x0 linker stubs

.v4_bx          0x00000e00        0x0
 .v4_bx         0x00000000        0x0 linker stubs

.iplt           0x00000e00        0x0
 .iplt          0x00000000        0x0 c:/freescale/kds_v3/toolchain/bin/../lib/gcc/arm-none-eabi/4.8.4/armv6-m/crtbegin.o

.ARM.extab
 *(.ARM.extab* .gnu.linkonce.armextab.*)

.ARM            0x00000e00        0x8
                0x00000e00                __exidx_start = .
 *(.ARM.exidx*)
 .ARM.exidx     0x00000e00        0x8 c:/freescale/kds_v3/toolchain/bin/../lib/gcc/arm-none-eabi/4.8.4/../../../../arm-none-eabi/lib/armv6-m/crt0.o
                0x00000e08                __exidx_end = .

.rel.dyn        0x00000e08        0x0
 .rel.iplt      0x00000000        0x0 c:/freescale/kds_v3/toolchain/bin/../lib/gcc/arm-none-eabi/4.8.4/armv6-m/crtbegin.o

.ctors          0x00000e08        0x0
                0x00000e08                __CTOR_LIST__ = .
 *crtbegin.o(.ctors)
 *crtbegin?.o(.ctors)
 *(EXCLUDE_FILE(*crtend.o *crtend?.o) .ctors)
 *(SORT(.ctors.*))
 *(.ctors)
                0x00000e08                __CTOR_END__ = .

.dtors          0x00000e08        0x0
                0x00000e08                __DTOR_LIST__ = .
 *crtbegin.o(.dtors)
 *crtbegin?.o(.dtors)
 *(EXCLUDE_FILE(*crtend.o *crtend?.o) .dtors)
 *(SORT(.dtors.*))
 *(.dtors)
                0x00000e08                __DTOR_END__ = .

.preinit_array  0x00000e08        0x0
                0x00000e08                PROVIDE (__preinit_array_start, .)
 *(.preinit_array*)
                0x00000e08                PROVIDE (__preinit_array_end, .)

.init_array     0x00000e08        0x4
                0x00000e08                PROVIDE (__init_array_start, .)
 *(SORT(.init_array.*))
 *(.init_array*)
 .init_array    0x00000e08        0x4 c:/freescale/kds_v3/toolchain/bin/../lib/gcc/arm-none-eabi/4.8.4/armv6-m/crtbegin.o
                0x00000e0c                PROVIDE (__init_array_end, .)

.fini_array     0x00000e0c        0x4
                0x00000e0c                PROVIDE (__fini_array_start, .)
 *(SORT(.fini_array.*))
 *(.fini_array*)
 .fini_array    0x00000e0c        0x4 c:/freescale/kds_v3/toolchain/bin/../lib/gcc/arm-none-eabi/4.8.4/armv6-m/crtbegin.o
                0x00000e10                PROVIDE (__fini_array_end, .)
                0x00000e10                __etext = .
                0x00000e10                __DATA_ROM = .

.mtb            0x1ffff000        0x0
                0x1ffff000                . = ALIGN (0x8)
                0x1ffff000                _mtb_start = .
 *(.mtb_buf)
                0x1ffff000                . = ALIGN (0x8)
                0x1ffff000                _mtb_end = .

.interrupts_ram
                0x1ffff000        0x0
                0x1ffff000                . = ALIGN (0x4)
                0x1ffff000                __VECTOR_RAM__ = .
                0x1ffff000                __interrupts_ram_start__ = .
 *(.m_interrupts_ram)
                0x1ffff000                . = (. + M_VECTOR_RAM_SIZE)
                0x1ffff000                . = ALIGN (0x4)
                0x1ffff000                __interrupts_ram_end__ = .
                0x00000000                __VECTOR_RAM = DEFINED (__ram_vector_table__)?__VECTOR_RAM__:ORIGIN (m_interrupts)
                0x00000000                __RAM_VECTOR_TABLE_SIZE_BYTES = DEFINED (__ram_vector_table__)?(__interrupts_ram_end__ - __interrupts_ram_start__):0x0

.data           0x1ffff000     0x1844 load address 0x00000e10
                0x1ffff000                . = ALIGN (0x4)
                0x1ffff000                __DATA_RAM = .
                0x1ffff000                __data_start__ = .
 *(.data)
 *(.data*)
 .data.src      0x1ffff000        0xc ./Sources/profiler.o
                0x1ffff000                src
 .data.src1     0x1ffff00c       0x64 ./Sources/profiler.o
                0x1ffff00c                src1
 .data.src2     0x1ffff070      0x3e8 ./Sources/profiler.o
                0x1ffff070                src2
 .data.src3     0x1ffff458     0x1388 ./Sources/profiler.o
                0x1ffff458                src3
 .data.impure_data
                0x200007e0       0x60 c:/freescale/kds_v3/toolchain/bin/../lib/gcc/arm-none-eabi/4.8.4/../../../../arm-none-eabi/lib/armv6-m\libg_s.a(lib_a-impure.o)
 *(.jcr*)
 .jcr           0x20000840        0x0 c:/freescale/kds_v3/toolchain/bin/../lib/gcc/arm-none-eabi/4.8.4/armv6-m/crtbegin.o
 .jcr           0x20000840        0x4 c:/freescale/kds_v3/toolchain/bin/../lib/gcc/arm-none-eabi/4.8.4/armv6-m/crtend.o
                0x20000844                . = ALIGN (0x4)
                0x20000844                __data_end__ = .
                0x00002654                __DATA_END = (__DATA_ROM + (__data_end__ - __data_start__))
                0x00020000                text_end = (ORIGIN (m_text) + 0x1fbf0)
                0x00000001                ASSERT ((__DATA_END <= text_end), region m_text overflowed with text and data)

.igot.plt       0x20000844        0x0 load address 0x00002654
 .igot.plt      0x00000000        0x0 c:/freescale/kds_v3/toolchain/bin/../lib/gcc/arm-none-eabi/4.8.4/armv6-m/crtbegin.o

.bss            0x20000844       0x24 load address 0x00002654
                0x20000844                . = ALIGN (0x4)
                0x20000844                __START_BSS = .
                0x20000844                __bss_start__ = .
 *(.bss)
 .bss           0x20000844       0x1c c:/freescale/kds_v3/toolchain/bin/../lib/gcc/arm-none-eabi/4.8.4/armv6-m/crtbegin.o
 *(.bss*)
 .bss.overflow_count
                0x20000860        0x4 ./Sources/timer.o
                0x20000860                overflow_count
 *(COMMON)
 COMMON         0x20000864        0x1 ./Sources/main.o
                0x20000864                i
                0x20000868                . = ALIGN (0x4)
 *fill*         0x20000865        0x3 
                0x20000868                __bss_end__ = .
                0x20000868                __END_BSS = .

.heap           0x20000868      0x400 load address 0x00002678
                0x20000868                . = ALIGN (0x8)
                0x20000868                __end__ = .
                0x20000868                PROVIDE (end, .)
                0x20000868                __HeapBase = .
                0x20000c68                . = (. + HEAP_SIZE)
 *fill*         0x20000868      0x400 
                0x20000c68                __HeapLimit = .

.stack          0x20000c68      0x400 load address 0x00002a78
                0x20000c68                . = ALIGN (0x8)
                0x20001068                . = (. + STACK_SIZE)
 *fill*         0x20000c68      0x400 
                0x20003000                __StackTop = (ORIGIN (m_data) + 0x4000)
                0x20002c00                __StackLimit = (__StackTop - STACK_SIZE)
                0x20003000                PROVIDE (__stack, __StackTop)

.ARM.attributes
                0x00000000       0x28
 *(.ARM.attributes)
 .ARM.attributes
                0x00000000       0x1e c:/freescale/kds_v3/toolchain/bin/../lib/gcc/arm-none-eabi/4.8.4/armv6-m/crti.o
 .ARM.attributes
                0x0000001e       0x2c c:/freescale/kds_v3/toolchain/bin/../lib/gcc/arm-none-eabi/4.8.4/armv6-m/crtbegin.o
 .ARM.attributes
                0x0000004a       0x1b c:/freescale/kds_v3/toolchain/bin/../lib/gcc/arm-none-eabi/4.8.4/../../../../arm-none-eabi/lib/armv6-m/crt0.o
 .ARM.attributes
                0x00000065       0x32 ./Sources/data.o
 .ARM.attributes
                0x00000097       0x32 ./Sources/main.o
 .ARM.attributes
                0x000000c9       0x32 ./Sources/memory.o
 .ARM.attributes
                0x000000fb       0x32 ./Sources/memoryopt.o
 .ARM.attributes
                0x0000012d       0x32 ./Sources/profiler.o
 .ARM.attributes
                0x0000015f       0x32 ./Sources/timer.o
 .ARM.attributes
                0x00000191       0x32 ./Sources/uart.o
 .ARM.attributes
                0x000001c3       0x32 ./Project_Settings/Startup_Code/startup.o
 .ARM.attributes
                0x000001f5       0x1b ./Project_Settings/Startup_Code/startup_MKL25Z4.o
 .ARM.attributes
                0x00000210       0x32 ./Project_Settings/Startup_Code/system_MKL25Z4.o
 .ARM.attributes
                0x00000242       0x1e c:/freescale/kds_v3/toolchain/bin/../lib/gcc/arm-none-eabi/4.8.4/armv6-m\libgcc.a(_udivsi3.o)
 .ARM.attributes
                0x00000260       0x1e c:/freescale/kds_v3/toolchain/bin/../lib/gcc/arm-none-eabi/4.8.4/armv6-m\libgcc.a(_divsi3.o)
 .ARM.attributes
                0x0000027e       0x1e c:/freescale/kds_v3/toolchain/bin/../lib/gcc/arm-none-eabi/4.8.4/armv6-m\libgcc.a(_dvmd_tls.o)
 .ARM.attributes
                0x0000029c       0x2c c:/freescale/kds_v3/toolchain/bin/../lib/gcc/arm-none-eabi/4.8.4/../../../../arm-none-eabi/lib/armv6-m\libg_s.a(lib_a-exit.o)
 .ARM.attributes
                0x000002c8       0x2c c:/freescale/kds_v3/toolchain/bin/../lib/gcc/arm-none-eabi/4.8.4/../../../../arm-none-eabi/lib/armv6-m\libg_s.a(lib_a-impure.o)
 .ARM.attributes
                0x000002f4       0x2c c:/freescale/kds_v3/toolchain/bin/../lib/gcc/arm-none-eabi/4.8.4/../../../../arm-none-eabi/lib/armv6-m\libg_s.a(lib_a-init.o)
 .ARM.attributes
                0x00000320       0x2c c:/freescale/kds_v3/toolchain/bin/../lib/gcc/arm-none-eabi/4.8.4/../../../../arm-none-eabi/lib/armv6-m\libg_s.a(lib_a-memset.o)
 .ARM.attributes
                0x0000034c       0x2c c:/freescale/kds_v3/toolchain/bin/../lib/gcc/arm-none-eabi/4.8.4/../../../../arm-none-eabi/lib/armv6-m\libnosys.a(_exit.o)
 .ARM.attributes
                0x00000378       0x2c c:/freescale/kds_v3/toolchain/bin/../lib/gcc/arm-none-eabi/4.8.4/armv6-m/crtend.o
 .ARM.attributes
                0x000003a4       0x1e c:/freescale/kds_v3/toolchain/bin/../lib/gcc/arm-none-eabi/4.8.4/armv6-m/crtn.o
                0x00000001                ASSERT ((__StackLimit >= __HeapLimit), region m_data overflowed with stack and heap)
OUTPUT(DMA-Profiling.elf elf32-littlearm)

.debug_info     0x00000000     0x1fd3
 .debug_info    0x00000000      0x2b8 ./Sources/data.o
 .debug_info    0x000002b8       0xca ./Sources/main.o
 .debug_info    0x00000382      0x286 ./Sources/memory.o
 .debug_info    0x00000608      0x212 ./Sources/memoryopt.o
 .debug_info    0x0000081a      0x292 ./Sources/profiler.o
 .debug_info    0x00000aac      0x656 ./Sources/timer.o
 .debug_info    0x00001102      0x7bc ./Sources/uart.o
 .debug_info    0x000018be      0x296 ./Project_Settings/Startup_Code/startup.o
 .debug_info    0x00001b54       0x8b ./Project_Settings/Startup_Code/startup_MKL25Z4.o
 .debug_info    0x00001bdf      0x3f4 ./Project_Settings/Startup_Code/system_MKL25Z4.o

.debug_abbrev   0x00000000      0x933
 .debug_abbrev  0x00000000       0xda ./Sources/data.o
 .debug_abbrev  0x000000da       0x7d ./Sources/main.o
 .debug_abbrev  0x00000157       0xc9 ./Sources/memory.o
 .debug_abbrev  0x00000220       0xff ./Sources/memoryopt.o
 .debug_abbrev  0x0000031f       0xd9 ./Sources/profiler.o
 .debug_abbrev  0x000003f8      0x17a ./Sources/timer.o
 .debug_abbrev  0x00000572      0x1bb ./Sources/uart.o
 .debug_abbrev  0x0000072d       0xe9 ./Project_Settings/Startup_Code/startup.o
 .debug_abbrev  0x00000816       0x14 ./Project_Settings/Startup_Code/startup_MKL25Z4.o
 .debug_abbrev  0x0000082a      0x109 ./Project_Settings/Startup_Code/system_MKL25Z4.o

.debug_aranges  0x00000000      0x230
 .debug_aranges
                0x00000000       0x38 ./Sources/data.o
 .debug_aranges
                0x00000038       0x20 ./Sources/main.o
 .debug_aranges
                0x00000058       0x38 ./Sources/memory.o
 .debug_aranges
                0x00000090       0x38 ./Sources/memoryopt.o
 .debug_aranges
                0x000000c8       0x78 ./Sources/profiler.o
 .debug_aranges
                0x00000140       0x40 ./Sources/timer.o
 .debug_aranges
                0x00000180       0x48 ./Sources/uart.o
 .debug_aranges
                0x000001c8       0x20 ./Project_Settings/Startup_Code/startup.o
 .debug_aranges
                0x000001e8       0x20 ./Project_Settings/Startup_Code/startup_MKL25Z4.o
 .debug_aranges
                0x00000208       0x28 ./Project_Settings/Startup_Code/system_MKL25Z4.o

.debug_ranges   0x00000000      0x180
 .debug_ranges  0x00000000       0x28 ./Sources/data.o
 .debug_ranges  0x00000028       0x10 ./Sources/main.o
 .debug_ranges  0x00000038       0x28 ./Sources/memory.o
 .debug_ranges  0x00000060       0x28 ./Sources/memoryopt.o
 .debug_ranges  0x00000088       0x68 ./Sources/profiler.o
 .debug_ranges  0x000000f0       0x30 ./Sources/timer.o
 .debug_ranges  0x00000120       0x38 ./Sources/uart.o
 .debug_ranges  0x00000158       0x10 ./Project_Settings/Startup_Code/startup.o
 .debug_ranges  0x00000168       0x18 ./Project_Settings/Startup_Code/system_MKL25Z4.o

.debug_macro    0x00000000     0xac07
 .debug_macro   0x00000000      0x163 ./Sources/data.o
 .debug_macro   0x00000163      0x808 ./Sources/data.o
 .debug_macro   0x0000096b       0x58 ./Sources/data.o
 .debug_macro   0x000009c3       0x16 ./Sources/data.o
 .debug_macro   0x000009d9       0x35 ./Sources/data.o
 .debug_macro   0x00000a0e       0xa3 ./Sources/data.o
 .debug_macro   0x00000ab1       0x16 ./Sources/data.o
 .debug_macro   0x00000ac7       0x97 ./Sources/data.o
 .debug_macro   0x00000b5e       0x10 ./Sources/data.o
 .debug_macro   0x00000b6e       0xef ./Sources/data.o
 .debug_macro   0x00000c5d       0x4a ./Sources/data.o
 .debug_macro   0x00000ca7       0x52 ./Sources/data.o
 .debug_macro   0x00000cf9       0x16 ./Sources/data.o
 .debug_macro   0x00000d0f       0x43 ./Sources/data.o
 .debug_macro   0x00000d52      0x180 ./Sources/data.o
 .debug_macro   0x00000ed2       0x10 ./Sources/data.o
 .debug_macro   0x00000ee2       0x22 ./Sources/data.o
 .debug_macro   0x00000f04       0xbd ./Sources/data.o
 .debug_macro   0x00000fc1       0x16 ./Sources/data.o
 .debug_macro   0x00000fd7      0x14a ./Sources/data.o
 .debug_macro   0x00001121       0xde ./Sources/data.o
 .debug_macro   0x000011ff      0x20f ./Sources/data.o
 .debug_macro   0x0000140e       0x16 ./Sources/data.o
 .debug_macro   0x00001424       0x35 ./Sources/data.o
 .debug_macro   0x00001459       0x22 ./Sources/data.o
 .debug_macro   0x0000147b       0x22 ./Sources/data.o
 .debug_macro   0x0000149d       0x40 ./Sources/data.o
 .debug_macro   0x000014dd       0x22 ./Sources/data.o
 .debug_macro   0x000014ff      0x25e ./Sources/main.o
 .debug_macro   0x0000175d       0x11 ./Sources/main.o
 .debug_macro   0x0000176e       0x7c ./Sources/main.o
 .debug_macro   0x000017ea     0x7658 ./Sources/main.o
 .debug_macro   0x00008e42     0x1108 ./Sources/main.o
 .debug_macro   0x00009f4a       0x16 ./Sources/main.o
 .debug_macro   0x00009f60       0x10 ./Sources/main.o
 .debug_macro   0x00009f70       0x10 ./Sources/main.o
 .debug_macro   0x00009f80       0x2e ./Sources/main.o
 .debug_macro   0x00009fae       0x22 ./Sources/main.o
 .debug_macro   0x00009fd0       0x1c ./Sources/main.o
 .debug_macro   0x00009fec       0x22 ./Sources/main.o
 .debug_macro   0x0000a00e       0x34 ./Sources/main.o
 .debug_macro   0x0000a042       0x22 ./Sources/main.o
 .debug_macro   0x0000a064      0x162 ./Sources/memory.o
 .debug_macro   0x0000a1c6      0x162 ./Sources/memoryopt.o
 .debug_macro   0x0000a328      0x21d ./Sources/profiler.o
 .debug_macro   0x0000a545       0x4c ./Sources/profiler.o
 .debug_macro   0x0000a591       0x34 ./Sources/profiler.o
 .debug_macro   0x0000a5c5      0x1cc ./Sources/timer.o
 .debug_macro   0x0000a791       0x3a ./Sources/timer.o
 .debug_macro   0x0000a7cb      0x149 ./Sources/uart.o
 .debug_macro   0x0000a914       0x34 ./Sources/uart.o
 .debug_macro   0x0000a948      0x167 ./Project_Settings/Startup_Code/startup.o
 .debug_macro   0x0000aaaf      0x158 ./Project_Settings/Startup_Code/system_MKL25Z4.o

.debug_line     0x00000000     0x222e
 .debug_line    0x00000000      0x34c ./Sources/data.o
 .debug_line    0x0000034c      0x42f ./Sources/main.o
 .debug_line    0x0000077b      0x393 ./Sources/memory.o
 .debug_line    0x00000b0e      0x38f ./Sources/memoryopt.o
 .debug_line    0x00000e9d      0x526 ./Sources/profiler.o
 .debug_line    0x000013c3      0x3d2 ./Sources/timer.o
 .debug_line    0x00001795      0x376 ./Sources/uart.o
 .debug_line    0x00001b0b      0x34b ./Project_Settings/Startup_Code/startup.o
 .debug_line    0x00001e56       0x6c ./Project_Settings/Startup_Code/startup_MKL25Z4.o
 .debug_line    0x00001ec2      0x36c ./Project_Settings/Startup_Code/system_MKL25Z4.o

.debug_str      0x00000000    0x9e317
 .debug_str     0x00000000     0x54b6 ./Sources/data.o
                               0x56bf (size before relaxing)
 .debug_str     0x000054b6    0x9861d ./Sources/main.o
                              0x9d7a1 (size before relaxing)
 .debug_str     0x0009dad3       0x52 ./Sources/memory.o
                               0x5e18 (size before relaxing)
 .debug_str     0x0009db25       0x52 ./Sources/memoryopt.o
                               0x5dfd (size before relaxing)
 .debug_str     0x0009db77      0x1aa ./Sources/profiler.o
                              0x355d1 (size before relaxing)
 .debug_str     0x0009dd21      0x37c ./Sources/timer.o
                              0x3554b (size before relaxing)
 .debug_str     0x0009e09d       0xee ./Sources/uart.o
                              0x34530 (size before relaxing)
 .debug_str     0x0009e18b      0x100 ./Project_Settings/Startup_Code/startup.o
                              0x9bc6a (size before relaxing)
 .debug_str     0x0009e28b       0x8c ./Project_Settings/Startup_Code/system_MKL25Z4.o
                              0x9bcb1 (size before relaxing)

.comment        0x00000000       0x70
 .comment       0x00000000       0x70 ./Sources/data.o
                                 0x71 (size before relaxing)
 .comment       0x00000000       0x71 ./Sources/main.o
 .comment       0x00000000       0x71 ./Sources/memory.o
 .comment       0x00000000       0x71 ./Sources/memoryopt.o
 .comment       0x00000000       0x71 ./Sources/profiler.o
 .comment       0x00000000       0x71 ./Sources/timer.o
 .comment       0x00000000       0x71 ./Sources/uart.o
 .comment       0x00000000       0x71 ./Project_Settings/Startup_Code/startup.o
 .comment       0x00000000       0x71 ./Project_Settings/Startup_Code/system_MKL25Z4.o

.debug_frame    0x00000000      0x5f8
 .debug_frame   0x00000000       0x90 ./Sources/data.o
 .debug_frame   0x00000090       0x2c ./Sources/main.o
 .debug_frame   0x000000bc       0x90 ./Sources/memory.o
 .debug_frame   0x0000014c       0x78 ./Sources/memoryopt.o
 .debug_frame   0x000001c4      0x16c ./Sources/profiler.o
 .debug_frame   0x00000330       0xa4 ./Sources/timer.o
 .debug_frame   0x000003d4       0xd4 ./Sources/uart.o
 .debug_frame   0x000004a8       0x30 ./Project_Settings/Startup_Code/startup.o
 .debug_frame   0x000004d8       0x4c ./Project_Settings/Startup_Code/system_MKL25Z4.o
 .debug_frame   0x00000524       0x20 c:/freescale/kds_v3/toolchain/bin/../lib/gcc/arm-none-eabi/4.8.4/armv6-m\libgcc.a(_udivsi3.o)
 .debug_frame   0x00000544       0x20 c:/freescale/kds_v3/toolchain/bin/../lib/gcc/arm-none-eabi/4.8.4/armv6-m\libgcc.a(_divsi3.o)
 .debug_frame   0x00000564       0x28 c:/freescale/kds_v3/toolchain/bin/../lib/gcc/arm-none-eabi/4.8.4/../../../../arm-none-eabi/lib/armv6-m\libg_s.a(lib_a-exit.o)
 .debug_frame   0x0000058c       0x2c c:/freescale/kds_v3/toolchain/bin/../lib/gcc/arm-none-eabi/4.8.4/../../../../arm-none-eabi/lib/armv6-m\libg_s.a(lib_a-init.o)
 .debug_frame   0x000005b8       0x20 c:/freescale/kds_v3/toolchain/bin/../lib/gcc/arm-none-eabi/4.8.4/../../../../arm-none-eabi/lib/armv6-m\libg_s.a(lib_a-memset.o)
 .debug_frame   0x000005d8       0x20 c:/freescale/kds_v3/toolchain/bin/../lib/gcc/arm-none-eabi/4.8.4/../../../../arm-none-eabi/lib/armv6-m\libnosys.a(_exit.o)
