Archive member included because of file (symbol)

c:/freescale/kds_v3/toolchain/bin/../lib/gcc/arm-none-eabi/4.8.4/armv6-m\libgcc.a(_udivsi3.o)
                              ./Project_Settings/Startup_Code/system_MKL25Z4.o (__aeabi_uidiv)
c:/freescale/kds_v3/toolchain/bin/../lib/gcc/arm-none-eabi/4.8.4/armv6-m\libgcc.a(_divsi3.o)
                              ./Sources/data.o (__aeabi_idiv)
c:/freescale/kds_v3/toolchain/bin/../lib/gcc/arm-none-eabi/4.8.4/armv6-m\libgcc.a(_dvmd_tls.o)
                              c:/freescale/kds_v3/toolchain/bin/../lib/gcc/arm-none-eabi/4.8.4/armv6-m\libgcc.a(_udivsi3.o) (__aeabi_idiv0)
c:/freescale/kds_v3/toolchain/bin/../lib/gcc/arm-none-eabi/4.8.4/../../../../arm-none-eabi/lib/armv6-m\libg_s.a(lib_a-exit.o)
                              c:/freescale/kds_v3/toolchain/bin/../lib/gcc/arm-none-eabi/4.8.4/../../../../arm-none-eabi/lib/armv6-m/crt0.o (exit)
c:/freescale/kds_v3/toolchain/bin/../lib/gcc/arm-none-eabi/4.8.4/../../../../arm-none-eabi/lib/armv6-m\libg_s.a(lib_a-impure.o)
                              c:/freescale/kds_v3/toolchain/bin/../lib/gcc/arm-none-eabi/4.8.4/../../../../arm-none-eabi/lib/armv6-m\libg_s.a(lib_a-exit.o) (_global_impure_ptr)
c:/freescale/kds_v3/toolchain/bin/../lib/gcc/arm-none-eabi/4.8.4/../../../../arm-none-eabi/lib/armv6-m\libg_s.a(lib_a-init.o)
                              c:/freescale/kds_v3/toolchain/bin/../lib/gcc/arm-none-eabi/4.8.4/../../../../arm-none-eabi/lib/armv6-m/crt0.o (__libc_init_array)
c:/freescale/kds_v3/toolchain/bin/../lib/gcc/arm-none-eabi/4.8.4/../../../../arm-none-eabi/lib/armv6-m\libg_s.a(lib_a-malloc.o)
                              ./Sources/circbuf.o (malloc)
c:/freescale/kds_v3/toolchain/bin/../lib/gcc/arm-none-eabi/4.8.4/../../../../arm-none-eabi/lib/armv6-m\libg_s.a(lib_a-memset.o)
                              c:/freescale/kds_v3/toolchain/bin/../lib/gcc/arm-none-eabi/4.8.4/../../../../arm-none-eabi/lib/armv6-m/crt0.o (memset)
c:/freescale/kds_v3/toolchain/bin/../lib/gcc/arm-none-eabi/4.8.4/../../../../arm-none-eabi/lib/armv6-m\libg_s.a(lib_a-nano-freer.o)
                              c:/freescale/kds_v3/toolchain/bin/../lib/gcc/arm-none-eabi/4.8.4/../../../../arm-none-eabi/lib/armv6-m\libg_s.a(lib_a-malloc.o) (_free_r)
c:/freescale/kds_v3/toolchain/bin/../lib/gcc/arm-none-eabi/4.8.4/../../../../arm-none-eabi/lib/armv6-m\libg_s.a(lib_a-nano-mallocr.o)
                              c:/freescale/kds_v3/toolchain/bin/../lib/gcc/arm-none-eabi/4.8.4/../../../../arm-none-eabi/lib/armv6-m\libg_s.a(lib_a-malloc.o) (_malloc_r)
c:/freescale/kds_v3/toolchain/bin/../lib/gcc/arm-none-eabi/4.8.4/../../../../arm-none-eabi/lib/armv6-m\libg_s.a(lib_a-sbrkr.o)
                              c:/freescale/kds_v3/toolchain/bin/../lib/gcc/arm-none-eabi/4.8.4/../../../../arm-none-eabi/lib/armv6-m\libg_s.a(lib_a-nano-mallocr.o) (_sbrk_r)
c:/freescale/kds_v3/toolchain/bin/../lib/gcc/arm-none-eabi/4.8.4/../../../../arm-none-eabi/lib/armv6-m\libg_s.a(lib_a-reent.o)
                              c:/freescale/kds_v3/toolchain/bin/../lib/gcc/arm-none-eabi/4.8.4/../../../../arm-none-eabi/lib/armv6-m\libg_s.a(lib_a-sbrkr.o) (errno)
c:/freescale/kds_v3/toolchain/bin/../lib/gcc/arm-none-eabi/4.8.4/../../../../arm-none-eabi/lib/armv6-m\libnosys.a(sbrk.o)
                              c:/freescale/kds_v3/toolchain/bin/../lib/gcc/arm-none-eabi/4.8.4/../../../../arm-none-eabi/lib/armv6-m\libg_s.a(lib_a-sbrkr.o) (_sbrk)
c:/freescale/kds_v3/toolchain/bin/../lib/gcc/arm-none-eabi/4.8.4/../../../../arm-none-eabi/lib/armv6-m\libnosys.a(_exit.o)
                              c:/freescale/kds_v3/toolchain/bin/../lib/gcc/arm-none-eabi/4.8.4/../../../../arm-none-eabi/lib/armv6-m\libg_s.a(lib_a-exit.o) (_exit)

Allocating common symbols
Common symbol       size              file

errno               0x4               c:/freescale/kds_v3/toolchain/bin/../lib/gcc/arm-none-eabi/4.8.4/../../../../arm-none-eabi/lib/armv6-m\libg_s.a(lib_a-reent.o)
rx_buf              0x18              ./Sources/logger_q.o
tx_buf              0x18              ./Sources/logger_q.o

Discarded input sections

 .text          0x00000000        0x0 c:/freescale/kds_v3/toolchain/bin/../lib/gcc/arm-none-eabi/4.8.4/armv6-m/crti.o
 .data          0x00000000        0x0 c:/freescale/kds_v3/toolchain/bin/../lib/gcc/arm-none-eabi/4.8.4/armv6-m/crti.o
 .bss           0x00000000        0x0 c:/freescale/kds_v3/toolchain/bin/../lib/gcc/arm-none-eabi/4.8.4/armv6-m/crti.o
 .data          0x00000000        0x4 c:/freescale/kds_v3/toolchain/bin/../lib/gcc/arm-none-eabi/4.8.4/armv6-m/crtbegin.o
 .data          0x00000000        0x0 c:/freescale/kds_v3/toolchain/bin/../lib/gcc/arm-none-eabi/4.8.4/../../../../arm-none-eabi/lib/armv6-m/crt0.o
 .bss           0x00000000        0x0 c:/freescale/kds_v3/toolchain/bin/../lib/gcc/arm-none-eabi/4.8.4/../../../../arm-none-eabi/lib/armv6-m/crt0.o
 .ARM.extab     0x00000000        0x0 c:/freescale/kds_v3/toolchain/bin/../lib/gcc/arm-none-eabi/4.8.4/../../../../arm-none-eabi/lib/armv6-m/crt0.o
 .group         0x00000000        0x8 ./Sources/circbuf.o
 .group         0x00000000        0x8 ./Sources/circbuf.o
 .group         0x00000000        0x8 ./Sources/circbuf.o
 .group         0x00000000        0x8 ./Sources/circbuf.o
 .group         0x00000000        0x8 ./Sources/circbuf.o
 .group         0x00000000        0x8 ./Sources/circbuf.o
 .group         0x00000000        0x8 ./Sources/circbuf.o
 .group         0x00000000        0x8 ./Sources/circbuf.o
 .group         0x00000000        0x8 ./Sources/circbuf.o
 .group         0x00000000        0x8 ./Sources/circbuf.o
 .group         0x00000000        0x8 ./Sources/circbuf.o
 .group         0x00000000        0x8 ./Sources/circbuf.o
 .group         0x00000000        0x8 ./Sources/circbuf.o
 .group         0x00000000        0x8 ./Sources/circbuf.o
 .group         0x00000000        0x8 ./Sources/circbuf.o
 .group         0x00000000        0x8 ./Sources/circbuf.o
 .group         0x00000000        0x8 ./Sources/circbuf.o
 .group         0x00000000        0x8 ./Sources/circbuf.o
 .group         0x00000000        0x8 ./Sources/circbuf.o
 .group         0x00000000        0x8 ./Sources/circbuf.o
 .group         0x00000000        0x8 ./Sources/circbuf.o
 .group         0x00000000        0x8 ./Sources/circbuf.o
 .group         0x00000000        0x8 ./Sources/circbuf.o
 .group         0x00000000        0x8 ./Sources/circbuf.o
 .group         0x00000000        0x8 ./Sources/circbuf.o
 .group         0x00000000        0x8 ./Sources/circbuf.o
 .group         0x00000000        0x8 ./Sources/circbuf.o
 .group         0x00000000        0x8 ./Sources/circbuf.o
 .group         0x00000000        0x8 ./Sources/circbuf.o
 .group         0x00000000        0x8 ./Sources/circbuf.o
 .group         0x00000000        0x8 ./Sources/circbuf.o
 .text          0x00000000        0x0 ./Sources/circbuf.o
 .data          0x00000000        0x0 ./Sources/circbuf.o
 .bss           0x00000000        0x0 ./Sources/circbuf.o
 .text.CB_buffer_add_item
                0x00000000       0xb8 ./Sources/circbuf.o
 .text.CB_buffer_remove_item
                0x00000000       0xcc ./Sources/circbuf.o
 .text.CB_peek  0x00000000       0x64 ./Sources/circbuf.o
 .text.CB_init  0x00000000       0x58 ./Sources/circbuf.o
 .text.CB_destroy
                0x00000000       0x28 ./Sources/circbuf.o
 .debug_info    0x00000000      0x2c8 ./Sources/circbuf.o
 .debug_abbrev  0x00000000      0x12a ./Sources/circbuf.o
 .debug_aranges
                0x00000000       0x40 ./Sources/circbuf.o
 .debug_ranges  0x00000000       0x30 ./Sources/circbuf.o
 .debug_macro   0x00000000      0x185 ./Sources/circbuf.o
 .debug_macro   0x00000000      0x808 ./Sources/circbuf.o
 .debug_macro   0x00000000       0x16 ./Sources/circbuf.o
 .debug_macro   0x00000000       0x16 ./Sources/circbuf.o
 .debug_macro   0x00000000       0x44 ./Sources/circbuf.o
 .debug_macro   0x00000000      0x209 ./Sources/circbuf.o
 .debug_macro   0x00000000       0x3a ./Sources/circbuf.o
 .debug_macro   0x00000000       0x3a ./Sources/circbuf.o
 .debug_macro   0x00000000       0x26 ./Sources/circbuf.o
 .debug_macro   0x00000000      0x306 ./Sources/circbuf.o
 .debug_macro   0x00000000       0x63 ./Sources/circbuf.o
 .debug_macro   0x00000000     0x8439 ./Sources/circbuf.o
 .debug_macro   0x00000000       0x58 ./Sources/circbuf.o
 .debug_macro   0x00000000       0x35 ./Sources/circbuf.o
 .debug_macro   0x00000000       0xa3 ./Sources/circbuf.o
 .debug_macro   0x00000000       0x16 ./Sources/circbuf.o
 .debug_macro   0x00000000       0x97 ./Sources/circbuf.o
 .debug_macro   0x00000000       0x10 ./Sources/circbuf.o
 .debug_macro   0x00000000       0xef ./Sources/circbuf.o
 .debug_macro   0x00000000       0x52 ./Sources/circbuf.o
 .debug_macro   0x00000000       0x16 ./Sources/circbuf.o
 .debug_macro   0x00000000       0x43 ./Sources/circbuf.o
 .debug_macro   0x00000000      0x180 ./Sources/circbuf.o
 .debug_macro   0x00000000       0x10 ./Sources/circbuf.o
 .debug_macro   0x00000000       0x22 ./Sources/circbuf.o
 .debug_macro   0x00000000       0xbd ./Sources/circbuf.o
 .debug_macro   0x00000000       0x16 ./Sources/circbuf.o
 .debug_macro   0x00000000      0x14a ./Sources/circbuf.o
 .debug_macro   0x00000000       0x16 ./Sources/circbuf.o
 .debug_macro   0x00000000       0x35 ./Sources/circbuf.o
 .debug_macro   0x00000000       0x22 ./Sources/circbuf.o
 .debug_macro   0x00000000       0x10 ./Sources/circbuf.o
 .debug_line    0x00000000      0x38f ./Sources/circbuf.o
 .debug_str     0x00000000    0x34243 ./Sources/circbuf.o
 .comment       0x00000000       0x71 ./Sources/circbuf.o
 .ARM.attributes
                0x00000000       0x32 ./Sources/circbuf.o
 .debug_frame   0x00000000       0xb0 ./Sources/circbuf.o
 .group         0x00000000        0x8 ./Sources/data.o
 .group         0x00000000        0x8 ./Sources/data.o
 .group         0x00000000        0x8 ./Sources/data.o
 .group         0x00000000        0x8 ./Sources/data.o
 .group         0x00000000        0x8 ./Sources/data.o
 .group         0x00000000        0x8 ./Sources/data.o
 .group         0x00000000        0x8 ./Sources/data.o
 .group         0x00000000        0x8 ./Sources/data.o
 .group         0x00000000        0x8 ./Sources/data.o
 .group         0x00000000        0x8 ./Sources/data.o
 .group         0x00000000        0x8 ./Sources/data.o
 .group         0x00000000        0x8 ./Sources/data.o
 .group         0x00000000        0x8 ./Sources/data.o
 .group         0x00000000        0x8 ./Sources/data.o
 .group         0x00000000        0x8 ./Sources/data.o
 .group         0x00000000        0x8 ./Sources/data.o
 .group         0x00000000        0x8 ./Sources/data.o
 .group         0x00000000        0x8 ./Sources/data.o
 .group         0x00000000        0x8 ./Sources/data.o
 .group         0x00000000        0x8 ./Sources/data.o
 .group         0x00000000        0x8 ./Sources/data.o
 .group         0x00000000        0x8 ./Sources/data.o
 .group         0x00000000        0x8 ./Sources/data.o
 .group         0x00000000        0x8 ./Sources/data.o
 .group         0x00000000        0x8 ./Sources/data.o
 .group         0x00000000        0x8 ./Sources/data.o
 .group         0x00000000        0x8 ./Sources/data.o
 .text          0x00000000        0x0 ./Sources/data.o
 .data          0x00000000        0x0 ./Sources/data.o
 .bss           0x00000000        0x0 ./Sources/data.o
 .text.my_itoa  0x00000000      0x130 ./Sources/data.o
 .text.my_atoi  0x00000000       0x90 ./Sources/data.o
 .text.big_to_little32
                0x00000000       0x88 ./Sources/data.o
 .text.little_to_big32
                0x00000000       0x88 ./Sources/data.o
 .debug_info    0x00000000      0x2b8 ./Sources/data.o
 .debug_abbrev  0x00000000       0xda ./Sources/data.o
 .debug_aranges
                0x00000000       0x38 ./Sources/data.o
 .debug_ranges  0x00000000       0x28 ./Sources/data.o
 .debug_macro   0x00000000      0x163 ./Sources/data.o
 .debug_macro   0x00000000      0x808 ./Sources/data.o
 .debug_macro   0x00000000       0x58 ./Sources/data.o
 .debug_macro   0x00000000       0x16 ./Sources/data.o
 .debug_macro   0x00000000       0x35 ./Sources/data.o
 .debug_macro   0x00000000       0xa3 ./Sources/data.o
 .debug_macro   0x00000000       0x16 ./Sources/data.o
 .debug_macro   0x00000000       0x97 ./Sources/data.o
 .debug_macro   0x00000000       0x10 ./Sources/data.o
 .debug_macro   0x00000000       0xef ./Sources/data.o
 .debug_macro   0x00000000       0x4a ./Sources/data.o
 .debug_macro   0x00000000       0x52 ./Sources/data.o
 .debug_macro   0x00000000       0x16 ./Sources/data.o
 .debug_macro   0x00000000       0x43 ./Sources/data.o
 .debug_macro   0x00000000      0x180 ./Sources/data.o
 .debug_macro   0x00000000       0x10 ./Sources/data.o
 .debug_macro   0x00000000       0x22 ./Sources/data.o
 .debug_macro   0x00000000       0xbd ./Sources/data.o
 .debug_macro   0x00000000       0x16 ./Sources/data.o
 .debug_macro   0x00000000      0x14a ./Sources/data.o
 .debug_macro   0x00000000       0xde ./Sources/data.o
 .debug_macro   0x00000000      0x20f ./Sources/data.o
 .debug_macro   0x00000000       0x16 ./Sources/data.o
 .debug_macro   0x00000000       0x35 ./Sources/data.o
 .debug_macro   0x00000000       0x22 ./Sources/data.o
 .debug_macro   0x00000000       0x22 ./Sources/data.o
 .debug_macro   0x00000000       0x40 ./Sources/data.o
 .debug_macro   0x00000000       0x22 ./Sources/data.o
 .debug_line    0x00000000      0x34c ./Sources/data.o
 .debug_str     0x00000000     0x56cc ./Sources/data.o
 .comment       0x00000000       0x71 ./Sources/data.o
 .ARM.attributes
                0x00000000       0x32 ./Sources/data.o
 .debug_frame   0x00000000       0x90 ./Sources/data.o
 .group         0x00000000        0x8 ./Sources/logger_q.o
 .group         0x00000000        0x8 ./Sources/logger_q.o
 .group         0x00000000        0x8 ./Sources/logger_q.o
 .group         0x00000000        0x8 ./Sources/logger_q.o
 .group         0x00000000        0x8 ./Sources/logger_q.o
 .group         0x00000000        0x8 ./Sources/logger_q.o
 .group         0x00000000        0x8 ./Sources/logger_q.o
 .group         0x00000000        0x8 ./Sources/logger_q.o
 .group         0x00000000        0x8 ./Sources/logger_q.o
 .group         0x00000000        0x8 ./Sources/logger_q.o
 .group         0x00000000        0x8 ./Sources/logger_q.o
 .group         0x00000000        0x8 ./Sources/logger_q.o
 .group         0x00000000        0x8 ./Sources/logger_q.o
 .group         0x00000000        0x8 ./Sources/logger_q.o
 .group         0x00000000        0x8 ./Sources/logger_q.o
 .group         0x00000000        0x8 ./Sources/logger_q.o
 .group         0x00000000        0x8 ./Sources/logger_q.o
 .group         0x00000000        0x8 ./Sources/logger_q.o
 .group         0x00000000        0x8 ./Sources/logger_q.o
 .group         0x00000000        0x8 ./Sources/logger_q.o
 .group         0x00000000        0x8 ./Sources/logger_q.o
 .group         0x00000000        0x8 ./Sources/logger_q.o
 .group         0x00000000        0x8 ./Sources/logger_q.o
 .group         0x00000000        0x8 ./Sources/logger_q.o
 .group         0x00000000        0x8 ./Sources/logger_q.o
 .group         0x00000000        0x8 ./Sources/logger_q.o
 .group         0x00000000        0x8 ./Sources/logger_q.o
 .group         0x00000000        0x8 ./Sources/logger_q.o
 .group         0x00000000        0x8 ./Sources/logger_q.o
 .group         0x00000000        0x8 ./Sources/logger_q.o
 .group         0x00000000        0x8 ./Sources/logger_q.o
 .group         0x00000000        0x8 ./Sources/logger_q.o
 .group         0x00000000        0x8 ./Sources/logger_q.o
 .text          0x00000000        0x0 ./Sources/logger_q.o
 .data          0x00000000        0x0 ./Sources/logger_q.o
 .bss           0x00000000        0x0 ./Sources/logger_q.o
 .text.log_raw_data
                0x00000000       0x78 ./Sources/logger_q.o
 .text.log_raw_string
                0x00000000       0x60 ./Sources/logger_q.o
 .text.log_raw_intr
                0x00000000       0x4c ./Sources/logger_q.o
 .text.log_raw_flush
                0x00000000       0x24 ./Sources/logger_q.o
 .text.create_log_item
                0x00000000       0x68 ./Sources/logger_q.o
 .rodata        0x00000000       0x30 ./Sources/logger_q.o
 .text.log_item
                0x00000000       0x94 ./Sources/logger_q.o
 .text.destroy_log_item
                0x00000000       0x24 ./Sources/logger_q.o
 .text.log_initialize
                0x00000000        0xc ./Sources/logger_q.o
 .debug_info    0x00000000      0x4a2 ./Sources/logger_q.o
 .debug_abbrev  0x00000000      0x19c ./Sources/logger_q.o
 .debug_aranges
                0x00000000       0x58 ./Sources/logger_q.o
 .debug_ranges  0x00000000       0x48 ./Sources/logger_q.o
 .debug_macro   0x00000000      0x19f ./Sources/logger_q.o
 .debug_macro   0x00000000      0x808 ./Sources/logger_q.o
 .debug_macro   0x00000000       0x58 ./Sources/logger_q.o
 .debug_macro   0x00000000       0x16 ./Sources/logger_q.o
 .debug_macro   0x00000000       0x35 ./Sources/logger_q.o
 .debug_macro   0x00000000       0xa3 ./Sources/logger_q.o
 .debug_macro   0x00000000       0x16 ./Sources/logger_q.o
 .debug_macro   0x00000000       0x97 ./Sources/logger_q.o
 .debug_macro   0x00000000       0x10 ./Sources/logger_q.o
 .debug_macro   0x00000000       0xef ./Sources/logger_q.o
 .debug_macro   0x00000000       0x4a ./Sources/logger_q.o
 .debug_macro   0x00000000       0x52 ./Sources/logger_q.o
 .debug_macro   0x00000000       0x16 ./Sources/logger_q.o
 .debug_macro   0x00000000       0x43 ./Sources/logger_q.o
 .debug_macro   0x00000000      0x180 ./Sources/logger_q.o
 .debug_macro   0x00000000       0x10 ./Sources/logger_q.o
 .debug_macro   0x00000000       0x22 ./Sources/logger_q.o
 .debug_macro   0x00000000       0xbd ./Sources/logger_q.o
 .debug_macro   0x00000000       0x16 ./Sources/logger_q.o
 .debug_macro   0x00000000      0x14a ./Sources/logger_q.o
 .debug_macro   0x00000000       0x16 ./Sources/logger_q.o
 .debug_macro   0x00000000       0x35 ./Sources/logger_q.o
 .debug_macro   0x00000000       0x22 ./Sources/logger_q.o
 .debug_macro   0x00000000      0x20f ./Sources/logger_q.o
 .debug_macro   0x00000000       0x2e ./Sources/logger_q.o
 .debug_macro   0x00000000       0x40 ./Sources/logger_q.o
 .debug_macro   0x00000000       0x4c ./Sources/logger_q.o
 .debug_macro   0x00000000       0x3a ./Sources/logger_q.o
 .debug_macro   0x00000000       0x26 ./Sources/logger_q.o
 .debug_macro   0x00000000      0x306 ./Sources/logger_q.o
 .debug_macro   0x00000000       0x63 ./Sources/logger_q.o
 .debug_macro   0x00000000     0x8439 ./Sources/logger_q.o
 .debug_macro   0x00000000       0x10 ./Sources/logger_q.o
 .debug_macro   0x00000000       0x34 ./Sources/logger_q.o
 .debug_line    0x00000000      0x3da ./Sources/logger_q.o
 .debug_str     0x00000000    0x346ba ./Sources/logger_q.o
 .comment       0x00000000       0x71 ./Sources/logger_q.o
 .ARM.attributes
                0x00000000       0x32 ./Sources/logger_q.o
 .debug_frame   0x00000000      0x108 ./Sources/logger_q.o
 COMMON         0x00000000       0x30 ./Sources/logger_q.o
 .group         0x00000000        0x8 ./Sources/main.o
 .group         0x00000000        0x8 ./Sources/main.o
 .group         0x00000000        0x8 ./Sources/main.o
 .group         0x00000000        0x8 ./Sources/main.o
 .group         0x00000000        0x8 ./Sources/main.o
 .group         0x00000000        0x8 ./Sources/main.o
 .group         0x00000000        0x8 ./Sources/main.o
 .group         0x00000000        0x8 ./Sources/main.o
 .group         0x00000000        0x8 ./Sources/main.o
 .group         0x00000000        0x8 ./Sources/main.o
 .group         0x00000000        0x8 ./Sources/main.o
 .group         0x00000000        0x8 ./Sources/main.o
 .group         0x00000000        0x8 ./Sources/main.o
 .group         0x00000000        0x8 ./Sources/main.o
 .group         0x00000000        0x8 ./Sources/main.o
 .group         0x00000000        0x8 ./Sources/main.o
 .group         0x00000000        0x8 ./Sources/main.o
 .group         0x00000000        0x8 ./Sources/main.o
 .group         0x00000000        0x8 ./Sources/main.o
 .group         0x00000000        0x8 ./Sources/main.o
 .group         0x00000000        0x8 ./Sources/main.o
 .group         0x00000000        0x8 ./Sources/main.o
 .group         0x00000000        0x8 ./Sources/main.o
 .group         0x00000000        0x8 ./Sources/main.o
 .group         0x00000000        0x8 ./Sources/main.o
 .group         0x00000000        0x8 ./Sources/main.o
 .text          0x00000000        0x0 ./Sources/main.o
 .data          0x00000000        0x0 ./Sources/main.o
 .bss           0x00000000        0x0 ./Sources/main.o
 .debug_macro   0x00000000      0x808 ./Sources/main.o
 .debug_macro   0x00000000       0x16 ./Sources/main.o
 .debug_macro   0x00000000       0x16 ./Sources/main.o
 .debug_macro   0x00000000       0x44 ./Sources/main.o
 .debug_macro   0x00000000      0x209 ./Sources/main.o
 .debug_macro   0x00000000       0x3a ./Sources/main.o
 .debug_macro   0x00000000       0x3a ./Sources/main.o
 .debug_macro   0x00000000       0x26 ./Sources/main.o
 .debug_macro   0x00000000      0x306 ./Sources/main.o
 .debug_macro   0x00000000       0x63 ./Sources/main.o
 .debug_macro   0x00000000     0x8439 ./Sources/main.o
 .debug_macro   0x00000000       0x58 ./Sources/main.o
 .debug_macro   0x00000000       0x35 ./Sources/main.o
 .debug_macro   0x00000000       0xa3 ./Sources/main.o
 .debug_macro   0x00000000       0x16 ./Sources/main.o
 .debug_macro   0x00000000       0x52 ./Sources/main.o
 .debug_macro   0x00000000       0x16 ./Sources/main.o
 .debug_macro   0x00000000       0x43 ./Sources/main.o
 .debug_macro   0x00000000      0x180 ./Sources/main.o
 .debug_macro   0x00000000       0x22 ./Sources/main.o
 .group         0x00000000        0x8 ./Sources/memory.o
 .group         0x00000000        0x8 ./Sources/memory.o
 .group         0x00000000        0x8 ./Sources/memory.o
 .group         0x00000000        0x8 ./Sources/memory.o
 .group         0x00000000        0x8 ./Sources/memory.o
 .group         0x00000000        0x8 ./Sources/memory.o
 .group         0x00000000        0x8 ./Sources/memory.o
 .group         0x00000000        0x8 ./Sources/memory.o
 .group         0x00000000        0x8 ./Sources/memory.o
 .group         0x00000000        0x8 ./Sources/memory.o
 .group         0x00000000        0x8 ./Sources/memory.o
 .group         0x00000000        0x8 ./Sources/memory.o
 .group         0x00000000        0x8 ./Sources/memory.o
 .group         0x00000000        0x8 ./Sources/memory.o
 .group         0x00000000        0x8 ./Sources/memory.o
 .group         0x00000000        0x8 ./Sources/memory.o
 .group         0x00000000        0x8 ./Sources/memory.o
 .group         0x00000000        0x8 ./Sources/memory.o
 .group         0x00000000        0x8 ./Sources/memory.o
 .group         0x00000000        0x8 ./Sources/memory.o
 .group         0x00000000        0x8 ./Sources/memory.o
 .group         0x00000000        0x8 ./Sources/memory.o
 .group         0x00000000        0x8 ./Sources/memory.o
 .group         0x00000000        0x8 ./Sources/memory.o
 .group         0x00000000        0x8 ./Sources/memory.o
 .group         0x00000000        0x8 ./Sources/memory.o
 .text          0x00000000        0x0 ./Sources/memory.o
 .data          0x00000000        0x0 ./Sources/memory.o
 .bss           0x00000000        0x0 ./Sources/memory.o
 .text.my_memmove
                0x00000000       0xbc ./Sources/memory.o
 .text.my_memset
                0x00000000       0x4c ./Sources/memory.o
 .text.my_memzero
                0x00000000       0x48 ./Sources/memory.o
 .text.my_reverse
                0x00000000       0xa4 ./Sources/memory.o
 .debug_info    0x00000000      0x286 ./Sources/memory.o
 .debug_abbrev  0x00000000       0xc9 ./Sources/memory.o
 .debug_aranges
                0x00000000       0x38 ./Sources/memory.o
 .debug_ranges  0x00000000       0x28 ./Sources/memory.o
 .debug_macro   0x00000000      0x162 ./Sources/memory.o
 .debug_macro   0x00000000      0x808 ./Sources/memory.o
 .debug_macro   0x00000000       0x58 ./Sources/memory.o
 .debug_macro   0x00000000       0x16 ./Sources/memory.o
 .debug_macro   0x00000000       0x35 ./Sources/memory.o
 .debug_macro   0x00000000       0xa3 ./Sources/memory.o
 .debug_macro   0x00000000       0x16 ./Sources/memory.o
 .debug_macro   0x00000000       0x97 ./Sources/memory.o
 .debug_macro   0x00000000       0x10 ./Sources/memory.o
 .debug_macro   0x00000000       0xef ./Sources/memory.o
 .debug_macro   0x00000000       0x4a ./Sources/memory.o
 .debug_macro   0x00000000       0x52 ./Sources/memory.o
 .debug_macro   0x00000000       0x16 ./Sources/memory.o
 .debug_macro   0x00000000       0x43 ./Sources/memory.o
 .debug_macro   0x00000000      0x180 ./Sources/memory.o
 .debug_macro   0x00000000       0x10 ./Sources/memory.o
 .debug_macro   0x00000000       0x22 ./Sources/memory.o
 .debug_macro   0x00000000       0xbd ./Sources/memory.o
 .debug_macro   0x00000000       0x16 ./Sources/memory.o
 .debug_macro   0x00000000      0x14a ./Sources/memory.o
 .debug_macro   0x00000000       0x16 ./Sources/memory.o
 .debug_macro   0x00000000       0x35 ./Sources/memory.o
 .debug_macro   0x00000000       0x22 ./Sources/memory.o
 .debug_macro   0x00000000      0x2a6 ./Sources/memory.o
 .debug_macro   0x00000000       0x10 ./Sources/memory.o
 .debug_macro   0x00000000      0x20f ./Sources/memory.o
 .debug_macro   0x00000000       0x22 ./Sources/memory.o
 .debug_line    0x00000000      0x393 ./Sources/memory.o
 .debug_str     0x00000000     0x5e25 ./Sources/memory.o
 .comment       0x00000000       0x71 ./Sources/memory.o
 .ARM.attributes
                0x00000000       0x32 ./Sources/memory.o
 .debug_frame   0x00000000       0x90 ./Sources/memory.o
 .group         0x00000000        0x8 ./Sources/uart.o
 .group         0x00000000        0x8 ./Sources/uart.o
 .group         0x00000000        0x8 ./Sources/uart.o
 .group         0x00000000        0x8 ./Sources/uart.o
 .group         0x00000000        0x8 ./Sources/uart.o
 .group         0x00000000        0x8 ./Sources/uart.o
 .group         0x00000000        0x8 ./Sources/uart.o
 .group         0x00000000        0x8 ./Sources/uart.o
 .group         0x00000000        0x8 ./Sources/uart.o
 .group         0x00000000        0x8 ./Sources/uart.o
 .group         0x00000000        0x8 ./Sources/uart.o
 .group         0x00000000        0x8 ./Sources/uart.o
 .group         0x00000000        0x8 ./Sources/uart.o
 .group         0x00000000        0x8 ./Sources/uart.o
 .group         0x00000000        0x8 ./Sources/uart.o
 .group         0x00000000        0x8 ./Sources/uart.o
 .group         0x00000000        0x8 ./Sources/uart.o
 .group         0x00000000        0x8 ./Sources/uart.o
 .group         0x00000000        0x8 ./Sources/uart.o
 .group         0x00000000        0x8 ./Sources/uart.o
 .group         0x00000000        0x8 ./Sources/uart.o
 .group         0x00000000        0x8 ./Sources/uart.o
 .group         0x00000000        0x8 ./Sources/uart.o
 .group         0x00000000        0x8 ./Sources/uart.o
 .group         0x00000000        0x8 ./Sources/uart.o
 .group         0x00000000        0x8 ./Sources/uart.o
 .group         0x00000000        0x8 ./Sources/uart.o
 .text          0x00000000        0x0 ./Sources/uart.o
 .data          0x00000000        0x0 ./Sources/uart.o
 .bss           0x00000000        0x0 ./Sources/uart.o
 .text.NVIC_EnableIRQ
                0x00000000       0x2c ./Sources/uart.o
 .text.NVIC_SetPriority
                0x00000000       0xe0 ./Sources/uart.o
 .text.uart0_config
                0x00000000       0xb8 ./Sources/uart.o
 .text.uart_send_byte
                0x00000000       0x40 ./Sources/uart.o
 .text.uart_send_n_bytes
                0x00000000       0x48 ./Sources/uart.o
 .text.uart_receive_byte
                0x00000000       0x30 ./Sources/uart.o
 .debug_info    0x00000000      0x7bc ./Sources/uart.o
 .debug_abbrev  0x00000000      0x1bb ./Sources/uart.o
 .debug_aranges
                0x00000000       0x48 ./Sources/uart.o
 .debug_ranges  0x00000000       0x38 ./Sources/uart.o
 .debug_macro   0x00000000      0x149 ./Sources/uart.o
 .debug_macro   0x00000000      0x808 ./Sources/uart.o
 .debug_macro   0x00000000       0x58 ./Sources/uart.o
 .debug_macro   0x00000000       0x16 ./Sources/uart.o
 .debug_macro   0x00000000       0x35 ./Sources/uart.o
 .debug_macro   0x00000000       0xa3 ./Sources/uart.o
 .debug_macro   0x00000000       0x16 ./Sources/uart.o
 .debug_macro   0x00000000       0x97 ./Sources/uart.o
 .debug_macro   0x00000000       0x10 ./Sources/uart.o
 .debug_macro   0x00000000       0xef ./Sources/uart.o
 .debug_macro   0x00000000       0x4a ./Sources/uart.o
 .debug_macro   0x00000000       0x52 ./Sources/uart.o
 .debug_macro   0x00000000       0x16 ./Sources/uart.o
 .debug_macro   0x00000000       0x43 ./Sources/uart.o
 .debug_macro   0x00000000      0x180 ./Sources/uart.o
 .debug_macro   0x00000000       0x10 ./Sources/uart.o
 .debug_macro   0x00000000       0x22 ./Sources/uart.o
 .debug_macro   0x00000000       0xbd ./Sources/uart.o
 .debug_macro   0x00000000       0x16 ./Sources/uart.o
 .debug_macro   0x00000000      0x14a ./Sources/uart.o
 .debug_macro   0x00000000      0x20f ./Sources/uart.o
 .debug_macro   0x00000000       0x4c ./Sources/uart.o
 .debug_macro   0x00000000       0x3a ./Sources/uart.o
 .debug_macro   0x00000000       0x26 ./Sources/uart.o
 .debug_macro   0x00000000      0x306 ./Sources/uart.o
 .debug_macro   0x00000000       0x63 ./Sources/uart.o
 .debug_macro   0x00000000     0x8439 ./Sources/uart.o
 .debug_macro   0x00000000       0x34 ./Sources/uart.o
 .debug_line    0x00000000      0x376 ./Sources/uart.o
 .debug_str     0x00000000    0x3453d ./Sources/uart.o
 .comment       0x00000000       0x71 ./Sources/uart.o
 .ARM.attributes
                0x00000000       0x32 ./Sources/uart.o
 .debug_frame   0x00000000       0xd4 ./Sources/uart.o
 .group         0x00000000        0x8 ./Project_Settings/Startup_Code/startup.o
 .group         0x00000000        0x8 ./Project_Settings/Startup_Code/startup.o
 .group         0x00000000        0x8 ./Project_Settings/Startup_Code/startup.o
 .group         0x00000000        0x8 ./Project_Settings/Startup_Code/startup.o
 .group         0x00000000        0x8 ./Project_Settings/Startup_Code/startup.o
 .group         0x00000000        0x8 ./Project_Settings/Startup_Code/startup.o
 .group         0x00000000        0x8 ./Project_Settings/Startup_Code/startup.o
 .group         0x00000000        0x8 ./Project_Settings/Startup_Code/startup.o
 .group         0x00000000        0x8 ./Project_Settings/Startup_Code/startup.o
 .group         0x00000000        0x8 ./Project_Settings/Startup_Code/startup.o
 .group         0x00000000        0x8 ./Project_Settings/Startup_Code/startup.o
 .group         0x00000000        0x8 ./Project_Settings/Startup_Code/startup.o
 .group         0x00000000        0x8 ./Project_Settings/Startup_Code/startup.o
 .group         0x00000000        0x8 ./Project_Settings/Startup_Code/startup.o
 .group         0x00000000        0x8 ./Project_Settings/Startup_Code/startup.o
 .group         0x00000000        0x8 ./Project_Settings/Startup_Code/startup.o
 .group         0x00000000        0x8 ./Project_Settings/Startup_Code/startup.o
 .group         0x00000000        0x8 ./Project_Settings/Startup_Code/startup.o
 .group         0x00000000        0x8 ./Project_Settings/Startup_Code/startup.o
 .group         0x00000000        0x8 ./Project_Settings/Startup_Code/startup.o
 .group         0x00000000        0x8 ./Project_Settings/Startup_Code/startup.o
 .group         0x00000000        0x8 ./Project_Settings/Startup_Code/startup.o
 .group         0x00000000        0x8 ./Project_Settings/Startup_Code/startup.o
 .group         0x00000000        0x8 ./Project_Settings/Startup_Code/startup.o
 .group         0x00000000        0x8 ./Project_Settings/Startup_Code/startup.o
 .group         0x00000000        0x8 ./Project_Settings/Startup_Code/startup.o
 .text          0x00000000        0x0 ./Project_Settings/Startup_Code/startup.o
 .data          0x00000000        0x0 ./Project_Settings/Startup_Code/startup.o
 .bss           0x00000000        0x0 ./Project_Settings/Startup_Code/startup.o
 .debug_macro   0x00000000      0x808 ./Project_Settings/Startup_Code/startup.o
 .debug_macro   0x00000000       0x11 ./Project_Settings/Startup_Code/startup.o
 .debug_macro   0x00000000       0x16 ./Project_Settings/Startup_Code/startup.o
 .debug_macro   0x00000000       0x16 ./Project_Settings/Startup_Code/startup.o
 .debug_macro   0x00000000       0x44 ./Project_Settings/Startup_Code/startup.o
 .debug_macro   0x00000000      0x209 ./Project_Settings/Startup_Code/startup.o
 .debug_macro   0x00000000       0x3a ./Project_Settings/Startup_Code/startup.o
 .debug_macro   0x00000000       0x3a ./Project_Settings/Startup_Code/startup.o
 .debug_macro   0x00000000       0x26 ./Project_Settings/Startup_Code/startup.o
 .debug_macro   0x00000000      0x306 ./Project_Settings/Startup_Code/startup.o
 .debug_macro   0x00000000       0x63 ./Project_Settings/Startup_Code/startup.o
 .debug_macro   0x00000000     0x8439 ./Project_Settings/Startup_Code/startup.o
 .debug_macro   0x00000000       0x58 ./Project_Settings/Startup_Code/startup.o
 .debug_macro   0x00000000       0x35 ./Project_Settings/Startup_Code/startup.o
 .debug_macro   0x00000000       0xa3 ./Project_Settings/Startup_Code/startup.o
 .debug_macro   0x00000000       0x16 ./Project_Settings/Startup_Code/startup.o
 .debug_macro   0x00000000      0x10e ./Project_Settings/Startup_Code/startup.o
 .debug_macro   0x00000000       0x7f ./Project_Settings/Startup_Code/startup.o
 .debug_macro   0x00000000       0x52 ./Project_Settings/Startup_Code/startup.o
 .debug_macro   0x00000000       0x16 ./Project_Settings/Startup_Code/startup.o
 .debug_macro   0x00000000       0x43 ./Project_Settings/Startup_Code/startup.o
 .debug_macro   0x00000000      0x180 ./Project_Settings/Startup_Code/startup.o
 .debug_macro   0x00000000       0x22 ./Project_Settings/Startup_Code/startup.o
 .debug_macro   0x00000000       0x7c ./Project_Settings/Startup_Code/startup.o
 .debug_macro   0x00000000     0x7658 ./Project_Settings/Startup_Code/startup.o
 .debug_macro   0x00000000     0x1108 ./Project_Settings/Startup_Code/startup.o
 .data          0x00000000        0x0 ./Project_Settings/Startup_Code/startup_MKL25Z4.o
 .bss           0x00000000        0x0 ./Project_Settings/Startup_Code/startup_MKL25Z4.o
 .group         0x00000000        0x8 ./Project_Settings/Startup_Code/system_MKL25Z4.o
 .group         0x00000000        0x8 ./Project_Settings/Startup_Code/system_MKL25Z4.o
 .group         0x00000000        0x8 ./Project_Settings/Startup_Code/system_MKL25Z4.o
 .group         0x00000000        0x8 ./Project_Settings/Startup_Code/system_MKL25Z4.o
 .group         0x00000000        0x8 ./Project_Settings/Startup_Code/system_MKL25Z4.o
 .group         0x00000000        0x8 ./Project_Settings/Startup_Code/system_MKL25Z4.o
 .group         0x00000000        0x8 ./Project_Settings/Startup_Code/system_MKL25Z4.o
 .group         0x00000000        0x8 ./Project_Settings/Startup_Code/system_MKL25Z4.o
 .group         0x00000000        0x8 ./Project_Settings/Startup_Code/system_MKL25Z4.o
 .group         0x00000000        0x8 ./Project_Settings/Startup_Code/system_MKL25Z4.o
 .group         0x00000000        0x8 ./Project_Settings/Startup_Code/system_MKL25Z4.o
 .group         0x00000000        0x8 ./Project_Settings/Startup_Code/system_MKL25Z4.o
 .group         0x00000000        0x8 ./Project_Settings/Startup_Code/system_MKL25Z4.o
 .group         0x00000000        0x8 ./Project_Settings/Startup_Code/system_MKL25Z4.o
 .group         0x00000000        0x8 ./Project_Settings/Startup_Code/system_MKL25Z4.o
 .group         0x00000000        0x8 ./Project_Settings/Startup_Code/system_MKL25Z4.o
 .group         0x00000000        0x8 ./Project_Settings/Startup_Code/system_MKL25Z4.o
 .group         0x00000000        0x8 ./Project_Settings/Startup_Code/system_MKL25Z4.o
 .group         0x00000000        0x8 ./Project_Settings/Startup_Code/system_MKL25Z4.o
 .group         0x00000000        0x8 ./Project_Settings/Startup_Code/system_MKL25Z4.o
 .group         0x00000000        0x8 ./Project_Settings/Startup_Code/system_MKL25Z4.o
 .group         0x00000000        0x8 ./Project_Settings/Startup_Code/system_MKL25Z4.o
 .group         0x00000000        0x8 ./Project_Settings/Startup_Code/system_MKL25Z4.o
 .group         0x00000000        0x8 ./Project_Settings/Startup_Code/system_MKL25Z4.o
 .group         0x00000000        0x8 ./Project_Settings/Startup_Code/system_MKL25Z4.o
 .text          0x00000000        0x0 ./Project_Settings/Startup_Code/system_MKL25Z4.o
 .data          0x00000000        0x0 ./Project_Settings/Startup_Code/system_MKL25Z4.o
 .bss           0x00000000        0x0 ./Project_Settings/Startup_Code/system_MKL25Z4.o
 .data.SystemCoreClock
                0x00000000        0x4 ./Project_Settings/Startup_Code/system_MKL25Z4.o
 .text.SystemCoreClockUpdate
                0x00000000      0x23c ./Project_Settings/Startup_Code/system_MKL25Z4.o
 .debug_macro   0x00000000      0x808 ./Project_Settings/Startup_Code/system_MKL25Z4.o
 .debug_macro   0x00000000       0x16 ./Project_Settings/Startup_Code/system_MKL25Z4.o
 .debug_macro   0x00000000       0x44 ./Project_Settings/Startup_Code/system_MKL25Z4.o
 .debug_macro   0x00000000      0x209 ./Project_Settings/Startup_Code/system_MKL25Z4.o
 .debug_macro   0x00000000       0x11 ./Project_Settings/Startup_Code/system_MKL25Z4.o
 .debug_macro   0x00000000       0x4c ./Project_Settings/Startup_Code/system_MKL25Z4.o
 .debug_macro   0x00000000       0x3a ./Project_Settings/Startup_Code/system_MKL25Z4.o
 .debug_macro   0x00000000       0x26 ./Project_Settings/Startup_Code/system_MKL25Z4.o
 .debug_macro   0x00000000      0x306 ./Project_Settings/Startup_Code/system_MKL25Z4.o
 .debug_macro   0x00000000       0x63 ./Project_Settings/Startup_Code/system_MKL25Z4.o
 .debug_macro   0x00000000     0x8439 ./Project_Settings/Startup_Code/system_MKL25Z4.o
 .debug_macro   0x00000000       0x58 ./Project_Settings/Startup_Code/system_MKL25Z4.o
 .debug_macro   0x00000000       0x35 ./Project_Settings/Startup_Code/system_MKL25Z4.o
 .debug_macro   0x00000000       0xa3 ./Project_Settings/Startup_Code/system_MKL25Z4.o
 .debug_macro   0x00000000       0x16 ./Project_Settings/Startup_Code/system_MKL25Z4.o
 .debug_macro   0x00000000      0x10e ./Project_Settings/Startup_Code/system_MKL25Z4.o
 .debug_macro   0x00000000       0x7f ./Project_Settings/Startup_Code/system_MKL25Z4.o
 .debug_macro   0x00000000       0x52 ./Project_Settings/Startup_Code/system_MKL25Z4.o
 .debug_macro   0x00000000       0x16 ./Project_Settings/Startup_Code/system_MKL25Z4.o
 .debug_macro   0x00000000       0x43 ./Project_Settings/Startup_Code/system_MKL25Z4.o
 .debug_macro   0x00000000      0x180 ./Project_Settings/Startup_Code/system_MKL25Z4.o
 .debug_macro   0x00000000       0x22 ./Project_Settings/Startup_Code/system_MKL25Z4.o
 .debug_macro   0x00000000       0x7c ./Project_Settings/Startup_Code/system_MKL25Z4.o
 .debug_macro   0x00000000     0x7658 ./Project_Settings/Startup_Code/system_MKL25Z4.o
 .debug_macro   0x00000000     0x1108 ./Project_Settings/Startup_Code/system_MKL25Z4.o
 .text          0x00000000       0x9c c:/freescale/kds_v3/toolchain/bin/../lib/gcc/arm-none-eabi/4.8.4/armv6-m\libgcc.a(_udivsi3.o)
 .data          0x00000000        0x0 c:/freescale/kds_v3/toolchain/bin/../lib/gcc/arm-none-eabi/4.8.4/armv6-m\libgcc.a(_udivsi3.o)
 .bss           0x00000000        0x0 c:/freescale/kds_v3/toolchain/bin/../lib/gcc/arm-none-eabi/4.8.4/armv6-m\libgcc.a(_udivsi3.o)
 .debug_frame   0x00000000       0x20 c:/freescale/kds_v3/toolchain/bin/../lib/gcc/arm-none-eabi/4.8.4/armv6-m\libgcc.a(_udivsi3.o)
 .ARM.attributes
                0x00000000       0x1e c:/freescale/kds_v3/toolchain/bin/../lib/gcc/arm-none-eabi/4.8.4/armv6-m\libgcc.a(_udivsi3.o)
 .text          0x00000000       0xc0 c:/freescale/kds_v3/toolchain/bin/../lib/gcc/arm-none-eabi/4.8.4/armv6-m\libgcc.a(_divsi3.o)
 .data          0x00000000        0x0 c:/freescale/kds_v3/toolchain/bin/../lib/gcc/arm-none-eabi/4.8.4/armv6-m\libgcc.a(_divsi3.o)
 .bss           0x00000000        0x0 c:/freescale/kds_v3/toolchain/bin/../lib/gcc/arm-none-eabi/4.8.4/armv6-m\libgcc.a(_divsi3.o)
 .debug_frame   0x00000000       0x20 c:/freescale/kds_v3/toolchain/bin/../lib/gcc/arm-none-eabi/4.8.4/armv6-m\libgcc.a(_divsi3.o)
 .ARM.attributes
                0x00000000       0x1e c:/freescale/kds_v3/toolchain/bin/../lib/gcc/arm-none-eabi/4.8.4/armv6-m\libgcc.a(_divsi3.o)
 .text          0x00000000        0x4 c:/freescale/kds_v3/toolchain/bin/../lib/gcc/arm-none-eabi/4.8.4/armv6-m\libgcc.a(_dvmd_tls.o)
 .data          0x00000000        0x0 c:/freescale/kds_v3/toolchain/bin/../lib/gcc/arm-none-eabi/4.8.4/armv6-m\libgcc.a(_dvmd_tls.o)
 .bss           0x00000000        0x0 c:/freescale/kds_v3/toolchain/bin/../lib/gcc/arm-none-eabi/4.8.4/armv6-m\libgcc.a(_dvmd_tls.o)
 .ARM.attributes
                0x00000000       0x1e c:/freescale/kds_v3/toolchain/bin/../lib/gcc/arm-none-eabi/4.8.4/armv6-m\libgcc.a(_dvmd_tls.o)
 .text          0x00000000        0x0 c:/freescale/kds_v3/toolchain/bin/../lib/gcc/arm-none-eabi/4.8.4/../../../../arm-none-eabi/lib/armv6-m\libg_s.a(lib_a-exit.o)
 .data          0x00000000        0x0 c:/freescale/kds_v3/toolchain/bin/../lib/gcc/arm-none-eabi/4.8.4/../../../../arm-none-eabi/lib/armv6-m\libg_s.a(lib_a-exit.o)
 .bss           0x00000000        0x0 c:/freescale/kds_v3/toolchain/bin/../lib/gcc/arm-none-eabi/4.8.4/../../../../arm-none-eabi/lib/armv6-m\libg_s.a(lib_a-exit.o)
 .text          0x00000000        0x0 c:/freescale/kds_v3/toolchain/bin/../lib/gcc/arm-none-eabi/4.8.4/../../../../arm-none-eabi/lib/armv6-m\libg_s.a(lib_a-impure.o)
 .data          0x00000000        0x0 c:/freescale/kds_v3/toolchain/bin/../lib/gcc/arm-none-eabi/4.8.4/../../../../arm-none-eabi/lib/armv6-m\libg_s.a(lib_a-impure.o)
 .bss           0x00000000        0x0 c:/freescale/kds_v3/toolchain/bin/../lib/gcc/arm-none-eabi/4.8.4/../../../../arm-none-eabi/lib/armv6-m\libg_s.a(lib_a-impure.o)
 .data._impure_ptr
                0x00000000        0x4 c:/freescale/kds_v3/toolchain/bin/../lib/gcc/arm-none-eabi/4.8.4/../../../../arm-none-eabi/lib/armv6-m\libg_s.a(lib_a-impure.o)
 .text          0x00000000        0x0 c:/freescale/kds_v3/toolchain/bin/../lib/gcc/arm-none-eabi/4.8.4/../../../../arm-none-eabi/lib/armv6-m\libg_s.a(lib_a-init.o)
 .data          0x00000000        0x0 c:/freescale/kds_v3/toolchain/bin/../lib/gcc/arm-none-eabi/4.8.4/../../../../arm-none-eabi/lib/armv6-m\libg_s.a(lib_a-init.o)
 .bss           0x00000000        0x0 c:/freescale/kds_v3/toolchain/bin/../lib/gcc/arm-none-eabi/4.8.4/../../../../arm-none-eabi/lib/armv6-m\libg_s.a(lib_a-init.o)
 .text          0x00000000        0x0 c:/freescale/kds_v3/toolchain/bin/../lib/gcc/arm-none-eabi/4.8.4/../../../../arm-none-eabi/lib/armv6-m\libg_s.a(lib_a-malloc.o)
 .data          0x00000000        0x0 c:/freescale/kds_v3/toolchain/bin/../lib/gcc/arm-none-eabi/4.8.4/../../../../arm-none-eabi/lib/armv6-m\libg_s.a(lib_a-malloc.o)
 .bss           0x00000000        0x0 c:/freescale/kds_v3/toolchain/bin/../lib/gcc/arm-none-eabi/4.8.4/../../../../arm-none-eabi/lib/armv6-m\libg_s.a(lib_a-malloc.o)
 .text.malloc   0x00000000       0x14 c:/freescale/kds_v3/toolchain/bin/../lib/gcc/arm-none-eabi/4.8.4/../../../../arm-none-eabi/lib/armv6-m\libg_s.a(lib_a-malloc.o)
 .text.free     0x00000000       0x14 c:/freescale/kds_v3/toolchain/bin/../lib/gcc/arm-none-eabi/4.8.4/../../../../arm-none-eabi/lib/armv6-m\libg_s.a(lib_a-malloc.o)
 .ARM.attributes
                0x00000000       0x2c c:/freescale/kds_v3/toolchain/bin/../lib/gcc/arm-none-eabi/4.8.4/../../../../arm-none-eabi/lib/armv6-m\libg_s.a(lib_a-malloc.o)
 .debug_frame   0x00000000       0x40 c:/freescale/kds_v3/toolchain/bin/../lib/gcc/arm-none-eabi/4.8.4/../../../../arm-none-eabi/lib/armv6-m\libg_s.a(lib_a-malloc.o)
 .text          0x00000000        0x0 c:/freescale/kds_v3/toolchain/bin/../lib/gcc/arm-none-eabi/4.8.4/../../../../arm-none-eabi/lib/armv6-m\libg_s.a(lib_a-memset.o)
 .data          0x00000000        0x0 c:/freescale/kds_v3/toolchain/bin/../lib/gcc/arm-none-eabi/4.8.4/../../../../arm-none-eabi/lib/armv6-m\libg_s.a(lib_a-memset.o)
 .bss           0x00000000        0x0 c:/freescale/kds_v3/toolchain/bin/../lib/gcc/arm-none-eabi/4.8.4/../../../../arm-none-eabi/lib/armv6-m\libg_s.a(lib_a-memset.o)
 .text          0x00000000        0x0 c:/freescale/kds_v3/toolchain/bin/../lib/gcc/arm-none-eabi/4.8.4/../../../../arm-none-eabi/lib/armv6-m\libg_s.a(lib_a-nano-freer.o)
 .data          0x00000000        0x0 c:/freescale/kds_v3/toolchain/bin/../lib/gcc/arm-none-eabi/4.8.4/../../../../arm-none-eabi/lib/armv6-m\libg_s.a(lib_a-nano-freer.o)
 .bss           0x00000000        0x0 c:/freescale/kds_v3/toolchain/bin/../lib/gcc/arm-none-eabi/4.8.4/../../../../arm-none-eabi/lib/armv6-m\libg_s.a(lib_a-nano-freer.o)
 .text._free_r  0x00000000       0x90 c:/freescale/kds_v3/toolchain/bin/../lib/gcc/arm-none-eabi/4.8.4/../../../../arm-none-eabi/lib/armv6-m\libg_s.a(lib_a-nano-freer.o)
 .ARM.attributes
                0x00000000       0x2c c:/freescale/kds_v3/toolchain/bin/../lib/gcc/arm-none-eabi/4.8.4/../../../../arm-none-eabi/lib/armv6-m\libg_s.a(lib_a-nano-freer.o)
 .debug_frame   0x00000000       0x2c c:/freescale/kds_v3/toolchain/bin/../lib/gcc/arm-none-eabi/4.8.4/../../../../arm-none-eabi/lib/armv6-m\libg_s.a(lib_a-nano-freer.o)
 .text          0x00000000        0x0 c:/freescale/kds_v3/toolchain/bin/../lib/gcc/arm-none-eabi/4.8.4/../../../../arm-none-eabi/lib/armv6-m\libg_s.a(lib_a-nano-mallocr.o)
 .data          0x00000000        0x0 c:/freescale/kds_v3/toolchain/bin/../lib/gcc/arm-none-eabi/4.8.4/../../../../arm-none-eabi/lib/armv6-m\libg_s.a(lib_a-nano-mallocr.o)
 .bss           0x00000000        0x0 c:/freescale/kds_v3/toolchain/bin/../lib/gcc/arm-none-eabi/4.8.4/../../../../arm-none-eabi/lib/armv6-m\libg_s.a(lib_a-nano-mallocr.o)
 .text._malloc_r
                0x00000000       0xa8 c:/freescale/kds_v3/toolchain/bin/../lib/gcc/arm-none-eabi/4.8.4/../../../../arm-none-eabi/lib/armv6-m\libg_s.a(lib_a-nano-mallocr.o)
 .bss.__malloc_sbrk_start
                0x00000000        0x4 c:/freescale/kds_v3/toolchain/bin/../lib/gcc/arm-none-eabi/4.8.4/../../../../arm-none-eabi/lib/armv6-m\libg_s.a(lib_a-nano-mallocr.o)
 .bss.__malloc_free_list
                0x00000000        0x4 c:/freescale/kds_v3/toolchain/bin/../lib/gcc/arm-none-eabi/4.8.4/../../../../arm-none-eabi/lib/armv6-m\libg_s.a(lib_a-nano-mallocr.o)
 .ARM.attributes
                0x00000000       0x2c c:/freescale/kds_v3/toolchain/bin/../lib/gcc/arm-none-eabi/4.8.4/../../../../arm-none-eabi/lib/armv6-m\libg_s.a(lib_a-nano-mallocr.o)
 .debug_frame   0x00000000       0x2c c:/freescale/kds_v3/toolchain/bin/../lib/gcc/arm-none-eabi/4.8.4/../../../../arm-none-eabi/lib/armv6-m\libg_s.a(lib_a-nano-mallocr.o)
 .text          0x00000000        0x0 c:/freescale/kds_v3/toolchain/bin/../lib/gcc/arm-none-eabi/4.8.4/../../../../arm-none-eabi/lib/armv6-m\libg_s.a(lib_a-sbrkr.o)
 .data          0x00000000        0x0 c:/freescale/kds_v3/toolchain/bin/../lib/gcc/arm-none-eabi/4.8.4/../../../../arm-none-eabi/lib/armv6-m\libg_s.a(lib_a-sbrkr.o)
 .bss           0x00000000        0x0 c:/freescale/kds_v3/toolchain/bin/../lib/gcc/arm-none-eabi/4.8.4/../../../../arm-none-eabi/lib/armv6-m\libg_s.a(lib_a-sbrkr.o)
 .text._sbrk_r  0x00000000       0x24 c:/freescale/kds_v3/toolchain/bin/../lib/gcc/arm-none-eabi/4.8.4/../../../../arm-none-eabi/lib/armv6-m\libg_s.a(lib_a-sbrkr.o)
 .ARM.attributes
                0x00000000       0x2c c:/freescale/kds_v3/toolchain/bin/../lib/gcc/arm-none-eabi/4.8.4/../../../../arm-none-eabi/lib/armv6-m\libg_s.a(lib_a-sbrkr.o)
 .debug_frame   0x00000000       0x2c c:/freescale/kds_v3/toolchain/bin/../lib/gcc/arm-none-eabi/4.8.4/../../../../arm-none-eabi/lib/armv6-m\libg_s.a(lib_a-sbrkr.o)
 .text          0x00000000        0x0 c:/freescale/kds_v3/toolchain/bin/../lib/gcc/arm-none-eabi/4.8.4/../../../../arm-none-eabi/lib/armv6-m\libg_s.a(lib_a-reent.o)
 .data          0x00000000        0x0 c:/freescale/kds_v3/toolchain/bin/../lib/gcc/arm-none-eabi/4.8.4/../../../../arm-none-eabi/lib/armv6-m\libg_s.a(lib_a-reent.o)
 .bss           0x00000000        0x0 c:/freescale/kds_v3/toolchain/bin/../lib/gcc/arm-none-eabi/4.8.4/../../../../arm-none-eabi/lib/armv6-m\libg_s.a(lib_a-reent.o)
 .text.cleanup_glue
                0x00000000       0x1a c:/freescale/kds_v3/toolchain/bin/../lib/gcc/arm-none-eabi/4.8.4/../../../../arm-none-eabi/lib/armv6-m\libg_s.a(lib_a-reent.o)
 .text._reclaim_reent
                0x00000000       0xcc c:/freescale/kds_v3/toolchain/bin/../lib/gcc/arm-none-eabi/4.8.4/../../../../arm-none-eabi/lib/armv6-m\libg_s.a(lib_a-reent.o)
 .ARM.attributes
                0x00000000       0x2c c:/freescale/kds_v3/toolchain/bin/../lib/gcc/arm-none-eabi/4.8.4/../../../../arm-none-eabi/lib/armv6-m\libg_s.a(lib_a-reent.o)
 .debug_frame   0x00000000       0x48 c:/freescale/kds_v3/toolchain/bin/../lib/gcc/arm-none-eabi/4.8.4/../../../../arm-none-eabi/lib/armv6-m\libg_s.a(lib_a-reent.o)
 COMMON         0x00000000        0x4 c:/freescale/kds_v3/toolchain/bin/../lib/gcc/arm-none-eabi/4.8.4/../../../../arm-none-eabi/lib/armv6-m\libg_s.a(lib_a-reent.o)
 .text          0x00000000        0x0 c:/freescale/kds_v3/toolchain/bin/../lib/gcc/arm-none-eabi/4.8.4/../../../../arm-none-eabi/lib/armv6-m\libnosys.a(sbrk.o)
 .data          0x00000000        0x0 c:/freescale/kds_v3/toolchain/bin/../lib/gcc/arm-none-eabi/4.8.4/../../../../arm-none-eabi/lib/armv6-m\libnosys.a(sbrk.o)
 .bss           0x00000000        0x0 c:/freescale/kds_v3/toolchain/bin/../lib/gcc/arm-none-eabi/4.8.4/../../../../arm-none-eabi/lib/armv6-m\libnosys.a(sbrk.o)
 .text._sbrk    0x00000000       0x34 c:/freescale/kds_v3/toolchain/bin/../lib/gcc/arm-none-eabi/4.8.4/../../../../arm-none-eabi/lib/armv6-m\libnosys.a(sbrk.o)
 .bss.heap_end.4246
                0x00000000        0x4 c:/freescale/kds_v3/toolchain/bin/../lib/gcc/arm-none-eabi/4.8.4/../../../../arm-none-eabi/lib/armv6-m\libnosys.a(sbrk.o)
 .ARM.attributes
                0x00000000       0x2c c:/freescale/kds_v3/toolchain/bin/../lib/gcc/arm-none-eabi/4.8.4/../../../../arm-none-eabi/lib/armv6-m\libnosys.a(sbrk.o)
 .debug_frame   0x00000000       0x20 c:/freescale/kds_v3/toolchain/bin/../lib/gcc/arm-none-eabi/4.8.4/../../../../arm-none-eabi/lib/armv6-m\libnosys.a(sbrk.o)
 .text          0x00000000        0x0 c:/freescale/kds_v3/toolchain/bin/../lib/gcc/arm-none-eabi/4.8.4/../../../../arm-none-eabi/lib/armv6-m\libnosys.a(_exit.o)
 .data          0x00000000        0x0 c:/freescale/kds_v3/toolchain/bin/../lib/gcc/arm-none-eabi/4.8.4/../../../../arm-none-eabi/lib/armv6-m\libnosys.a(_exit.o)
 .bss           0x00000000        0x0 c:/freescale/kds_v3/toolchain/bin/../lib/gcc/arm-none-eabi/4.8.4/../../../../arm-none-eabi/lib/armv6-m\libnosys.a(_exit.o)
 .text          0x00000000        0x0 c:/freescale/kds_v3/toolchain/bin/../lib/gcc/arm-none-eabi/4.8.4/armv6-m/crtend.o
 .data          0x00000000        0x0 c:/freescale/kds_v3/toolchain/bin/../lib/gcc/arm-none-eabi/4.8.4/armv6-m/crtend.o
 .bss           0x00000000        0x0 c:/freescale/kds_v3/toolchain/bin/../lib/gcc/arm-none-eabi/4.8.4/armv6-m/crtend.o
 .eh_frame      0x00000000        0x4 c:/freescale/kds_v3/toolchain/bin/../lib/gcc/arm-none-eabi/4.8.4/armv6-m/crtend.o
 .text          0x00000000        0x0 c:/freescale/kds_v3/toolchain/bin/../lib/gcc/arm-none-eabi/4.8.4/armv6-m/crtn.o
 .data          0x00000000        0x0 c:/freescale/kds_v3/toolchain/bin/../lib/gcc/arm-none-eabi/4.8.4/armv6-m/crtn.o
 .bss           0x00000000        0x0 c:/freescale/kds_v3/toolchain/bin/../lib/gcc/arm-none-eabi/4.8.4/armv6-m/crtn.o

Memory Configuration

Name             Origin             Length             Attributes
m_interrupts     0x00000000         0x00000100         xr
m_flash_config   0x00000400         0x00000010         xr
m_text           0x00000410         0x0001fbf0         xr
m_data           0x1ffff000         0x00004000         rw
*default*        0x00000000         0xffffffff

Linker script and memory map

LOAD c:/freescale/kds_v3/toolchain/bin/../lib/gcc/arm-none-eabi/4.8.4/armv6-m/crti.o
LOAD c:/freescale/kds_v3/toolchain/bin/../lib/gcc/arm-none-eabi/4.8.4/armv6-m/crtbegin.o
LOAD c:/freescale/kds_v3/toolchain/bin/../lib/gcc/arm-none-eabi/4.8.4/../../../../arm-none-eabi/lib/armv6-m/crt0.o
LOAD ./Sources/circbuf.o
LOAD ./Sources/data.o
LOAD ./Sources/logger_q.o
LOAD ./Sources/main.o
LOAD ./Sources/memory.o
LOAD ./Sources/uart.o
LOAD ./Project_Settings/Startup_Code/startup.o
LOAD ./Project_Settings/Startup_Code/startup_MKL25Z4.o
LOAD ./Project_Settings/Startup_Code/system_MKL25Z4.o
LOAD c:/freescale/kds_v3/toolchain/bin/../lib/gcc/arm-none-eabi/4.8.4/../../../../arm-none-eabi/lib/armv6-m\libstdc++_s.a
LOAD c:/freescale/kds_v3/toolchain/bin/../lib/gcc/arm-none-eabi/4.8.4/../../../../arm-none-eabi/lib/armv6-m\libm.a
START GROUP
LOAD c:/freescale/kds_v3/toolchain/bin/../lib/gcc/arm-none-eabi/4.8.4/armv6-m\libgcc.a
LOAD c:/freescale/kds_v3/toolchain/bin/../lib/gcc/arm-none-eabi/4.8.4/../../../../arm-none-eabi/lib/armv6-m\libg_s.a
LOAD c:/freescale/kds_v3/toolchain/bin/../lib/gcc/arm-none-eabi/4.8.4/../../../../arm-none-eabi/lib/armv6-m\libc_s.a
END GROUP
START GROUP
LOAD c:/freescale/kds_v3/toolchain/bin/../lib/gcc/arm-none-eabi/4.8.4/armv6-m\libgcc.a
LOAD c:/freescale/kds_v3/toolchain/bin/../lib/gcc/arm-none-eabi/4.8.4/../../../../arm-none-eabi/lib/armv6-m\libc_s.a
LOAD c:/freescale/kds_v3/toolchain/bin/../lib/gcc/arm-none-eabi/4.8.4/../../../../arm-none-eabi/lib/armv6-m\libnosys.a
END GROUP
START GROUP
LOAD c:/freescale/kds_v3/toolchain/bin/../lib/gcc/arm-none-eabi/4.8.4/armv6-m\libgcc.a
LOAD c:/freescale/kds_v3/toolchain/bin/../lib/gcc/arm-none-eabi/4.8.4/../../../../arm-none-eabi/lib/armv6-m\libc_s.a
LOAD c:/freescale/kds_v3/toolchain/bin/../lib/gcc/arm-none-eabi/4.8.4/../../../../arm-none-eabi/lib/armv6-m\libnosys.a
END GROUP
LOAD c:/freescale/kds_v3/toolchain/bin/../lib/gcc/arm-none-eabi/4.8.4/armv6-m/crtend.o
LOAD c:/freescale/kds_v3/toolchain/bin/../lib/gcc/arm-none-eabi/4.8.4/armv6-m/crtn.o
                0x00000400                HEAP_SIZE = DEFINED (__heap_size__)?__heap_size__:0x400
                0x00000400                STACK_SIZE = DEFINED (__stack_size__)?__stack_size__:0x400
                0x00000000                M_VECTOR_RAM_SIZE = DEFINED (__ram_vector_table__)?0x100:0x0

.interrupts     0x00000000       0xc0
                0x00000000                __VECTOR_TABLE = .
                0x00000000                . = ALIGN (0x4)
 *(.isr_vector)
 .isr_vector    0x00000000       0xc0 ./Project_Settings/Startup_Code/startup_MKL25Z4.o
                0x00000000                __isr_vector
                0x000000c0                . = ALIGN (0x4)

.flash_config   0x00000400       0x10
                0x00000400                . = ALIGN (0x4)
 *(.FlashConfig)
 .FlashConfig   0x00000400       0x10 ./Project_Settings/Startup_Code/startup_MKL25Z4.o
                0x00000410                . = ALIGN (0x4)

.text           0x00000410      0x290
                0x00000410                . = ALIGN (0x4)
 *(.text)
 .text          0x00000410       0x60 c:/freescale/kds_v3/toolchain/bin/../lib/gcc/arm-none-eabi/4.8.4/armv6-m/crtbegin.o
 .text          0x00000470       0x78 c:/freescale/kds_v3/toolchain/bin/../lib/gcc/arm-none-eabi/4.8.4/../../../../arm-none-eabi/lib/armv6-m/crt0.o
                0x00000470                _start
                0x00000470                _mainCRTStartup
 .text          0x000004e8       0x18 ./Project_Settings/Startup_Code/startup_MKL25Z4.o
                0x000004e8                Reset_Handler
                0x000004f8                HardFault_Handler
                0x000004f8                SysTick_Handler
                0x000004f8                PendSV_Handler
                0x000004f8                NMI_Handler
                0x000004f8                I2C1_IRQHandler
                0x000004f8                UART1_IRQHandler
                0x000004f8                DMA2_IRQHandler
                0x000004f8                TPM0_IRQHandler
                0x000004f8                LLWU_IRQHandler
                0x000004f8                TSI0_IRQHandler
                0x000004f8                UART0_IRQHandler
                0x000004f8                ADC0_IRQHandler
                0x000004f8                Reserved39_IRQHandler
                0x000004f8                SPI1_IRQHandler
                0x000004f8                DefaultISR
                0x000004f8                PORTD_IRQHandler
                0x000004f8                TPM2_IRQHandler
                0x000004f8                RTC_IRQHandler
                0x000004f8                I2C0_IRQHandler
                0x000004f8                RTC_Seconds_IRQHandler
                0x000004f8                MCG_IRQHandler
                0x000004f8                UART2_IRQHandler
                0x000004f8                Reserved20_IRQHandler
                0x000004f8                USB0_IRQHandler
                0x000004f8                PIT_IRQHandler
                0x000004f8                SVC_Handler
                0x000004f8                DMA3_IRQHandler
                0x000004f8                DMA0_IRQHandler
                0x000004f8                DAC0_IRQHandler
                0x000004f8                Reserved45_IRQHandler
                0x000004f8                TPM1_IRQHandler
                0x000004f8                LVD_LVW_IRQHandler
                0x000004f8                SPI0_IRQHandler
                0x000004f8                PORTA_IRQHandler
                0x000004f8                FTFA_IRQHandler
                0x000004f8                LPTMR0_IRQHandler
                0x000004f8                CMP0_IRQHandler
                0x000004f8                DMA1_IRQHandler
 *(.text*)
 .text.main     0x00000500       0x14 ./Sources/main.o
                0x00000500                main
 .text.init_data_bss
                0x00000514       0xc8 ./Project_Settings/Startup_Code/startup.o
                0x00000514                init_data_bss
 .text.SystemInit
                0x000005dc       0x18 ./Project_Settings/Startup_Code/system_MKL25Z4.o
                0x000005dc                SystemInit
 .text.exit     0x000005f4       0x2c c:/freescale/kds_v3/toolchain/bin/../lib/gcc/arm-none-eabi/4.8.4/../../../../arm-none-eabi/lib/armv6-m\libg_s.a(lib_a-exit.o)
                0x000005f4                exit
 .text.__libc_init_array
                0x00000620       0x4c c:/freescale/kds_v3/toolchain/bin/../lib/gcc/arm-none-eabi/4.8.4/../../../../arm-none-eabi/lib/armv6-m\libg_s.a(lib_a-init.o)
                0x00000620                __libc_init_array
 .text.memset   0x0000066c       0x10 c:/freescale/kds_v3/toolchain/bin/../lib/gcc/arm-none-eabi/4.8.4/../../../../arm-none-eabi/lib/armv6-m\libg_s.a(lib_a-memset.o)
                0x0000066c                memset
 .text._exit    0x0000067c        0x4 c:/freescale/kds_v3/toolchain/bin/../lib/gcc/arm-none-eabi/4.8.4/../../../../arm-none-eabi/lib/armv6-m\libnosys.a(_exit.o)
                0x0000067c                _exit
 *(.rodata)
 *(.rodata*)
 .rodata.str1.1
                0x00000680        0x2 c:/freescale/kds_v3/toolchain/bin/../lib/gcc/arm-none-eabi/4.8.4/../../../../arm-none-eabi/lib/armv6-m\libg_s.a(lib_a-impure.o)
 *fill*         0x00000682        0x2 
 .rodata._global_impure_ptr
                0x00000684        0x4 c:/freescale/kds_v3/toolchain/bin/../lib/gcc/arm-none-eabi/4.8.4/../../../../arm-none-eabi/lib/armv6-m\libg_s.a(lib_a-impure.o)
                0x00000684                _global_impure_ptr
 *(.glue_7)
 .glue_7        0x00000000        0x0 linker stubs
 *(.glue_7t)
 .glue_7t       0x00000000        0x0 linker stubs
 *(.eh_frame)
 .eh_frame      0x00000688        0x0 c:/freescale/kds_v3/toolchain/bin/../lib/gcc/arm-none-eabi/4.8.4/armv6-m/crtbegin.o
 *(.init)
 .init          0x00000688        0x4 c:/freescale/kds_v3/toolchain/bin/../lib/gcc/arm-none-eabi/4.8.4/armv6-m/crti.o
                0x00000688                _init
 .init          0x0000068c        0x8 c:/freescale/kds_v3/toolchain/bin/../lib/gcc/arm-none-eabi/4.8.4/armv6-m/crtn.o
 *(.fini)
 .fini          0x00000694        0x4 c:/freescale/kds_v3/toolchain/bin/../lib/gcc/arm-none-eabi/4.8.4/armv6-m/crti.o
                0x00000694                _fini
 .fini          0x00000698        0x8 c:/freescale/kds_v3/toolchain/bin/../lib/gcc/arm-none-eabi/4.8.4/armv6-m/crtn.o
                0x000006a0                . = ALIGN (0x4)

.vfp11_veneer   0x000006a0        0x0
 .vfp11_veneer  0x00000000        0x0 linker stubs

.v4_bx          0x000006a0        0x0
 .v4_bx         0x00000000        0x0 linker stubs

.iplt           0x000006a0        0x0
 .iplt          0x00000000        0x0 c:/freescale/kds_v3/toolchain/bin/../lib/gcc/arm-none-eabi/4.8.4/armv6-m/crtbegin.o

.ARM.extab
 *(.ARM.extab* .gnu.linkonce.armextab.*)

.ARM            0x000006a0        0x8
                0x000006a0                __exidx_start = .
 *(.ARM.exidx*)
 .ARM.exidx     0x000006a0        0x8 c:/freescale/kds_v3/toolchain/bin/../lib/gcc/arm-none-eabi/4.8.4/../../../../arm-none-eabi/lib/armv6-m/crt0.o
                0x000006a8                __exidx_end = .

.rel.dyn        0x000006a8        0x0
 .rel.iplt      0x00000000        0x0 c:/freescale/kds_v3/toolchain/bin/../lib/gcc/arm-none-eabi/4.8.4/armv6-m/crtbegin.o

.ctors          0x000006a8        0x0
                0x000006a8                __CTOR_LIST__ = .
 *crtbegin.o(.ctors)
 *crtbegin?.o(.ctors)
 *(EXCLUDE_FILE(*crtend.o *crtend?.o) .ctors)
 *(SORT(.ctors.*))
 *(.ctors)
                0x000006a8                __CTOR_END__ = .

.dtors          0x000006a8        0x0
                0x000006a8                __DTOR_LIST__ = .
 *crtbegin.o(.dtors)
 *crtbegin?.o(.dtors)
 *(EXCLUDE_FILE(*crtend.o *crtend?.o) .dtors)
 *(SORT(.dtors.*))
 *(.dtors)
                0x000006a8                __DTOR_END__ = .

.preinit_array  0x000006a8        0x0
                0x000006a8                PROVIDE (__preinit_array_start, .)
 *(.preinit_array*)
                0x000006a8                PROVIDE (__preinit_array_end, .)

.init_array     0x000006a8        0x4
                0x000006a8                PROVIDE (__init_array_start, .)
 *(SORT(.init_array.*))
 *(.init_array*)
 .init_array    0x000006a8        0x4 c:/freescale/kds_v3/toolchain/bin/../lib/gcc/arm-none-eabi/4.8.4/armv6-m/crtbegin.o
                0x000006ac                PROVIDE (__init_array_end, .)

.fini_array     0x000006ac        0x4
                0x000006ac                PROVIDE (__fini_array_start, .)
 *(SORT(.fini_array.*))
 *(.fini_array*)
 .fini_array    0x000006ac        0x4 c:/freescale/kds_v3/toolchain/bin/../lib/gcc/arm-none-eabi/4.8.4/armv6-m/crtbegin.o
                0x000006b0                PROVIDE (__fini_array_end, .)
                0x000006b0                __etext = .
                0x000006b0                __DATA_ROM = .

.mtb            0x1ffff000        0x0
                0x1ffff000                . = ALIGN (0x8)
                0x1ffff000                _mtb_start = .
 *(.mtb_buf)
                0x1ffff000                . = ALIGN (0x8)
                0x1ffff000                _mtb_end = .

.interrupts_ram
                0x1ffff000        0x0
                0x1ffff000                . = ALIGN (0x4)
                0x1ffff000                __VECTOR_RAM__ = .
                0x1ffff000                __interrupts_ram_start__ = .
 *(.m_interrupts_ram)
                0x1ffff000                . = (. + M_VECTOR_RAM_SIZE)
                0x1ffff000                . = ALIGN (0x4)
                0x1ffff000                __interrupts_ram_end__ = .
                0x00000000                __VECTOR_RAM = DEFINED (__ram_vector_table__)?__VECTOR_RAM__:ORIGIN (m_interrupts)
                0x00000000                __RAM_VECTOR_TABLE_SIZE_BYTES = DEFINED (__ram_vector_table__)?(__interrupts_ram_end__ - __interrupts_ram_start__):0x0

.data           0x1ffff000       0x64 load address 0x000006b0
                0x1ffff000                . = ALIGN (0x4)
                0x1ffff000                __DATA_RAM = .
                0x1ffff000                __data_start__ = .
 *(.data)
 *(.data*)
 .data.impure_data
                0x1ffff000       0x60 c:/freescale/kds_v3/toolchain/bin/../lib/gcc/arm-none-eabi/4.8.4/../../../../arm-none-eabi/lib/armv6-m\libg_s.a(lib_a-impure.o)
 *(.jcr*)
 .jcr           0x1ffff060        0x0 c:/freescale/kds_v3/toolchain/bin/../lib/gcc/arm-none-eabi/4.8.4/armv6-m/crtbegin.o
 .jcr           0x1ffff060        0x4 c:/freescale/kds_v3/toolchain/bin/../lib/gcc/arm-none-eabi/4.8.4/armv6-m/crtend.o
                0x1ffff064                . = ALIGN (0x4)
                0x1ffff064                __data_end__ = .
                0x00000714                __DATA_END = (__DATA_ROM + (__data_end__ - __data_start__))
                0x00020000                text_end = (ORIGIN (m_text) + 0x1fbf0)
                0x00000001                ASSERT ((__DATA_END <= text_end), region m_text overflowed with text and data)

.igot.plt       0x1ffff064        0x0 load address 0x00000714
 .igot.plt      0x00000000        0x0 c:/freescale/kds_v3/toolchain/bin/../lib/gcc/arm-none-eabi/4.8.4/armv6-m/crtbegin.o

.bss            0x1ffff064       0x20 load address 0x00000714
                0x1ffff064                . = ALIGN (0x4)
                0x1ffff064                __START_BSS = .
                0x1ffff064                __bss_start__ = .
 *(.bss)
 .bss           0x1ffff064       0x1c c:/freescale/kds_v3/toolchain/bin/../lib/gcc/arm-none-eabi/4.8.4/armv6-m/crtbegin.o
 *(.bss*)
 .bss.i         0x1ffff080        0x4 ./Sources/main.o
 *(COMMON)
                0x1ffff084                . = ALIGN (0x4)
                0x1ffff084                __bss_end__ = .
                0x1ffff084                __END_BSS = .

.heap           0x1ffff084      0x404 load address 0x00000734
                0x1ffff088                . = ALIGN (0x8)
 *fill*         0x1ffff084        0x4 
                0x1ffff088                __end__ = .
                0x1ffff088                PROVIDE (end, .)
                0x1ffff088                __HeapBase = .
                0x1ffff488                . = (. + HEAP_SIZE)
 *fill*         0x1ffff088      0x400 
                0x1ffff488                __HeapLimit = .

.stack          0x1ffff488      0x400 load address 0x00000b38
                0x1ffff488                . = ALIGN (0x8)
                0x1ffff888                . = (. + STACK_SIZE)
 *fill*         0x1ffff488      0x400 
                0x20003000                __StackTop = (ORIGIN (m_data) + 0x4000)
                0x20002c00                __StackLimit = (__StackTop - STACK_SIZE)
                0x20003000                PROVIDE (__stack, __StackTop)

.ARM.attributes
                0x00000000       0x28
 *(.ARM.attributes)
 .ARM.attributes
                0x00000000       0x1e c:/freescale/kds_v3/toolchain/bin/../lib/gcc/arm-none-eabi/4.8.4/armv6-m/crti.o
 .ARM.attributes
                0x0000001e       0x2c c:/freescale/kds_v3/toolchain/bin/../lib/gcc/arm-none-eabi/4.8.4/armv6-m/crtbegin.o
 .ARM.attributes
                0x0000004a       0x1b c:/freescale/kds_v3/toolchain/bin/../lib/gcc/arm-none-eabi/4.8.4/../../../../arm-none-eabi/lib/armv6-m/crt0.o
 .ARM.attributes
                0x00000065       0x32 ./Sources/main.o
 .ARM.attributes
                0x00000097       0x32 ./Project_Settings/Startup_Code/startup.o
 .ARM.attributes
                0x000000c9       0x1b ./Project_Settings/Startup_Code/startup_MKL25Z4.o
 .ARM.attributes
                0x000000e4       0x32 ./Project_Settings/Startup_Code/system_MKL25Z4.o
 .ARM.attributes
                0x00000116       0x2c c:/freescale/kds_v3/toolchain/bin/../lib/gcc/arm-none-eabi/4.8.4/../../../../arm-none-eabi/lib/armv6-m\libg_s.a(lib_a-exit.o)
 .ARM.attributes
                0x00000142       0x2c c:/freescale/kds_v3/toolchain/bin/../lib/gcc/arm-none-eabi/4.8.4/../../../../arm-none-eabi/lib/armv6-m\libg_s.a(lib_a-impure.o)
 .ARM.attributes
                0x0000016e       0x2c c:/freescale/kds_v3/toolchain/bin/../lib/gcc/arm-none-eabi/4.8.4/../../../../arm-none-eabi/lib/armv6-m\libg_s.a(lib_a-init.o)
 .ARM.attributes
                0x0000019a       0x2c c:/freescale/kds_v3/toolchain/bin/../lib/gcc/arm-none-eabi/4.8.4/../../../../arm-none-eabi/lib/armv6-m\libg_s.a(lib_a-memset.o)
 .ARM.attributes
                0x000001c6       0x2c c:/freescale/kds_v3/toolchain/bin/../lib/gcc/arm-none-eabi/4.8.4/../../../../arm-none-eabi/lib/armv6-m\libnosys.a(_exit.o)
 .ARM.attributes
                0x000001f2       0x2c c:/freescale/kds_v3/toolchain/bin/../lib/gcc/arm-none-eabi/4.8.4/armv6-m/crtend.o
 .ARM.attributes
                0x0000021e       0x1e c:/freescale/kds_v3/toolchain/bin/../lib/gcc/arm-none-eabi/4.8.4/armv6-m/crtn.o
                0x00000001                ASSERT ((__StackLimit >= __HeapLimit), region m_data overflowed with stack and heap)
OUTPUT(CircularBufferEnhancements.elf elf32-littlearm)

.debug_info     0x00000000      0x7c4
 .debug_info    0x00000000       0xa2 ./Sources/main.o
 .debug_info    0x000000a2      0x296 ./Project_Settings/Startup_Code/startup.o
 .debug_info    0x00000338       0x98 ./Project_Settings/Startup_Code/startup_MKL25Z4.o
 .debug_info    0x000003d0      0x3f4 ./Project_Settings/Startup_Code/system_MKL25Z4.o

.debug_abbrev   0x00000000      0x25c
 .debug_abbrev  0x00000000       0x56 ./Sources/main.o
 .debug_abbrev  0x00000056       0xe9 ./Project_Settings/Startup_Code/startup.o
 .debug_abbrev  0x0000013f       0x14 ./Project_Settings/Startup_Code/startup_MKL25Z4.o
 .debug_abbrev  0x00000153      0x109 ./Project_Settings/Startup_Code/system_MKL25Z4.o

.debug_aranges  0x00000000       0x88
 .debug_aranges
                0x00000000       0x20 ./Sources/main.o
 .debug_aranges
                0x00000020       0x20 ./Project_Settings/Startup_Code/startup.o
 .debug_aranges
                0x00000040       0x20 ./Project_Settings/Startup_Code/startup_MKL25Z4.o
 .debug_aranges
                0x00000060       0x28 ./Project_Settings/Startup_Code/system_MKL25Z4.o

.debug_ranges   0x00000000       0x38
 .debug_ranges  0x00000000       0x10 ./Sources/main.o
 .debug_ranges  0x00000010       0x10 ./Project_Settings/Startup_Code/startup.o
 .debug_ranges  0x00000020       0x18 ./Project_Settings/Startup_Code/system_MKL25Z4.o

.debug_macro    0x00000000     0x8d96
 .debug_macro   0x00000000      0x15d ./Sources/main.o
 .debug_macro   0x0000015d       0x11 ./Sources/main.o
 .debug_macro   0x0000016e      0x10e ./Sources/main.o
 .debug_macro   0x0000027c       0x7f ./Sources/main.o
 .debug_macro   0x000002fb       0x7c ./Sources/main.o
 .debug_macro   0x00000377     0x7658 ./Sources/main.o
 .debug_macro   0x000079cf     0x1108 ./Sources/main.o
 .debug_macro   0x00008ad7      0x167 ./Project_Settings/Startup_Code/startup.o
 .debug_macro   0x00008c3e      0x158 ./Project_Settings/Startup_Code/system_MKL25Z4.o

.debug_line     0x00000000      0xa41
 .debug_line    0x00000000      0x31e ./Sources/main.o
 .debug_line    0x0000031e      0x34b ./Project_Settings/Startup_Code/startup.o
 .debug_line    0x00000669       0x6c ./Project_Settings/Startup_Code/startup_MKL25Z4.o
 .debug_line    0x000006d5      0x36c ./Project_Settings/Startup_Code/system_MKL25Z4.o

.debug_str      0x00000000    0x9b913
 .debug_str     0x00000000    0x9b662 ./Sources/main.o
                              0x9bb39 (size before relaxing)
 .debug_str     0x0009b662      0x144 ./Project_Settings/Startup_Code/startup.o
                              0x9bc77 (size before relaxing)
 .debug_str     0x0009b7a6      0x16d ./Project_Settings/Startup_Code/system_MKL25Z4.o
                              0x9bcbe (size before relaxing)

.comment        0x00000000       0x70
 .comment       0x00000000       0x70 ./Sources/main.o
                                 0x71 (size before relaxing)
 .comment       0x00000000       0x71 ./Project_Settings/Startup_Code/startup.o
 .comment       0x00000000       0x71 ./Project_Settings/Startup_Code/system_MKL25Z4.o

.debug_frame    0x00000000      0x13c
 .debug_frame   0x00000000       0x2c ./Sources/main.o
 .debug_frame   0x0000002c       0x30 ./Project_Settings/Startup_Code/startup.o
 .debug_frame   0x0000005c       0x4c ./Project_Settings/Startup_Code/system_MKL25Z4.o
 .debug_frame   0x000000a8       0x28 c:/freescale/kds_v3/toolchain/bin/../lib/gcc/arm-none-eabi/4.8.4/../../../../arm-none-eabi/lib/armv6-m\libg_s.a(lib_a-exit.o)
 .debug_frame   0x000000d0       0x2c c:/freescale/kds_v3/toolchain/bin/../lib/gcc/arm-none-eabi/4.8.4/../../../../arm-none-eabi/lib/armv6-m\libg_s.a(lib_a-init.o)
 .debug_frame   0x000000fc       0x20 c:/freescale/kds_v3/toolchain/bin/../lib/gcc/arm-none-eabi/4.8.4/../../../../arm-none-eabi/lib/armv6-m\libg_s.a(lib_a-memset.o)
 .debug_frame   0x0000011c       0x20 c:/freescale/kds_v3/toolchain/bin/../lib/gcc/arm-none-eabi/4.8.4/../../../../arm-none-eabi/lib/armv6-m\libnosys.a(_exit.o)
